# N=13 spread survey (subprocess, hard wall 75.0s): 80 words x 3 3-x3 masks. Any SAT => optimum > 586.
  UNSAT     yuppiecultuur mask=(0, 1, 2, 6, 10, 11, 12) (7s)
  UNSAT     yuppiecultuur mask=(0, 1, 3, 6, 9, 11, 12) (7s)
  UNSAT     yuppiecultuur mask=(0, 1, 5, 6, 7, 11, 12) (7s)
  UNSAT     yoghurtcupjes mask=(0, 1, 2, 6, 10, 11, 12) (7s)
  UNSAT     yoghurtcupjes mask=(0, 1, 3, 6, 9, 11, 12) (7s)
  UNSAT     yoghurtcupjes mask=(0, 1, 5, 6, 7, 11, 12) (7s)
  UNSAT     yoghurtkuipje mask=(0, 1, 2, 6, 10, 11, 12) (7s)
  UNSAT     yoghurtkuipje mask=(0, 1, 3, 6, 9, 11, 12) (7s)
  UNSAT     yoghurtkuipje mask=(0, 1, 5, 6, 7, 11, 12) (7s)
  NOCAND    campingcheque mask=(0, 1, 2, 6, 10, 11, 12) (3s)
  UNSAT     campingcheque mask=(0, 1, 3, 6, 9, 11, 12) (7s)
  UNSAT     campingcheque mask=(0, 1, 5, 6, 7, 11, 12) (7s)
  TIMEOUT   hiphopchickje mask=(0, 1, 2, 6, 10, 11, 12) (75s)
  TIMEOUT   hiphopchickje mask=(0, 1, 3, 6, 9, 11, 12) (75s)
  UNSAT     hiphopchickje mask=(0, 1, 5, 6, 7, 11, 12) (7s)
  UNSAT     yoghurtachtig mask=(0, 1, 2, 6, 10, 11, 12) (7s)
  UNSAT     yoghurtachtig mask=(0, 1, 3, 6, 9, 11, 12) (7s)
  UNSAT     yoghurtachtig mask=(0, 1, 5, 6, 7, 11, 12) (7s)
  UNSAT     gehuighockeyd mask=(0, 1, 2, 6, 10, 11, 12) (7s)
  UNSAT     gehuighockeyd mask=(0, 1, 3, 6, 9, 11, 12) (7s)
  UNSAT     gehuighockeyd mask=(0, 1, 5, 6, 7, 11, 12) (7s)
  UNSAT     natuurquizjes mask=(0, 1, 2, 6, 10, 11, 12) (7s)
  UNSAT     natuurquizjes mask=(0, 1, 3, 6, 9, 11, 12) (7s)
  UNSAT     natuurquizjes mask=(0, 1, 5, 6, 7, 11, 12) (7s)
  UNSAT     varkenscyclus mask=(0, 1, 2, 6, 10, 11, 12) (7s)
  UNSAT     varkenscyclus mask=(0, 1, 3, 6, 9, 11, 12) (7s)
  UNSAT     varkenscyclus mask=(0, 1, 5, 6, 7, 11, 12) (7s)
  UNSAT     jujubevormpje mask=(0, 1, 2, 6, 10, 11, 12) (7s)
  UNSAT     jujubevormpje mask=(0, 1, 3, 6, 9, 11, 12) (7s)
  UNSAT     jujubevormpje mask=(0, 1, 5, 6, 7, 11, 12) (7s)
  UNSAT     countryclubje mask=(0, 1, 2, 6, 10, 11, 12) (7s)
  UNSAT     countryclubje mask=(0, 1, 3, 6, 9, 11, 12) (7s)
  UNSAT     countryclubje mask=(0, 1, 5, 6, 7, 11, 12) (7s)
  UNSAT     struikcultuur mask=(0, 1, 2, 6, 10, 11, 12) (7s)
  UNSAT     struikcultuur mask=(0, 1, 3, 6, 9, 11, 12) (7s)
  UNSAT     struikcultuur mask=(0, 1, 5, 6, 7, 11, 12) (7s)
  UNSAT     rubbercultuur mask=(0, 1, 2, 6, 10, 11, 12) (7s)
  UNSAT     rubbercultuur mask=(0, 1, 3, 6, 9, 11, 12) (7s)
  UNSAT     rubbercultuur mask=(0, 1, 5, 6, 7, 11, 12) (7s)
  UNSAT     burgercultuur mask=(0, 1, 2, 6, 10, 11, 12) (7s)
  UNSAT     burgercultuur mask=(0, 1, 3, 6, 9, 11, 12) (7s)
  UNSAT     burgercultuur mask=(0, 1, 5, 6, 7, 11, 12) (7s)
  UNSAT     burgerjurytje mask=(0, 1, 2, 6, 10, 11, 12) (7s)
  UNSAT     burgerjurytje mask=(0, 1, 3, 6, 9, 11, 12) (7s)
  UNSAT     burgerjurytje mask=(0, 1, 5, 6, 7, 11, 12) (7s)
  UNSAT     yoghurtcakeje mask=(0, 1, 2, 6, 10, 11, 12) (7s)
  UNSAT     yoghurtcakeje mask=(0, 1, 3, 6, 9, 11, 12) (7s)
  UNSAT     yoghurtcakeje mask=(0, 1, 5, 6, 7, 11, 12) (7s)
  TIMEOUT   yuppiewijkjes mask=(0, 1, 2, 6, 10, 11, 12) (75s)
  UNSAT     yuppiewijkjes mask=(0, 1, 3, 6, 9, 11, 12) (7s)
  UNSAT     yuppiewijkjes mask=(0, 1, 5, 6, 7, 11, 12) (7s)
  TIMEOUT   yuppenwijkjes mask=(0, 1, 2, 6, 10, 11, 12) (75s)
  UNSAT     yuppenwijkjes mask=(0, 1, 3, 6, 9, 11, 12) (7s)
  UNSAT     yuppenwijkjes mask=(0, 1, 5, 6, 7, 11, 12) (7s)
  UNSAT     natuurquizzen mask=(0, 1, 2, 6, 10, 11, 12) (7s)
  UNSAT     natuurquizzen mask=(0, 1, 3, 6, 9, 11, 12) (7s)
  UNSAT     natuurquizzen mask=(0, 1, 5, 6, 7, 11, 12) (7s)
  UNSAT     campingvlucht mask=(0, 1, 2, 6, 10, 11, 12) (7s)
  UNSAT     campingvlucht mask=(0, 1, 3, 6, 9, 11, 12) (7s)
  UNSAT     campingvlucht mask=(0, 1, 5, 6, 7, 11, 12) (7s)
  NOCAND    quarkexpertje mask=(0, 1, 2, 6, 10, 11, 12) (3s)
  NOCAND    quarkexpertje mask=(0, 1, 3, 6, 9, 11, 12) (3s)
  NOCAND    quarkexpertje mask=(0, 1, 5, 6, 7, 11, 12) (3s)
  UNSAT     yoghurtsausje mask=(0, 1, 2, 6, 10, 11, 12) (7s)
  UNSAT     yoghurtsausje mask=(0, 1, 3, 6, 9, 11, 12) (7s)
  UNSAT     yoghurtsausje mask=(0, 1, 5, 6, 7, 11, 12) (7s)
  UNSAT     yoghurtpakjes mask=(0, 1, 2, 6, 10, 11, 12) (7s)
  UNSAT     yoghurtpakjes mask=(0, 1, 3, 6, 9, 11, 12) (7s)
  UNSAT     yoghurtpakjes mask=(0, 1, 5, 6, 7, 11, 12) (7s)
  UNSAT     yoghurtijsjes mask=(0, 1, 2, 6, 10, 11, 12) (7s)
  UNSAT     yoghurtijsjes mask=(0, 1, 3, 6, 9, 11, 12) (7s)
  UNSAT     yoghurtijsjes mask=(0, 1, 5, 6, 7, 11, 12) (7s)
  UNSAT     natuuryoghurt mask=(0, 1, 2, 6, 10, 11, 12) (7s)
  UNSAT     natuuryoghurt mask=(0, 1, 3, 6, 9, 11, 12) (7s)
  UNSAT     natuuryoghurt mask=(0, 1, 5, 6, 7, 11, 12) (7s)
  UNSAT     computeraccus mask=(0, 1, 2, 6, 10, 11, 12) (7s)
  TIMEOUT   computeraccus mask=(0, 1, 3, 6, 9, 11, 12) (75s)
  UNSAT     computeraccus mask=(0, 1, 5, 6, 7, 11, 12) (7s)
  UNSAT     yoghurtsnacks mask=(0, 1, 2, 6, 10, 11, 12) (7s)
  UNSAT     yoghurtsnacks mask=(0, 1, 3, 6, 9, 11, 12) (8s)
  UNSAT     yoghurtsnacks mask=(0, 1, 5, 6, 7, 11, 12) (8s)
  UNSAT     stuurplechtje mask=(0, 1, 2, 6, 10, 11, 12) (8s)
  UNSAT     stuurplechtje mask=(0, 1, 3, 6, 9, 11, 12) (8s)
  UNSAT     stuurplechtje mask=(0, 1, 5, 6, 7, 11, 12) (8s)
  UNSAT     gebuikschuifd mask=(0, 1, 2, 6, 10, 11, 12) (8s)
  UNSAT     gebuikschuifd mask=(0, 1, 3, 6, 9, 11, 12) (8s)
  TIMEOUT   gebuikschuifd mask=(0, 1, 5, 6, 7, 11, 12) (75s)
  TIMEOUT   figuurzwemmer mask=(0, 1, 2, 6, 10, 11, 12) (75s)
  UNSAT     figuurzwemmer mask=(0, 1, 3, 6, 9, 11, 12) (7s)
  UNSAT     figuurzwemmer mask=(0, 1, 5, 6, 7, 11, 12) (7s)
  UNSAT     computerhypes mask=(0, 1, 2, 6, 10, 11, 12) (7s)
  UNSAT     computerhypes mask=(0, 1, 3, 6, 9, 11, 12) (7s)
  UNSAT     computerhypes mask=(0, 1, 5, 6, 7, 11, 12) (7s)
  UNSAT     verkoopquotum mask=(0, 1, 2, 6, 10, 11, 12) (7s)
  UNSAT     verkoopquotum mask=(0, 1, 3, 6, 9, 11, 12) (7s)
  NOCAND    verkoopquotum mask=(0, 1, 5, 6, 7, 11, 12) (3s)
  UNSAT     uitgeefcowboy mask=(0, 1, 2, 6, 10, 11, 12) (7s)
  UNSAT     uitgeefcowboy mask=(0, 1, 3, 6, 9, 11, 12) (7s)
  UNSAT     uitgeefcowboy mask=(0, 1, 5, 6, 7, 11, 12) (7s)
  UNSAT     suikerquotums mask=(0, 1, 2, 6, 10, 11, 12) (7s)
  UNSAT     suikerquotums mask=(0, 1, 3, 6, 9, 11, 12) (7s)
  UNSAT     suikerquotums mask=(0, 1, 5, 6, 7, 11, 12) (7s)
  UNSAT     krukgewichtje mask=(0, 1, 2, 6, 10, 11, 12) (7s)
  UNSAT     krukgewichtje mask=(0, 1, 3, 6, 9, 11, 12) (7s)
  UNSAT     krukgewichtje mask=(0, 1, 5, 6, 7, 11, 12) (7s)
  UNSAT     jongejuffrouw mask=(0, 1, 2, 6, 10, 11, 12) (7s)
  UNSAT     jongejuffrouw mask=(0, 1, 3, 6, 9, 11, 12) (7s)
  UNSAT     jongejuffrouw mask=(0, 1, 5, 6, 7, 11, 12) (7s)
  TIMEOUT   burgerchickje mask=(0, 1, 2, 6, 10, 11, 12) (75s)
  TIMEOUT   burgerchickje mask=(0, 1, 3, 6, 9, 11, 12) (75s)
  UNSAT     burgerchickje mask=(0, 1, 5, 6, 7, 11, 12) (7s)
  UNSAT     houtrecycling mask=(0, 1, 2, 6, 10, 11, 12) (7s)
  UNSAT     houtrecycling mask=(0, 1, 3, 6, 9, 11, 12) (7s)
  UNSAT     houtrecycling mask=(0, 1, 5, 6, 7, 11, 12) (7s)
  UNSAT     houtrecyclage mask=(0, 1, 2, 6, 10, 11, 12) (7s)
  UNSAT     houtrecyclage mask=(0, 1, 3, 6, 9, 11, 12) (7s)
  UNSAT     houtrecyclage mask=(0, 1, 5, 6, 7, 11, 12) (7s)
  UNSAT     vuurgevechtje mask=(0, 1, 2, 6, 10, 11, 12) (7s)
  UNSAT     vuurgevechtje mask=(0, 1, 3, 6, 9, 11, 12) (7s)
  UNSAT     vuurgevechtje mask=(0, 1, 5, 6, 7, 11, 12) (7s)
  UNSAT     chartervlucht mask=(0, 1, 2, 6, 10, 11, 12) (7s)
  UNSAT     chartervlucht mask=(0, 1, 3, 6, 9, 11, 12) (7s)
  UNSAT     chartervlucht mask=(0, 1, 5, 6, 7, 11, 12) (7s)
  UNSAT     quebrachootje mask=(0, 1, 2, 6, 10, 11, 12) (7s)
  TIMEOUT   quebrachootje mask=(0, 1, 3, 6, 9, 11, 12) (75s)
  UNSAT     quebrachootje mask=(0, 1, 5, 6, 7, 11, 12) (7s)
  TIMEOUT   kajuitjachtje mask=(0, 1, 2, 6, 10, 11, 12) (75s)
  UNSAT     kajuitjachtje mask=(0, 1, 3, 6, 9, 11, 12) (7s)
  UNSAT     kajuitjachtje mask=(0, 1, 5, 6, 7, 11, 12) (7s)
  UNSAT     chihuahuaatje mask=(0, 1, 2, 6, 10, 11, 12) (7s)
  UNSAT     chihuahuaatje mask=(0, 1, 3, 6, 9, 11, 12) (7s)
  UNSAT     chihuahuaatje mask=(0, 1, 5, 6, 7, 11, 12) (7s)
  UNSAT     yoghurtshakes mask=(0, 1, 2, 6, 10, 11, 12) (7s)
  UNSAT     yoghurtshakes mask=(0, 1, 3, 6, 9, 11, 12) (7s)
  UNSAT     yoghurtshakes mask=(0, 1, 5, 6, 7, 11, 12) (7s)
  UNSAT     yoghurtsauzen mask=(0, 1, 2, 6, 10, 11, 12) (7s)
  UNSAT     yoghurtsauzen mask=(0, 1, 3, 6, 9, 11, 12) (7s)
  UNSAT     yoghurtsauzen mask=(0, 1, 5, 6, 7, 11, 12) (7s)
  UNSAT     yoghurtfirmas mask=(0, 1, 2, 6, 10, 11, 12) (7s)
  UNSAT     yoghurtfirmas mask=(0, 1, 3, 6, 9, 11, 12) (7s)
  UNSAT     yoghurtfirmas mask=(0, 1, 5, 6, 7, 11, 12) (7s)
  UNSAT     suikercultuur mask=(0, 1, 2, 6, 10, 11, 12) (7s)
  UNSAT     suikercultuur mask=(0, 1, 3, 6, 9, 11, 12) (7s)
  UNSAT     suikercultuur mask=(0, 1, 5, 6, 7, 11, 12) (7s)
  UNSAT     jujubevormigs mask=(0, 1, 2, 6, 10, 11, 12) (7s)
  UNSAT     jujubevormigs mask=(0, 1, 3, 6, 9, 11, 12) (7s)
  UNSAT     jujubevormigs mask=(0, 1, 5, 6, 7, 11, 12) (7s)
  TIMEOUT   figuurstukjes mask=(0, 1, 2, 6, 10, 11, 12) (75s)
  UNSAT     figuurstukjes mask=(0, 1, 3, 6, 9, 11, 12) (7s)
  UNSAT     figuurstukjes mask=(0, 1, 5, 6, 7, 11, 12) (7s)
  UNSAT     steppelynxjes mask=(0, 1, 2, 6, 10, 11, 12) (7s)
  NOCAND    steppelynxjes mask=(0, 1, 3, 6, 9, 11, 12) (3s)
  UNSAT     steppelynxjes mask=(0, 1, 5, 6, 7, 11, 12) (7s)
  UNSAT     zuigreflexjes mask=(0, 1, 2, 6, 10, 11, 12) (7s)
  NOCAND    zuigreflexjes mask=(0, 1, 3, 6, 9, 11, 12) (3s)
  UNSAT     zuigreflexjes mask=(0, 1, 5, 6, 7, 11, 12) (7s)
  UNSAT     kurkbuffertje mask=(0, 1, 2, 6, 10, 11, 12) (7s)
  UNSAT     kurkbuffertje mask=(0, 1, 3, 6, 9, 11, 12) (7s)
  UNSAT     kurkbuffertje mask=(0, 1, 5, 6, 7, 11, 12) (7s)
  TIMEOUT   hiphopchickie mask=(0, 1, 2, 6, 10, 11, 12) (75s)
  TIMEOUT   hiphopchickie mask=(0, 1, 3, 6, 9, 11, 12) (75s)
  UNSAT     hiphopchickie mask=(0, 1, 5, 6, 7, 11, 12) (7s)
  UNSAT     zakuurwerkjes mask=(0, 1, 2, 6, 10, 11, 12) (7s)
  UNSAT     zakuurwerkjes mask=(0, 1, 3, 6, 9, 11, 12) (7s)
  UNSAT     zakuurwerkjes mask=(0, 1, 5, 6, 7, 11, 12) (7s)
  UNSAT     verhaalschuld mask=(0, 1, 2, 6, 10, 11, 12) (7s)
  UNSAT     verhaalschuld mask=(0, 1, 3, 6, 9, 11, 12) (7s)
  UNSAT     verhaalschuld mask=(0, 1, 5, 6, 7, 11, 12) (7s)
  UNSAT     subjunctiefje mask=(0, 1, 2, 6, 10, 11, 12) (7s)
  UNSAT     subjunctiefje mask=(0, 1, 3, 6, 9, 11, 12) (7s)
  UNSAT     subjunctiefje mask=(0, 1, 5, 6, 7, 11, 12) (7s)
  TIMEOUT   hakhoutwoudje mask=(0, 1, 2, 6, 10, 11, 12) (75s)
  UNSAT     hakhoutwoudje mask=(0, 1, 3, 6, 9, 11, 12) (7s)
  UNSAT     hakhoutwoudje mask=(0, 1, 5, 6, 7, 11, 12) (7s)
  UNSAT     grijpklauwtje mask=(0, 1, 2, 6, 10, 11, 12) (7s)
  UNSAT     grijpklauwtje mask=(0, 1, 3, 6, 9, 11, 12) (7s)
  UNSAT     grijpklauwtje mask=(0, 1, 5, 6, 7, 11, 12) (7s)
  UNSAT     futurologisch mask=(0, 1, 2, 6, 10, 11, 12) (7s)
  UNSAT     futurologisch mask=(0, 1, 3, 6, 9, 11, 12) (7s)
  UNSAT     futurologisch mask=(0, 1, 5, 6, 7, 11, 12) (7s)
  TIMEOUT   figuurzwemmen mask=(0, 1, 2, 6, 10, 11, 12) (75s)
  UNSAT     figuurzwemmen mask=(0, 1, 3, 6, 9, 11, 12) (7s)
  UNSAT     figuurzwemmen mask=(0, 1, 5, 6, 7, 11, 12) (7s)
  UNSAT     figuurgedicht mask=(0, 1, 2, 6, 10, 11, 12) (7s)
  UNSAT     figuurgedicht mask=(0, 1, 3, 6, 9, 11, 12) (7s)
  UNSAT     figuurgedicht mask=(0, 1, 5, 6, 7, 11, 12) (7s)
  UNSAT     debuutmatchje mask=(0, 1, 2, 6, 10, 11, 12) (7s)
  TIMEOUT   debuutmatchje mask=(0, 1, 3, 6, 9, 11, 12) (75s)
  UNSAT     debuutmatchje mask=(0, 1, 5, 6, 7, 11, 12) (7s)
  UNSAT     yuppieachtigs mask=(0, 1, 2, 6, 10, 11, 12) (7s)
  UNSAT     yuppieachtigs mask=(0, 1, 3, 6, 9, 11, 12) (7s)
  UNSAT     yuppieachtigs mask=(0, 1, 5, 6, 7, 11, 12) (7s)
  UNSAT     trombolyticum mask=(0, 1, 2, 6, 10, 11, 12) (7s)
  UNSAT     trombolyticum mask=(0, 1, 3, 6, 9, 11, 12) (7s)
  UNSAT     trombolyticum mask=(0, 1, 5, 6, 7, 11, 12) (7s)
  UNSAT     huighockeyend mask=(0, 1, 2, 6, 10, 11, 12) (7s)
  UNSAT     huighockeyend mask=(0, 1, 3, 6, 9, 11, 12) (7s)
  UNSAT     huighockeyend mask=(0, 1, 5, 6, 7, 11, 12) (7s)
  UNSAT     huighockeyden mask=(0, 1, 2, 6, 10, 11, 12) (7s)
  UNSAT     huighockeyden mask=(0, 1, 3, 6, 9, 11, 12) (7s)
  UNSAT     huighockeyden mask=(0, 1, 5, 6, 7, 11, 12) (7s)
  UNSAT     vorkheftrucks mask=(0, 1, 2, 6, 10, 11, 12) (7s)
  UNSAT     vorkheftrucks mask=(0, 1, 3, 6, 9, 11, 12) (7s)
  UNSAT     vorkheftrucks mask=(0, 1, 5, 6, 7, 11, 12) (7s)
  UNSAT     hoogbouwbuurt mask=(0, 1, 2, 6, 10, 11, 12) (7s)
  UNSAT     hoogbouwbuurt mask=(0, 1, 3, 6, 9, 11, 12) (7s)
  UNSAT     hoogbouwbuurt mask=(0, 1, 5, 6, 7, 11, 12) (7s)
  UNSAT     hippiecultuur mask=(0, 1, 2, 6, 10, 11, 12) (7s)
  UNSAT     hippiecultuur mask=(0, 1, 3, 6, 9, 11, 12) (7s)
  UNSAT     hippiecultuur mask=(0, 1, 5, 6, 7, 11, 12) (7s)
  UNSAT     houtparenchym mask=(0, 1, 2, 6, 10, 11, 12) (7s)
  TIMEOUT   houtparenchym mask=(0, 1, 3, 6, 9, 11, 12) (75s)
  UNSAT     houtparenchym mask=(0, 1, 5, 6, 7, 11, 12) (7s)
  TIMEOUT   natuurwachtje mask=(0, 1, 2, 6, 10, 11, 12) (75s)
  UNSAT     natuurwachtje mask=(0, 1, 3, 6, 9, 11, 12) (7s)
  UNSAT     natuurwachtje mask=(0, 1, 5, 6, 7, 11, 12) (7s)
  UNSAT     hiphopcircuit mask=(0, 1, 2, 6, 10, 11, 12) (7s)
  UNSAT     hiphopcircuit mask=(0, 1, 3, 6, 9, 11, 12) (7s)
  UNSAT     hiphopcircuit mask=(0, 1, 5, 6, 7, 11, 12) (7s)
  UNSAT     minimumquotum mask=(0, 1, 2, 6, 10, 11, 12) (7s)
  UNSAT     minimumquotum mask=(0, 1, 3, 6, 9, 11, 12) (7s)
  NOCAND    minimumquotum mask=(0, 1, 5, 6, 7, 11, 12) (3s)
  UNSAT     wijkgebouwtje mask=(0, 1, 2, 6, 10, 11, 12) (7s)
  UNSAT     wijkgebouwtje mask=(0, 1, 3, 6, 9, 11, 12) (7s)
  UNSAT     wijkgebouwtje mask=(0, 1, 5, 6, 7, 11, 12) (7s)
  UNSAT     mutahhuwelijk mask=(0, 1, 2, 6, 10, 11, 12) (7s)
  UNSAT     mutahhuwelijk mask=(0, 1, 3, 6, 9, 11, 12) (7s)
  UNSAT     mutahhuwelijk mask=(0, 1, 5, 6, 7, 11, 12) (7s)
  UNSAT     chipmolochjes mask=(0, 1, 2, 6, 10, 11, 12) (7s)
  UNSAT     chipmolochjes mask=(0, 1, 3, 6, 9, 11, 12) (7s)
  UNSAT     chipmolochjes mask=(0, 1, 5, 6, 7, 11, 12) (7s)
  TIMEOUT   burgerwachtje mask=(0, 1, 2, 6, 10, 11, 12) (75s)
  UNSAT     burgerwachtje mask=(0, 1, 3, 6, 9, 11, 12) (7s)
  UNSAT     burgerwachtje mask=(0, 1, 5, 6, 7, 11, 12) (7s)
  NOCAND    quarkexpertes mask=(0, 1, 2, 6, 10, 11, 12) (3s)
  NOCAND    quarkexpertes mask=(0, 1, 3, 6, 9, 11, 12) (3s)
  NOCAND    quarkexpertes mask=(0, 1, 5, 6, 7, 11, 12) (3s)
  UNSAT     voetbalquizje mask=(0, 1, 2, 6, 10, 11, 12) (7s)
  UNSAT     voetbalquizje mask=(0, 1, 3, 6, 9, 11, 12) (7s)
  NOCAND    voetbalquizje mask=(0, 1, 5, 6, 7, 11, 12) (3s)
# DONE. SAT hits: 0
# NO feasible 3-x3 spread in sample => strong evidence left-block region (~586) is optimal (residual = any TIMEOUT configs).
