# N=13 spread survey (subprocess, hard wall 70.0s): 160 words x 3 3-x3 masks. Any SAT => optimum > 586.
  UNSAT     barbituurzuur mask=(0, 1, 2, 6, 10, 11, 12) (9s)
  UNSAT     barbituurzuur mask=(0, 1, 3, 6, 9, 11, 12) (6s)
  UNSAT     barbituurzuur mask=(0, 1, 5, 6, 7, 11, 12) (7s)
  NOCAND    parkeercheque mask=(0, 1, 2, 6, 10, 11, 12) (3s)
  UNSAT     parkeercheque mask=(0, 1, 3, 6, 9, 11, 12) (6s)
  UNSAT     parkeercheque mask=(0, 1, 5, 6, 7, 11, 12) (6s)
  UNSAT     hiphopshowtje mask=(0, 1, 2, 6, 10, 11, 12) (8s)
  TIMEOUT   hiphopshowtje mask=(0, 1, 3, 6, 9, 11, 12) (70s)
  UNSAT     hiphopshowtje mask=(0, 1, 5, 6, 7, 11, 12) (6s)
  UNSAT     quarterbackje mask=(0, 1, 2, 6, 10, 11, 12) (6s)
  UNSAT     quarterbackje mask=(0, 1, 3, 6, 9, 11, 12) (7s)
  UNSAT     quarterbackje mask=(0, 1, 5, 6, 7, 11, 12) (9s)
  UNSAT     yoghurtpakken mask=(0, 1, 2, 6, 10, 11, 12) (9s)
  UNSAT     yoghurtpakken mask=(0, 1, 3, 6, 9, 11, 12) (9s)
  UNSAT     yoghurtpakken mask=(0, 1, 5, 6, 7, 11, 12) (9s)
  UNSAT     yoghurtketels mask=(0, 1, 2, 6, 10, 11, 12) (6s)
  UNSAT     yoghurtketels mask=(0, 1, 3, 6, 9, 11, 12) (9s)
  UNSAT     yoghurtketels mask=(0, 1, 5, 6, 7, 11, 12) (6s)
  UNSAT     inburgerbuddy mask=(0, 1, 2, 6, 10, 11, 12) (6s)
  UNSAT     inburgerbuddy mask=(0, 1, 3, 6, 9, 11, 12) (6s)
  UNSAT     inburgerbuddy mask=(0, 1, 5, 6, 7, 11, 12) (9s)
  UNSAT     verhuurtijdje mask=(0, 1, 2, 6, 10, 11, 12) (6s)
  UNSAT     verhuurtijdje mask=(0, 1, 3, 6, 9, 11, 12) (6s)
  UNSAT     verhuurtijdje mask=(0, 1, 5, 6, 7, 11, 12) (9s)
  UNSAT     stuurimpulsje mask=(0, 1, 2, 6, 10, 11, 12) (7s)
  TIMEOUT   stuurimpulsje mask=(0, 1, 3, 6, 9, 11, 12) (70s)
  UNSAT     stuurimpulsje mask=(0, 1, 5, 6, 7, 11, 12) (6s)
  UNSAT     jujubevormige mask=(0, 1, 2, 6, 10, 11, 12) (6s)
  UNSAT     jujubevormige mask=(0, 1, 3, 6, 9, 11, 12) (6s)
  UNSAT     jujubevormige mask=(0, 1, 5, 6, 7, 11, 12) (6s)
  TIMEOUT   hiphopclipjes mask=(0, 1, 2, 6, 10, 11, 12) (70s)
  TIMEOUT   hiphopclipjes mask=(0, 1, 3, 6, 9, 11, 12) (70s)
  UNSAT     hiphopclipjes mask=(0, 1, 5, 6, 7, 11, 12) (7s)
  UNSAT     debuutfilmpje mask=(0, 1, 2, 6, 10, 11, 12) (7s)
  UNSAT     debuutfilmpje mask=(0, 1, 3, 6, 9, 11, 12) (6s)
  UNSAT     debuutfilmpje mask=(0, 1, 5, 6, 7, 11, 12) (7s)
  TIMEOUT   yuppenflatjes mask=(0, 1, 2, 6, 10, 11, 12) (70s)
  TIMEOUT   yuppenflatjes mask=(0, 1, 3, 6, 9, 11, 12) (70s)
  UNSAT     yuppenflatjes mask=(0, 1, 5, 6, 7, 11, 12) (6s)
  UNSAT     buikreflexjes mask=(0, 1, 2, 6, 10, 11, 12) (6s)
  NOCAND    buikreflexjes mask=(0, 1, 3, 6, 9, 11, 12) (3s)
  UNSAT     buikreflexjes mask=(0, 1, 5, 6, 7, 11, 12) (6s)
  UNSAT     ruhmkorffklos mask=(0, 1, 2, 6, 10, 11, 12) (6s)
  UNSAT     ruhmkorffklos mask=(0, 1, 3, 6, 9, 11, 12) (6s)
  UNSAT     ruhmkorffklos mask=(0, 1, 5, 6, 7, 11, 12) (7s)
  UNSAT     jukbruggetjes mask=(0, 1, 2, 6, 10, 11, 12) (6s)
  UNSAT     jukbruggetjes mask=(0, 1, 3, 6, 9, 11, 12) (6s)
  UNSAT     jukbruggetjes mask=(0, 1, 5, 6, 7, 11, 12) (6s)
  UNSAT     chemotactisch mask=(0, 1, 2, 6, 10, 11, 12) (6s)
  UNSAT     chemotactisch mask=(0, 1, 3, 6, 9, 11, 12) (6s)
  TIMEOUT   chemotactisch mask=(0, 1, 5, 6, 7, 11, 12) (70s)
  UNSAT     spruithyacint mask=(0, 1, 2, 6, 10, 11, 12) (9s)
  UNSAT     spruithyacint mask=(0, 1, 3, 6, 9, 11, 12) (9s)
  UNSAT     spruithyacint mask=(0, 1, 5, 6, 7, 11, 12) (6s)
  UNSAT     butterflytjes mask=(0, 1, 2, 6, 10, 11, 12) (7s)
  UNSAT     butterflytjes mask=(0, 1, 3, 6, 9, 11, 12) (6s)
  UNSAT     butterflytjes mask=(0, 1, 5, 6, 7, 11, 12) (6s)
  UNSAT     zuurpruimpjes mask=(0, 1, 2, 6, 10, 11, 12) (6s)
  UNSAT     zuurpruimpjes mask=(0, 1, 3, 6, 9, 11, 12) (9s)
  UNSAT     zuurpruimpjes mask=(0, 1, 5, 6, 7, 11, 12) (9s)
  UNSAT     zuurpakhuisje mask=(0, 1, 2, 6, 10, 11, 12) (6s)
  TIMEOUT   zuurpakhuisje mask=(0, 1, 3, 6, 9, 11, 12) (70s)
  UNSAT     zuurpakhuisje mask=(0, 1, 5, 6, 7, 11, 12) (6s)
  UNSAT     vuurpijlbokje mask=(0, 1, 2, 6, 10, 11, 12) (9s)
  UNSAT     vuurpijlbokje mask=(0, 1, 3, 6, 9, 11, 12) (6s)
  UNSAT     vuurpijlbokje mask=(0, 1, 5, 6, 7, 11, 12) (6s)
  UNSAT     vuurbruggetje mask=(0, 1, 2, 6, 10, 11, 12) (6s)
  UNSAT     vuurbruggetje mask=(0, 1, 3, 6, 9, 11, 12) (6s)
  UNSAT     vuurbruggetje mask=(0, 1, 5, 6, 7, 11, 12) (9s)
  TIMEOUT   verhuiswijzer mask=(0, 1, 2, 6, 10, 11, 12) (70s)
  UNSAT     verhuiswijzer mask=(0, 1, 3, 6, 9, 11, 12) (6s)
  UNSAT     verhuiswijzer mask=(0, 1, 5, 6, 7, 11, 12) (6s)
  UNSAT     stuurtouwtjes mask=(0, 1, 2, 6, 10, 11, 12) (9s)
  UNSAT     stuurtouwtjes mask=(0, 1, 3, 6, 9, 11, 12) (6s)
  UNSAT     stuurtouwtjes mask=(0, 1, 5, 6, 7, 11, 12) (6s)
  UNSAT     struikculture mask=(0, 1, 2, 6, 10, 11, 12) (6s)
  UNSAT     struikculture mask=(0, 1, 3, 6, 9, 11, 12) (9s)
  UNSAT     struikculture mask=(0, 1, 5, 6, 7, 11, 12) (6s)
  UNSAT     lemuurachtigs mask=(0, 1, 2, 6, 10, 11, 12) (9s)
  UNSAT     lemuurachtigs mask=(0, 1, 3, 6, 9, 11, 12) (7s)
  UNSAT     lemuurachtigs mask=(0, 1, 5, 6, 7, 11, 12) (6s)
  UNSAT     futuristischt mask=(0, 1, 2, 6, 10, 11, 12) (8s)
  TIMEOUT   futuristischt mask=(0, 1, 3, 6, 9, 11, 12) (70s)
  UNSAT     futuristischt mask=(0, 1, 5, 6, 7, 11, 12) (6s)
  UNSAT     debuutclipjes mask=(0, 1, 2, 6, 10, 11, 12) (7s)
  TIMEOUT   debuutclipjes mask=(0, 1, 3, 6, 9, 11, 12) (70s)
  UNSAT     debuutclipjes mask=(0, 1, 5, 6, 7, 11, 12) (6s)
  UNSAT     augurkachtigs mask=(0, 1, 2, 6, 10, 11, 12) (6s)
  UNSAT     augurkachtigs mask=(0, 1, 3, 6, 9, 11, 12) (6s)
  UNSAT     augurkachtigs mask=(0, 1, 5, 6, 7, 11, 12) (6s)
  UNSAT     yuppieachtige mask=(0, 1, 2, 6, 10, 11, 12) (7s)
  UNSAT     yuppieachtige mask=(0, 1, 3, 6, 9, 11, 12) (7s)
  UNSAT     yuppieachtige mask=(0, 1, 5, 6, 7, 11, 12) (6s)
  TIMEOUT   yuppendochter mask=(0, 1, 2, 6, 10, 11, 12) (70s)
  UNSAT     yuppendochter mask=(0, 1, 3, 6, 9, 11, 12) (6s)
  UNSAT     yuppendochter mask=(0, 1, 5, 6, 7, 11, 12) (9s)
  UNSAT     tribrachysjes mask=(0, 1, 2, 6, 10, 11, 12) (6s)
  UNSAT     tribrachysjes mask=(0, 1, 3, 6, 9, 11, 12) (6s)
  UNSAT     tribrachysjes mask=(0, 1, 5, 6, 7, 11, 12) (6s)
  UNSAT     communitytjes mask=(0, 1, 2, 6, 10, 11, 12) (6s)
  UNSAT     communitytjes mask=(0, 1, 3, 6, 9, 11, 12) (6s)
  UNSAT     communitytjes mask=(0, 1, 5, 6, 7, 11, 12) (6s)
  UNSAT     carpoolbuddys mask=(0, 1, 2, 6, 10, 11, 12) (6s)
  UNSAT     carpoolbuddys mask=(0, 1, 3, 6, 9, 11, 12) (6s)
  UNSAT     carpoolbuddys mask=(0, 1, 5, 6, 7, 11, 12) (6s)
  UNSAT     vermagerzucht mask=(0, 1, 2, 6, 10, 11, 12) (6s)
  UNSAT     vermagerzucht mask=(0, 1, 3, 6, 9, 11, 12) (6s)
  UNSAT     vermagerzucht mask=(0, 1, 5, 6, 7, 11, 12) (6s)
  UNSAT     rubberculture mask=(0, 1, 2, 6, 10, 11, 12) (9s)
  UNSAT     rubberculture mask=(0, 1, 3, 6, 9, 11, 12) (7s)
  UNSAT     rubberculture mask=(0, 1, 5, 6, 7, 11, 12) (8s)
  UNSAT     puikjuweeltje mask=(0, 1, 2, 6, 10, 11, 12) (6s)
  UNSAT     puikjuweeltje mask=(0, 1, 3, 6, 9, 11, 12) (6s)
  UNSAT     puikjuweeltje mask=(0, 1, 5, 6, 7, 11, 12) (6s)
  TIMEOUT   muggenjachtje mask=(0, 1, 2, 6, 10, 11, 12) (70s)
  UNSAT     muggenjachtje mask=(0, 1, 3, 6, 9, 11, 12) (9s)
  UNSAT     muggenjachtje mask=(0, 1, 5, 6, 7, 11, 12) (9s)
  UNSAT     lumberjackjes mask=(0, 1, 2, 6, 10, 11, 12) (6s)
  UNSAT     lumberjackjes mask=(0, 1, 3, 6, 9, 11, 12) (7s)
  UNSAT     lumberjackjes mask=(0, 1, 5, 6, 7, 11, 12) (6s)
  UNSAT     laagbouwbuurt mask=(0, 1, 2, 6, 10, 11, 12) (9s)
  UNSAT     laagbouwbuurt mask=(0, 1, 3, 6, 9, 11, 12) (6s)
  UNSAT     laagbouwbuurt mask=(0, 1, 5, 6, 7, 11, 12) (6s)
  UNSAT     keukenluchtje mask=(0, 1, 2, 6, 10, 11, 12) (6s)
  UNSAT     keukenluchtje mask=(0, 1, 3, 6, 9, 11, 12) (6s)
  UNSAT     keukenluchtje mask=(0, 1, 5, 6, 7, 11, 12) (6s)
  UNSAT     kerkburchtjes mask=(0, 1, 2, 6, 10, 11, 12) (9s)
  UNSAT     kerkburchtjes mask=(0, 1, 3, 6, 9, 11, 12) (9s)
  UNSAT     kerkburchtjes mask=(0, 1, 5, 6, 7, 11, 12) (6s)
  UNSAT     kerkbaljuwtje mask=(0, 1, 2, 6, 10, 11, 12) (9s)
  UNSAT     kerkbaljuwtje mask=(0, 1, 3, 6, 9, 11, 12) (9s)
  UNSAT     kerkbaljuwtje mask=(0, 1, 5, 6, 7, 11, 12) (9s)
  UNSAT     joggingclubje mask=(0, 1, 2, 6, 10, 11, 12) (6s)
  UNSAT     joggingclubje mask=(0, 1, 3, 6, 9, 11, 12) (6s)
  UNSAT     joggingclubje mask=(0, 1, 5, 6, 7, 11, 12) (6s)
  UNSAT     honkbalclubje mask=(0, 1, 2, 6, 10, 11, 12) (6s)
  UNSAT     honkbalclubje mask=(0, 1, 3, 6, 9, 11, 12) (6s)
  UNSAT     honkbalclubje mask=(0, 1, 5, 6, 7, 11, 12) (6s)
  UNSAT     dunbekwulpjes mask=(0, 1, 2, 6, 10, 11, 12) (9s)
  UNSAT     dunbekwulpjes mask=(0, 1, 3, 6, 9, 11, 12) (9s)
  UNSAT     dunbekwulpjes mask=(0, 1, 5, 6, 7, 11, 12) (9s)
  TIMEOUT   chemokuurtjes mask=(0, 1, 2, 6, 10, 11, 12) (70s)
  UNSAT     chemokuurtjes mask=(0, 1, 3, 6, 9, 11, 12) (6s)
  UNSAT     chemokuurtjes mask=(0, 1, 5, 6, 7, 11, 12) (7s)
  UNSAT     bruggebouwtje mask=(0, 1, 2, 6, 10, 11, 12) (6s)
  UNSAT     bruggebouwtje mask=(0, 1, 3, 6, 9, 11, 12) (6s)
  UNSAT     bruggebouwtje mask=(0, 1, 5, 6, 7, 11, 12) (9s)
  UNSAT     watjekouwtjes mask=(0, 1, 2, 6, 10, 11, 12) (9s)
  UNSAT     watjekouwtjes mask=(0, 1, 3, 6, 9, 11, 12) (7s)
  UNSAT     watjekouwtjes mask=(0, 1, 5, 6, 7, 11, 12) (6s)
  UNSAT     voorbuurvrouw mask=(0, 1, 2, 6, 10, 11, 12) (6s)
  UNSAT     voorbuurvrouw mask=(0, 1, 3, 6, 9, 11, 12) (6s)
  UNSAT     voorbuurvrouw mask=(0, 1, 5, 6, 7, 11, 12) (6s)
  UNSAT     verhaalcliche mask=(0, 1, 2, 6, 10, 11, 12) (8s)
  UNSAT     verhaalcliche mask=(0, 1, 3, 6, 9, 11, 12) (6s)
  UNSAT     verhaalcliche mask=(0, 1, 5, 6, 7, 11, 12) (6s)
  UNSAT     buurthuiswerk mask=(0, 1, 2, 6, 10, 11, 12) (6s)
  UNSAT     buurthuiswerk mask=(0, 1, 3, 6, 9, 11, 12) (6s)
  UNSAT     buurthuiswerk mask=(0, 1, 5, 6, 7, 11, 12) (9s)
  UNSAT     quakerskerkje mask=(0, 1, 2, 6, 10, 11, 12) (6s)
  UNSAT     quakerskerkje mask=(0, 1, 3, 6, 9, 11, 12) (6s)
  UNSAT     quakerskerkje mask=(0, 1, 5, 6, 7, 11, 12) (9s)
  UNSAT     countrymuziek mask=(0, 1, 2, 6, 10, 11, 12) (9s)
  UNSAT     countrymuziek mask=(0, 1, 3, 6, 9, 11, 12) (6s)
  UNSAT     countrymuziek mask=(0, 1, 5, 6, 7, 11, 12) (9s)
  UNSAT     yuppenkoppels mask=(0, 1, 2, 6, 10, 11, 12) (9s)
  TIMEOUT   yuppenkoppels mask=(0, 1, 3, 6, 9, 11, 12) (70s)
  UNSAT     yuppenkoppels mask=(0, 1, 5, 6, 7, 11, 12) (6s)
  UNSAT     wurggezwellen mask=(0, 1, 2, 6, 10, 11, 12) (9s)
  TIMEOUT   wurggezwellen mask=(0, 1, 3, 6, 9, 11, 12) (70s)
  UNSAT     wurggezwellen mask=(0, 1, 5, 6, 7, 11, 12) (6s)
  UNSAT     wijkteamchefs mask=(0, 1, 2, 6, 10, 11, 12) (6s)
  UNSAT     wijkteamchefs mask=(0, 1, 3, 6, 9, 11, 12) (6s)
  UNSAT     wijkteamchefs mask=(0, 1, 5, 6, 7, 11, 12) (6s)
  UNSAT     wijgoochempje mask=(0, 1, 2, 6, 10, 11, 12) (6s)
  UNSAT     wijgoochempje mask=(0, 1, 3, 6, 9, 11, 12) (9s)
  UNSAT     wijgoochempje mask=(0, 1, 5, 6, 7, 11, 12) (8s)
  UNSAT     rubbercliches mask=(0, 1, 2, 6, 10, 11, 12) (6s)
  TIMEOUT   rubbercliches mask=(0, 1, 3, 6, 9, 11, 12) (70s)
  UNSAT     rubbercliches mask=(0, 1, 5, 6, 7, 11, 12) (9s)
  UNSAT     hubertusklauw mask=(0, 1, 2, 6, 10, 11, 12) (6s)
  UNSAT     hubertusklauw mask=(0, 1, 3, 6, 9, 11, 12) (6s)
  UNSAT     hubertusklauw mask=(0, 1, 5, 6, 7, 11, 12) (6s)
  UNSAT     druktechnisch mask=(0, 1, 2, 6, 10, 11, 12) (6s)
  UNSAT     druktechnisch mask=(0, 1, 3, 6, 9, 11, 12) (9s)
  UNSAT     druktechnisch mask=(0, 1, 5, 6, 7, 11, 12) (6s)
  UNSAT     computerchips mask=(0, 1, 2, 6, 10, 11, 12) (7s)
  UNSAT     computerchips mask=(0, 1, 3, 6, 9, 11, 12) (6s)
  UNSAT     computerchips mask=(0, 1, 5, 6, 7, 11, 12) (6s)
  UNSAT     chemigrafisch mask=(0, 1, 2, 6, 10, 11, 12) (9s)
  UNSAT     chemigrafisch mask=(0, 1, 3, 6, 9, 11, 12) (6s)
  UNSAT     chemigrafisch mask=(0, 1, 5, 6, 7, 11, 12) (6s)
  NOCAND    quarkexperten mask=(0, 1, 2, 6, 10, 11, 12) (3s)
  NOCAND    quarkexperten mask=(0, 1, 3, 6, 9, 11, 12) (3s)
  NOCAND    quarkexperten mask=(0, 1, 5, 6, 7, 11, 12) (3s)
  UNSAT     countryachtig mask=(0, 1, 2, 6, 10, 11, 12) (6s)
  UNSAT     countryachtig mask=(0, 1, 3, 6, 9, 11, 12) (7s)
  UNSAT     countryachtig mask=(0, 1, 5, 6, 7, 11, 12) (7s)
  UNSAT     chromatocytje mask=(0, 1, 2, 6, 10, 11, 12) (7s)
  UNSAT     chromatocytje mask=(0, 1, 3, 6, 9, 11, 12) (6s)
  UNSAT     chromatocytje mask=(0, 1, 5, 6, 7, 11, 12) (6s)
  UNSAT     boekencheques mask=(0, 1, 2, 6, 10, 11, 12) (6s)
  NOCAND    boekencheques mask=(0, 1, 3, 6, 9, 11, 12) (3s)
  UNSAT     boekencheques mask=(0, 1, 5, 6, 7, 11, 12) (6s)
  UNSAT     weightwatcher mask=(0, 1, 2, 6, 10, 11, 12) (9s)
  UNSAT     weightwatcher mask=(0, 1, 3, 6, 9, 11, 12) (6s)
  UNSAT     weightwatcher mask=(0, 1, 5, 6, 7, 11, 12) (6s)
  UNSAT     waaggewichtje mask=(0, 1, 2, 6, 10, 11, 12) (6s)
  UNSAT     waaggewichtje mask=(0, 1, 3, 6, 9, 11, 12) (6s)
  UNSAT     waaggewichtje mask=(0, 1, 5, 6, 7, 11, 12) (6s)
  UNSAT     carbonschaduw mask=(0, 1, 2, 6, 10, 11, 12) (6s)
  UNSAT     carbonschaduw mask=(0, 1, 3, 6, 9, 11, 12) (6s)
  UNSAT     carbonschaduw mask=(0, 1, 5, 6, 7, 11, 12) (6s)
  UNSAT     vrijbewijsjes mask=(0, 1, 2, 6, 10, 11, 12) (6s)
  UNSAT     vrijbewijsjes mask=(0, 1, 3, 6, 9, 11, 12) (9s)
  UNSAT     vrijbewijsjes mask=(0, 1, 5, 6, 7, 11, 12) (6s)
  UNSAT     spijkerjackje mask=(0, 1, 2, 6, 10, 11, 12) (6s)
  UNSAT     spijkerjackje mask=(0, 1, 3, 6, 9, 11, 12) (7s)
  UNSAT     spijkerjackje mask=(0, 1, 5, 6, 7, 11, 12) (9s)
  UNSAT     hiphopachtigs mask=(0, 1, 2, 6, 10, 11, 12) (8s)
  UNSAT     hiphopachtigs mask=(0, 1, 3, 6, 9, 11, 12) (7s)
  UNSAT     hiphopachtigs mask=(0, 1, 5, 6, 7, 11, 12) (6s)
  UNSAT     hightechfonds mask=(0, 1, 2, 6, 10, 11, 12) (6s)
  UNSAT     hightechfonds mask=(0, 1, 3, 6, 9, 11, 12) (9s)
  UNSAT     hightechfonds mask=(0, 1, 5, 6, 7, 11, 12) (7s)
  UNSAT     winterquizjes mask=(0, 1, 2, 6, 10, 11, 12) (6s)
  TIMEOUT   winterquizjes mask=(0, 1, 3, 6, 9, 11, 12) (70s)
  UNSAT     winterquizjes mask=(0, 1, 5, 6, 7, 11, 12) (6s)
  UNSAT     yoghurttekort mask=(0, 1, 2, 6, 10, 11, 12) (6s)
  UNSAT     yoghurttekort mask=(0, 1, 3, 6, 9, 11, 12) (6s)
  UNSAT     yoghurttekort mask=(0, 1, 5, 6, 7, 11, 12) (9s)
  UNSAT     yoghurtsausen mask=(0, 1, 2, 6, 10, 11, 12) (6s)
  UNSAT     yoghurtsausen mask=(0, 1, 3, 6, 9, 11, 12) (6s)
  UNSAT     yoghurtsausen mask=(0, 1, 5, 6, 7, 11, 12) (9s)
  UNSAT     lithoglyptiek mask=(0, 1, 2, 6, 10, 11, 12) (9s)
  UNSAT     lithoglyptiek mask=(0, 1, 3, 6, 9, 11, 12) (6s)
  UNSAT     lithoglyptiek mask=(0, 1, 5, 6, 7, 11, 12) (6s)
  UNSAT     immuunsysteem mask=(0, 1, 2, 6, 10, 11, 12) (6s)
  UNSAT     immuunsysteem mask=(0, 1, 3, 6, 9, 11, 12) (6s)
  UNSAT     immuunsysteem mask=(0, 1, 5, 6, 7, 11, 12) (6s)
  UNSAT     erejurylidjes mask=(0, 1, 2, 6, 10, 11, 12) (8s)
  UNSAT     erejurylidjes mask=(0, 1, 3, 6, 9, 11, 12) (8s)
  UNSAT     erejurylidjes mask=(0, 1, 5, 6, 7, 11, 12) (9s)
  UNSAT     verhuurstopje mask=(0, 1, 2, 6, 10, 11, 12) (9s)
  UNSAT     verhuurstopje mask=(0, 1, 3, 6, 9, 11, 12) (9s)
  UNSAT     verhuurstopje mask=(0, 1, 5, 6, 7, 11, 12) (6s)
  UNSAT     verhuurfirmas mask=(0, 1, 2, 6, 10, 11, 12) (6s)
  UNSAT     verhuurfirmas mask=(0, 1, 3, 6, 9, 11, 12) (6s)
  UNSAT     verhuurfirmas mask=(0, 1, 5, 6, 7, 11, 12) (6s)
  UNSAT     verhuurbordje mask=(0, 1, 2, 6, 10, 11, 12) (6s)
  UNSAT     verhuurbordje mask=(0, 1, 3, 6, 9, 11, 12) (6s)
  UNSAT     verhuurbordje mask=(0, 1, 5, 6, 7, 11, 12) (6s)
  TIMEOUT   verhuisbusjes mask=(0, 1, 2, 6, 10, 11, 12) (70s)
  UNSAT     verhuisbusjes mask=(0, 1, 3, 6, 9, 11, 12) (6s)
  UNSAT     verhuisbusjes mask=(0, 1, 5, 6, 7, 11, 12) (6s)
  UNSAT     verhaalfiguur mask=(0, 1, 2, 6, 10, 11, 12) (6s)
  UNSAT     verhaalfiguur mask=(0, 1, 3, 6, 9, 11, 12) (6s)
  UNSAT     verhaalfiguur mask=(0, 1, 5, 6, 7, 11, 12) (6s)
  UNSAT     stuurknuppels mask=(0, 1, 2, 6, 10, 11, 12) (7s)
  UNSAT     stuurknuppels mask=(0, 1, 3, 6, 9, 11, 12) (6s)
  UNSAT     stuurknuppels mask=(0, 1, 5, 6, 7, 11, 12) (6s)
  UNSAT     gebumpersurft mask=(0, 1, 2, 6, 10, 11, 12) (6s)
  UNSAT     gebumpersurft mask=(0, 1, 3, 6, 9, 11, 12) (6s)
  UNSAT     gebumpersurft mask=(0, 1, 5, 6, 7, 11, 12) (6s)
  UNSAT     gebumpersurfd mask=(0, 1, 2, 6, 10, 11, 12) (7s)
  UNSAT     gebumpersurfd mask=(0, 1, 3, 6, 9, 11, 12) (6s)
  UNSAT     gebumpersurfd mask=(0, 1, 5, 6, 7, 11, 12) (6s)
  UNSAT     figuurzaagjes mask=(0, 1, 2, 6, 10, 11, 12) (6s)
  UNSAT     figuurzaagjes mask=(0, 1, 3, 6, 9, 11, 12) (6s)
  UNSAT     figuurzaagjes mask=(0, 1, 5, 6, 7, 11, 12) (7s)
  TIMEOUT   figuurstukken mask=(0, 1, 2, 6, 10, 11, 12) (70s)
  UNSAT     figuurstukken mask=(0, 1, 3, 6, 9, 11, 12) (6s)
  UNSAT     figuurstukken mask=(0, 1, 5, 6, 7, 11, 12) (6s)
  TIMEOUT   figuursleutel mask=(0, 1, 2, 6, 10, 11, 12) (70s)
  UNSAT     figuursleutel mask=(0, 1, 3, 6, 9, 11, 12) (6s)
  UNSAT     figuursleutel mask=(0, 1, 5, 6, 7, 11, 12) (6s)
  TIMEOUT   figuurlijkste mask=(0, 1, 2, 6, 10, 11, 12) (70s)
  UNSAT     figuurlijkste mask=(0, 1, 3, 6, 9, 11, 12) (6s)
  UNSAT     figuurlijkste mask=(0, 1, 5, 6, 7, 11, 12) (6s)
  TIMEOUT   figuurlijkers mask=(0, 1, 2, 6, 10, 11, 12) (70s)
  UNSAT     figuurlijkers mask=(0, 1, 3, 6, 9, 11, 12) (6s)
  UNSAT     figuurlijkers mask=(0, 1, 5, 6, 7, 11, 12) (6s)
  UNSAT     augurkkleurig mask=(0, 1, 2, 6, 10, 11, 12) (6s)
  UNSAT     augurkkleurig mask=(0, 1, 3, 6, 9, 11, 12) (6s)
  UNSAT     augurkkleurig mask=(0, 1, 5, 6, 7, 11, 12) (6s)
  UNSAT     zorgreflexjes mask=(0, 1, 2, 6, 10, 11, 12) (6s)
  NOCAND    zorgreflexjes mask=(0, 1, 3, 6, 9, 11, 12) (3s)
  UNSAT     zorgreflexjes mask=(0, 1, 5, 6, 7, 11, 12) (6s)
  UNSAT     duikreflexjes mask=(0, 1, 2, 6, 10, 11, 12) (6s)
  NOCAND    duikreflexjes mask=(0, 1, 3, 6, 9, 11, 12) (3s)
  UNSAT     duikreflexjes mask=(0, 1, 5, 6, 7, 11, 12) (6s)
  UNSAT     werkbubbeltje mask=(0, 1, 2, 6, 10, 11, 12) (6s)
  UNSAT     werkbubbeltje mask=(0, 1, 3, 6, 9, 11, 12) (6s)
  UNSAT     werkbubbeltje mask=(0, 1, 5, 6, 7, 11, 12) (6s)
  UNSAT     wenkbrauwwenk mask=(0, 1, 2, 6, 10, 11, 12) (6s)
  TIMEOUT   wenkbrauwwenk mask=(0, 1, 3, 6, 9, 11, 12) (70s)
  UNSAT     wenkbrauwwenk mask=(0, 1, 5, 6, 7, 11, 12) (6s)
  UNSAT     knuppelbrugje mask=(0, 1, 2, 6, 10, 11, 12) (6s)
  UNSAT     knuppelbrugje mask=(0, 1, 3, 6, 9, 11, 12) (6s)
  UNSAT     knuppelbrugje mask=(0, 1, 5, 6, 7, 11, 12) (6s)
  UNSAT     brugmuggetjes mask=(0, 1, 2, 6, 10, 11, 12) (6s)
  TIMEOUT   brugmuggetjes mask=(0, 1, 3, 6, 9, 11, 12) (70s)
  UNSAT     brugmuggetjes mask=(0, 1, 5, 6, 7, 11, 12) (6s)
  UNSAT     zoutjesmixjes mask=(0, 1, 2, 6, 10, 11, 12) (6s)
  NOCAND    zoutjesmixjes mask=(0, 1, 3, 6, 9, 11, 12) (3s)
  UNSAT     zoutjesmixjes mask=(0, 1, 5, 6, 7, 11, 12) (6s)
  NOCAND    kettingfluxje mask=(0, 1, 2, 6, 10, 11, 12) (3s)
  UNSAT     kettingfluxje mask=(0, 1, 3, 6, 9, 11, 12) (6s)
  UNSAT     kettingfluxje mask=(0, 1, 5, 6, 7, 11, 12) (6s)
  UNSAT     zuurtjeskleur mask=(0, 1, 2, 6, 10, 11, 12) (6s)
  UNSAT     zuurtjeskleur mask=(0, 1, 3, 6, 9, 11, 12) (6s)
  UNSAT     zuurtjeskleur mask=(0, 1, 5, 6, 7, 11, 12) (6s)
  UNSAT     zuurpakhuizen mask=(0, 1, 2, 6, 10, 11, 12) (6s)
  TIMEOUT   zuurpakhuizen mask=(0, 1, 3, 6, 9, 11, 12) (70s)
  UNSAT     zuurpakhuizen mask=(0, 1, 5, 6, 7, 11, 12) (6s)
  UNSAT     zeeuitzichtje mask=(0, 1, 2, 6, 10, 11, 12) (6s)
  UNSAT     zeeuitzichtje mask=(0, 1, 3, 6, 9, 11, 12) (6s)
  UNSAT     zeeuitzichtje mask=(0, 1, 5, 6, 7, 11, 12) (6s)
  UNSAT     vuurpauzetjes mask=(0, 1, 2, 6, 10, 11, 12) (6s)
  TIMEOUT   vuurpauzetjes mask=(0, 1, 3, 6, 9, 11, 12) (70s)
  UNSAT     vuurpauzetjes mask=(0, 1, 5, 6, 7, 11, 12) (6s)
  UNSAT     vuurmuizertje mask=(0, 1, 2, 6, 10, 11, 12) (6s)
  TIMEOUT   vuurmuizertje mask=(0, 1, 3, 6, 9, 11, 12) (70s)
  UNSAT     vuurmuizertje mask=(0, 1, 5, 6, 7, 11, 12) (6s)
  UNSAT     vuurbuikpadje mask=(0, 1, 2, 6, 10, 11, 12) (6s)
  UNSAT     vuurbuikpadje mask=(0, 1, 3, 6, 9, 11, 12) (6s)
  UNSAT     vuurbuikpadje mask=(0, 1, 5, 6, 7, 11, 12) (6s)
  UNSAT     vrijheerschap mask=(0, 1, 2, 6, 10, 11, 12) (6s)
  UNSAT     vrijheerschap mask=(0, 1, 3, 6, 9, 11, 12) (6s)
  UNSAT     vrijheerschap mask=(0, 1, 5, 6, 7, 11, 12) (6s)
  UNSAT     verhuursector mask=(0, 1, 2, 6, 10, 11, 12) (6s)
  UNSAT     verhuursector mask=(0, 1, 3, 6, 9, 11, 12) (6s)
  UNSAT     verhuursector mask=(0, 1, 5, 6, 7, 11, 12) (6s)
  UNSAT     verhaalplicht mask=(0, 1, 2, 6, 10, 11, 12) (6s)
  UNSAT     verhaalplicht mask=(0, 1, 3, 6, 9, 11, 12) (6s)
  UNSAT     verhaalplicht mask=(0, 1, 5, 6, 7, 11, 12) (6s)
  UNSAT     traumachirurg mask=(0, 1, 2, 6, 10, 11, 12) (6s)
  TIMEOUT   traumachirurg mask=(0, 1, 3, 6, 9, 11, 12) (70s)
  UNSAT     traumachirurg mask=(0, 1, 5, 6, 7, 11, 12) (6s)
  UNSAT     terugmatchjes mask=(0, 1, 2, 6, 10, 11, 12) (6s)
  UNSAT     terugmatchjes mask=(0, 1, 3, 6, 9, 11, 12) (6s)
  UNSAT     terugmatchjes mask=(0, 1, 5, 6, 7, 11, 12) (6s)
  UNSAT     stuurplechten mask=(0, 1, 2, 6, 10, 11, 12) (6s)
  UNSAT     stuurplechten mask=(0, 1, 3, 6, 9, 11, 12) (6s)
  UNSAT     stuurplechten mask=(0, 1, 5, 6, 7, 11, 12) (6s)
  UNSAT     stuurmanschap mask=(0, 1, 2, 6, 10, 11, 12) (6s)
  UNSAT     stuurmanschap mask=(0, 1, 3, 6, 9, 11, 12) (6s)
  UNSAT     stuurmanschap mask=(0, 1, 5, 6, 7, 11, 12) (6s)
  UNSAT     stijgkrachtje mask=(0, 1, 2, 6, 10, 11, 12) (6s)
  UNSAT     stijgkrachtje mask=(0, 1, 3, 6, 9, 11, 12) (6s)
  UNSAT     stijgkrachtje mask=(0, 1, 5, 6, 7, 11, 12) (6s)
  UNSAT     pakhuisknecht mask=(0, 1, 2, 6, 10, 11, 12) (6s)
  UNSAT     pakhuisknecht mask=(0, 1, 3, 6, 9, 11, 12) (6s)
  UNSAT     pakhuisknecht mask=(0, 1, 5, 6, 7, 11, 12) (6s)
  TIMEOUT   pakhuisachtig mask=(0, 1, 2, 6, 10, 11, 12) (70s)
  UNSAT     pakhuisachtig mask=(0, 1, 3, 6, 9, 11, 12) (6s)
  UNSAT     pakhuisachtig mask=(0, 1, 5, 6, 7, 11, 12) (6s)
  UNSAT     opiumpachtjes mask=(0, 1, 2, 6, 10, 11, 12) (6s)
  UNSAT     opiumpachtjes mask=(0, 1, 3, 6, 9, 11, 12) (6s)
  UNSAT     opiumpachtjes mask=(0, 1, 5, 6, 7, 11, 12) (6s)
  UNSAT     natuurwellust mask=(0, 1, 2, 6, 10, 11, 12) (6s)
  UNSAT     natuurwellust mask=(0, 1, 3, 6, 9, 11, 12) (6s)
  UNSAT     natuurwellust mask=(0, 1, 5, 6, 7, 11, 12) (6s)
  TIMEOUT   natuurmachtje mask=(0, 1, 2, 6, 10, 11, 12) (70s)
  UNSAT     natuurmachtje mask=(0, 1, 3, 6, 9, 11, 12) (6s)
  UNSAT     natuurmachtje mask=(0, 1, 5, 6, 7, 11, 12) (6s)
  TIMEOUT   natuurlijkweg mask=(0, 1, 2, 6, 10, 11, 12) (70s)
  UNSAT     natuurlijkweg mask=(0, 1, 3, 6, 9, 11, 12) (6s)
  UNSAT     natuurlijkweg mask=(0, 1, 5, 6, 7, 11, 12) (6s)
  UNSAT     natuurgezicht mask=(0, 1, 2, 6, 10, 11, 12) (8s)
  UNSAT     natuurgezicht mask=(0, 1, 3, 6, 9, 11, 12) (7s)
  UNSAT     natuurgezicht mask=(0, 1, 5, 6, 7, 11, 12) (6s)
  UNSAT     motherfuckers mask=(0, 1, 2, 6, 10, 11, 12) (6s)
  UNSAT     motherfuckers mask=(0, 1, 3, 6, 9, 11, 12) (6s)
  UNSAT     motherfuckers mask=(0, 1, 5, 6, 7, 11, 12) (6s)
  UNSAT     minuutwijzers mask=(0, 1, 2, 6, 10, 11, 12) (6s)
  UNSAT     minuutwijzers mask=(0, 1, 3, 6, 9, 11, 12) (8s)
  UNSAT     minuutwijzers mask=(0, 1, 5, 6, 7, 11, 12) (7s)
  UNSAT     lemuurachtige mask=(0, 1, 2, 6, 10, 11, 12) (9s)
  UNSAT     lemuurachtige mask=(0, 1, 3, 6, 9, 11, 12) (9s)
  UNSAT     lemuurachtige mask=(0, 1, 5, 6, 7, 11, 12) (6s)
  UNSAT     jaguarwelpjes mask=(0, 1, 2, 6, 10, 11, 12) (6s)
  TIMEOUT   jaguarwelpjes mask=(0, 1, 3, 6, 9, 11, 12) (70s)
  UNSAT     jaguarwelpjes mask=(0, 1, 5, 6, 7, 11, 12) (9s)
  UNSAT     huurrijtuigje mask=(0, 1, 2, 6, 10, 11, 12) (6s)
  TIMEOUT   huurrijtuigje mask=(0, 1, 3, 6, 9, 11, 12) (70s)
  UNSAT     huurrijtuigje mask=(0, 1, 5, 6, 7, 11, 12) (6s)
  UNSAT     huurbijslagje mask=(0, 1, 2, 6, 10, 11, 12) (6s)
  UNSAT     huurbijslagje mask=(0, 1, 3, 6, 9, 11, 12) (6s)
  UNSAT     huurbijslagje mask=(0, 1, 5, 6, 7, 11, 12) (9s)
  UNSAT     getuigschrift mask=(0, 1, 2, 6, 10, 11, 12) (6s)
  UNSAT     getuigschrift mask=(0, 1, 3, 6, 9, 11, 12) (7s)
  UNSAT     getuigschrift mask=(0, 1, 5, 6, 7, 11, 12) (6s)
  UNSAT     futuristische mask=(0, 1, 2, 6, 10, 11, 12) (7s)
  TIMEOUT   futuristische mask=(0, 1, 3, 6, 9, 11, 12) (70s)
  UNSAT     futuristische mask=(0, 1, 5, 6, 7, 11, 12) (6s)
  UNSAT     dekhuisopbouw mask=(0, 1, 2, 6, 10, 11, 12) (6s)
  TIMEOUT   dekhuisopbouw mask=(0, 1, 3, 6, 9, 11, 12) (70s)
  UNSAT     dekhuisopbouw mask=(0, 1, 5, 6, 7, 11, 12) (6s)
  UNSAT     debuutmatches mask=(0, 1, 2, 6, 10, 11, 12) (6s)
  TIMEOUT   debuutmatches mask=(0, 1, 3, 6, 9, 11, 12) (70s)
  UNSAT     debuutmatches mask=(0, 1, 5, 6, 7, 11, 12) (6s)
  UNSAT     augurkachtige mask=(0, 1, 2, 6, 10, 11, 12) (6s)
  UNSAT     augurkachtige mask=(0, 1, 3, 6, 9, 11, 12) (6s)
  UNSAT     augurkachtige mask=(0, 1, 5, 6, 7, 11, 12) (6s)
  UNSAT     augurenlachje mask=(0, 1, 2, 6, 10, 11, 12) (6s)
  TIMEOUT   augurenlachje mask=(0, 1, 3, 6, 9, 11, 12) (70s)
  UNSAT     augurenlachje mask=(0, 1, 5, 6, 7, 11, 12) (9s)
  UNSAT     pompoencurrys mask=(0, 1, 2, 6, 10, 11, 12) (9s)
  UNSAT     pompoencurrys mask=(0, 1, 3, 6, 9, 11, 12) (6s)
  UNSAT     pompoencurrys mask=(0, 1, 5, 6, 7, 11, 12) (7s)
  UNSAT     zijgebouwtjes mask=(0, 1, 2, 6, 10, 11, 12) (7s)
  TIMEOUT   zijgebouwtjes mask=(0, 1, 3, 6, 9, 11, 12) (70s)
  UNSAT     zijgebouwtjes mask=(0, 1, 5, 6, 7, 11, 12) (9s)
  UNSAT     wurghoudinkje mask=(0, 1, 2, 6, 10, 11, 12) (6s)
  UNSAT     wurghoudinkje mask=(0, 1, 3, 6, 9, 11, 12) (9s)
  UNSAT     wurghoudinkje mask=(0, 1, 5, 6, 7, 11, 12) (9s)
  UNSAT     werpheuveltje mask=(0, 1, 2, 6, 10, 11, 12) (6s)
  UNSAT     werpheuveltje mask=(0, 1, 3, 6, 9, 11, 12) (9s)
  UNSAT     werpheuveltje mask=(0, 1, 5, 6, 7, 11, 12) (9s)
  UNSAT     verbeterzucht mask=(0, 1, 2, 6, 10, 11, 12) (6s)
  UNSAT     verbeterzucht mask=(0, 1, 3, 6, 9, 11, 12) (6s)
  UNSAT     verbeterzucht mask=(0, 1, 5, 6, 7, 11, 12) (7s)
  UNSAT     varkensschuur mask=(0, 1, 2, 6, 10, 11, 12) (6s)
  UNSAT     varkensschuur mask=(0, 1, 3, 6, 9, 11, 12) (6s)
  UNSAT     varkensschuur mask=(0, 1, 5, 6, 7, 11, 12) (6s)
  UNSAT     trappenvlucht mask=(0, 1, 2, 6, 10, 11, 12) (9s)
  UNSAT     trappenvlucht mask=(0, 1, 3, 6, 9, 11, 12) (6s)
  UNSAT     trappenvlucht mask=(0, 1, 5, 6, 7, 11, 12) (6s)
  TIMEOUT   tijgerwurmpje mask=(0, 1, 2, 6, 10, 11, 12) (70s)
  UNSAT     tijgerwurmpje mask=(0, 1, 3, 6, 9, 11, 12) (7s)
  UNSAT     tijgerwurmpje mask=(0, 1, 5, 6, 7, 11, 12) (6s)
  UNSAT     stukgescheurd mask=(0, 1, 2, 6, 10, 11, 12) (6s)
  UNSAT     stukgescheurd mask=(0, 1, 3, 6, 9, 11, 12) (6s)
  UNSAT     stukgescheurd mask=(0, 1, 5, 6, 7, 11, 12) (9s)
  UNSAT     kerkmusicusje mask=(0, 1, 2, 6, 10, 11, 12) (9s)
  UNSAT     kerkmusicusje mask=(0, 1, 3, 6, 9, 11, 12) (6s)
  UNSAT     kerkmusicusje mask=(0, 1, 5, 6, 7, 11, 12) (6s)
  UNSAT     kampgevechtje mask=(0, 1, 2, 6, 10, 11, 12) (6s)
  UNSAT     kampgevechtje mask=(0, 1, 3, 6, 9, 11, 12) (6s)
  UNSAT     kampgevechtje mask=(0, 1, 5, 6, 7, 11, 12) (7s)
  UNSAT     hongerschurft mask=(0, 1, 2, 6, 10, 11, 12) (6s)
  UNSAT     hongerschurft mask=(0, 1, 3, 6, 9, 11, 12) (6s)
  UNSAT     hongerschurft mask=(0, 1, 5, 6, 7, 11, 12) (9s)
  UNSAT     hempjelichtop mask=(0, 1, 2, 6, 10, 11, 12) (9s)
  UNSAT     hempjelichtop mask=(0, 1, 3, 6, 9, 11, 12) (6s)
  UNSAT     hempjelichtop mask=(0, 1, 5, 6, 7, 11, 12) (6s)
  UNSAT     hangbuikzwijn mask=(0, 1, 2, 6, 10, 11, 12) (7s)
  UNSAT     hangbuikzwijn mask=(0, 1, 3, 6, 9, 11, 12) (6s)
  UNSAT     hangbuikzwijn mask=(0, 1, 5, 6, 7, 11, 12) (6s)
  UNSAT     hamburgerwalm mask=(0, 1, 2, 6, 10, 11, 12) (7s)
  UNSAT     hamburgerwalm mask=(0, 1, 3, 6, 9, 11, 12) (6s)
  UNSAT     hamburgerwalm mask=(0, 1, 5, 6, 7, 11, 12) (6s)
  UNSAT     druppeleffect mask=(0, 1, 2, 6, 10, 11, 12) (6s)
  UNSAT     druppeleffect mask=(0, 1, 3, 6, 9, 11, 12) (6s)
  UNSAT     druppeleffect mask=(0, 1, 5, 6, 7, 11, 12) (8s)
  UNSAT     drukhouwertje mask=(0, 1, 2, 6, 10, 11, 12) (9s)
  TIMEOUT   drukhouwertje mask=(0, 1, 3, 6, 9, 11, 12) (70s)
  UNSAT     drukhouwertje mask=(0, 1, 5, 6, 7, 11, 12) (6s)
  UNSAT     cummerbundjes mask=(0, 1, 2, 6, 10, 11, 12) (6s)
  UNSAT     cummerbundjes mask=(0, 1, 3, 6, 9, 11, 12) (6s)
  UNSAT     cummerbundjes mask=(0, 1, 5, 6, 7, 11, 12) (9s)
  UNSAT     computerjunks mask=(0, 1, 2, 6, 10, 11, 12) (6s)
  UNSAT     computerjunks mask=(0, 1, 3, 6, 9, 11, 12) (6s)
  UNSAT     computerjunks mask=(0, 1, 5, 6, 7, 11, 12) (6s)
  TIMEOUT   burgerwijkjes mask=(0, 1, 2, 6, 10, 11, 12) (70s)
  UNSAT     burgerwijkjes mask=(0, 1, 3, 6, 9, 11, 12) (6s)
  UNSAT     burgerwijkjes mask=(0, 1, 5, 6, 7, 11, 12) (6s)
  TIMEOUT   burgermachtje mask=(0, 1, 2, 6, 10, 11, 12) (70s)
  UNSAT     burgermachtje mask=(0, 1, 3, 6, 9, 11, 12) (9s)
  UNSAT     burgermachtje mask=(0, 1, 5, 6, 7, 11, 12) (9s)
  UNSAT     burgergezicht mask=(0, 1, 2, 6, 10, 11, 12) (6s)
  UNSAT     burgergezicht mask=(0, 1, 3, 6, 9, 11, 12) (6s)
  UNSAT     burgergezicht mask=(0, 1, 5, 6, 7, 11, 12) (6s)
  UNSAT     brugmolecules mask=(0, 1, 2, 6, 10, 11, 12) (6s)
  UNSAT     brugmolecules mask=(0, 1, 3, 6, 9, 11, 12) (6s)
  UNSAT     brugmolecules mask=(0, 1, 5, 6, 7, 11, 12) (6s)
  UNSAT     brugbouwertje mask=(0, 1, 2, 6, 10, 11, 12) (6s)
  TIMEOUT   brugbouwertje mask=(0, 1, 3, 6, 9, 11, 12) (70s)
  UNSAT     brugbouwertje mask=(0, 1, 5, 6, 7, 11, 12) (7s)
# DONE. SAT hits: 0
# NO feasible 3-x3 spread in sample => strong evidence left-block region (~586) is optimal (residual = any TIMEOUT configs).
