[06:18:11] === STREAM CERTIFY mask=(0, 3, 7, 9, 11, 13, 14) lb=2010 vfloor=286 shards=20 dir=/home/bob/programming/scrabble4/experiments/results/oracle_parallel/stream_0379111314_lb2010
[06:39:31]   enum: 20M streamed (15624/s)
[07:02:35]   enum: 40M streamed (15016/s)
[07:16:18]   enum: 60M streamed (17206/s)
[07:24:05]   enum: 80M streamed (20236/s)
[07:34:51]   enum: 100M streamed (21739/s)
[07:42:46]   enum: 120M streamed (23645/s)
[07:51:16]   enum: 140M streamed (25069/s)
[07:59:44]   enum: 160M streamed (26261/s)
[08:17:38]   enum: 180M streamed (25115/s)
[08:26:51]   enum: 200M streamed (25908/s)
[08:36:28]   enum: 220M streamed (26517/s)
[08:48:54]   enum: 240M streamed (26540/s)
[09:01:15]   enum: 260M streamed (26573/s)
[09:18:16]   enum: 280M streamed (25913/s)
[09:22:49] enum DONE: count=282299680 streamed=282299680 capped=False
[09:22:49] launched 20 pinbatch shard workers (PINWALL=5s)
[09:23:50]   solve: 11339440/282299680 (187242/s, ~0.4h left)
[09:24:50]   solve: 12442910/282299680 (102673/s, ~0.7h left)
[09:25:51]   solve: 14169729/282299680 (77894/s, ~1.0h left)
[09:26:52]   solve: 16732278/282299680 (68935/s, ~1.1h left)
[09:27:53]   solve: 20260208/282299680 (66712/s, ~1.1h left)
[09:28:54]   solve: 27105207/282299680 (74263/s, ~1.0h left)
[09:29:56]   solve: 31087118/282299680 (72896/s, ~1.0h left)
[09:30:57]   solve: 35343461/282299680 (72406/s, ~0.9h left)
[09:31:59]   solve: 39174970/282299680 (71230/s, ~0.9h left)
[09:33:01]   solve: 43895158/282299680 (71719/s, ~0.9h left)
[09:34:04]   solve: 47356632/282299680 (70234/s, ~0.9h left)
[09:35:06]   solve: 47378892/282299680 (64330/s, ~1.0h left)
[09:36:08]   solve: 47917253/282299680 (59992/s, ~1.1h left)
[09:37:10]   solve: 50666886/282299680 (58839/s, ~1.1h left)
[09:38:13]   solve: 52620589/282299680 (56976/s, ~1.1h left)
[09:39:15]   solve: 52723316/282299680 (53472/s, ~1.2h left)
[09:40:18]   solve: 52875308/282299680 (50432/s, ~1.3h left)
[09:41:20]   solve: 53015274/282299680 (47723/s, ~1.3h left)
[09:42:23]   solve: 53105251/282299680 (45259/s, ~1.4h left)
[09:43:25]   solve: 53171516/282299680 (43025/s, ~1.5h left)
[09:44:28]   solve: 53222249/282299680 (40994/s, ~1.6h left)
[09:45:30]   solve: 53367001/282299680 (39218/s, ~1.6h left)
[09:46:33]   solve: 53585527/282299680 (37645/s, ~1.7h left)
[09:47:35]   solve: 53742662/282299680 (36164/s, ~1.8h left)
[09:48:38]   solve: 54476204/282299680 (35173/s, ~1.8h left)
[09:49:41]   solve: 55061505/282299680 (34168/s, ~1.8h left)
[09:50:44]   solve: 55298037/282299680 (33029/s, ~1.9h left)
[09:51:46]   solve: 55340703/282299680 (31865/s, ~2.0h left)
[09:52:49]   solve: 55400039/282299680 (30790/s, ~2.0h left)
[09:53:51]   solve: 55447050/282299680 (29779/s, ~2.1h left)
[09:54:54]   solve: 55488620/282299680 (28830/s, ~2.2h left)
[09:55:57]   solve: 55527630/282299680 (27941/s, ~2.3h left)
[09:56:59]   solve: 55568437/282299680 (27106/s, ~2.3h left)
[09:58:02]   solve: 55621951/282299680 (26327/s, ~2.4h left)
[09:59:05]   solve: 55709218/282299680 (25609/s, ~2.5h left)
[10:00:07]   solve: 55775390/282299680 (24921/s, ~2.5h left)
[10:01:10]   solve: 55867205/282299680 (24282/s, ~2.6h left)
[10:02:13]   solve: 55938937/282299680 (23668/s, ~2.7h left)
[10:03:16]   solve: 55985706/282299680 (23075/s, ~2.7h left)
[10:04:18]   solve: 56032636/282299680 (22513/s, ~2.8h left)
[10:05:21]   solve: 56109792/282299680 (21985/s, ~2.9h left)
[10:06:26]   solve: 56361244/282299680 (21543/s, ~2.9h left)
[10:07:29]   solve: 56652637/282299680 (21140/s, ~3.0h left)
[10:08:33]   solve: 57112722/282299680 (20815/s, ~3.0h left)
[10:09:37]   solve: 57698578/282299680 (20550/s, ~3.0h left)
[10:10:41]   solve: 58387276/282299680 (20330/s, ~3.1h left)
[10:11:46]   solve: 59159324/282299680 (20148/s, ~3.1h left)
[10:12:49]   solve: 59896011/282299680 (19966/s, ~3.1h left)
[10:13:54]   solve: 60446084/282299680 (19726/s, ~3.1h left)
[10:14:58]   solve: 60876766/282299680 (19457/s, ~3.2h left)
[10:16:03]   solve: 61165417/282299680 (19151/s, ~3.2h left)
[10:17:07]   solve: 61349523/282299680 (18831/s, ~3.3h left)
[10:18:11]   solve: 61530938/282299680 (18523/s, ~3.3h left)
[10:19:15]   solve: 61661000/282299680 (18210/s, ~3.4h left)
[10:20:19]   solve: 61868770/282299680 (17933/s, ~3.4h left)
[10:21:23]   solve: 62077183/282299680 (17667/s, ~3.5h left)
[10:22:27]   solve: 62310159/282299680 (17415/s, ~3.5h left)
[10:23:31]   solve: 62602422/282299680 (17190/s, ~3.6h left)
[10:24:35]   solve: 62926032/282299680 (16980/s, ~3.6h left)
[10:25:40]   solve: 63172061/282299680 (16753/s, ~3.6h left)
[10:26:44]   solve: 63445537/282299680 (16546/s, ~3.7h left)
[10:27:48]   solve: 63562880/282299680 (16304/s, ~3.7h left)
[10:28:52]   solve: 63801609/282299680 (16102/s, ~3.8h left)
[10:29:56]   solve: 64021947/282299680 (15899/s, ~3.8h left)
[10:31:00]   solve: 64270247/282299680 (15712/s, ~3.9h left)
[10:32:04]   solve: 64697320/282299680 (15571/s, ~3.9h left)
[10:33:08]   solve: 65058876/282299680 (15421/s, ~3.9h left)
[10:34:13]   solve: 65570710/282299680 (15308/s, ~3.9h left)
[10:35:17]   solve: 66265154/282299680 (15243/s, ~3.9h left)
[10:36:21]   solve: 66474234/282299680 (15068/s, ~4.0h left)
[10:37:26]   solve: 66837540/282299680 (14931/s, ~4.0h left)
[10:38:30]   solve: 67199667/282299680 (14799/s, ~4.0h left)
[10:39:35]   solve: 67401147/282299680 (14634/s, ~4.1h left)
[10:40:40]   solve: 67485718/282299680 (14450/s, ~4.1h left)
[10:41:43]   solve: 67563724/282299680 (14272/s, ~4.2h left)
[10:42:48]   solve: 67620370/282299680 (14093/s, ~4.2h left)
[10:43:52]   solve: 67704887/282299680 (13925/s, ~4.3h left)
[10:44:56]   solve: 67919748/282299680 (13785/s, ~4.3h left)
[10:46:01]   solve: 68116498/282299680 (13646/s, ~4.4h left)
[10:47:05]   solve: 68233175/282299680 (13495/s, ~4.4h left)
[10:48:10]   solve: 68714009/282299680 (13419/s, ~4.4h left)
[10:49:14]   solve: 68769319/282299680 (13263/s, ~4.5h left)
[10:50:20]   solve: 69054537/282299680 (13153/s, ~4.5h left)
[10:51:23]   solve: 69575727/282299680 (13092/s, ~4.5h left)
[10:52:28]   solve: 69821429/282299680 (12982/s, ~4.5h left)
[10:53:32]   solve: 70124082/282299680 (12883/s, ~4.6h left)
[10:54:37]   solve: 70650077/282299680 (12828/s, ~4.6h left)
[10:55:41]   solve: 71136836/282299680 (12767/s, ~4.6h left)
[10:56:46]   solve: 71607017/282299680 (12704/s, ~4.6h left)
[10:57:50]   solve: 72165256/282299680 (12658/s, ~4.6h left)
[10:58:55]   solve: 72903266/282299680 (12644/s, ~4.6h left)
[11:00:00]   solve: 73361390/282299680 (12583/s, ~4.6h left)
[11:01:05]   solve: 73629126/282299680 (12490/s, ~4.6h left)
[11:02:09]   solve: 73781430/282299680 (12380/s, ~4.7h left)
[11:03:13]   solve: 73903275/282299680 (12268/s, ~4.7h left)
[11:04:18]   solve: 74100800/282299680 (12170/s, ~4.8h left)
[11:05:24]   solve: 74305668/282299680 (12074/s, ~4.8h left)
[11:06:29]   solve: 74530476/282299680 (11984/s, ~4.8h left)
[11:07:33]   solve: 74781576/282299680 (11901/s, ~4.8h left)
[11:08:38]   solve: 75120899/282299680 (11833/s, ~4.9h left)
[11:09:43]   solve: 75359091/282299680 (11749/s, ~4.9h left)
[11:10:48]   solve: 75597335/282299680 (11668/s, ~4.9h left)
[11:11:53]   solve: 75991421/282299680 (11613/s, ~4.9h left)
[11:12:58]   solve: 76402609/282299680 (11561/s, ~4.9h left)
[11:14:03]   solve: 76805199/282299680 (11508/s, ~5.0h left)
[11:15:08]   solve: 77373242/282299680 (11482/s, ~5.0h left)
[11:16:13]   solve: 78010779/282299680 (11466/s, ~4.9h left)
[11:17:18]   solve: 78564945/282299680 (11438/s, ~4.9h left)
[11:18:23]   solve: 79060584/282299680 (11402/s, ~5.0h left)
[11:19:28]   solve: 79432909/282299680 (11349/s, ~5.0h left)
[11:20:33]   solve: 79741718/282299680 (11289/s, ~5.0h left)
[11:21:38]   solve: 79939499/282299680 (11213/s, ~5.0h left)
[11:22:44]   solve: 80071012/282299680 (11129/s, ~5.0h left)
[11:23:50]   solve: 80135487/282299680 (11038/s, ~5.1h left)
[11:24:54]   solve: 80189680/282299680 (10948/s, ~5.1h left)
[11:25:59]   solve: 80241615/282299680 (10859/s, ~5.2h left)
[11:27:04]   solve: 80312842/282299680 (10774/s, ~5.2h left)
[11:28:09]   solve: 80390666/282299680 (10691/s, ~5.2h left)
[11:29:14]   solve: 80512723/282299680 (10615/s, ~5.3h left)
[11:30:19]   solve: 80687826/282299680 (10547/s, ~5.3h left)
[11:31:24]   solve: 80879762/282299680 (10484/s, ~5.3h left)
[11:32:29]   solve: 81065854/282299680 (10420/s, ~5.4h left)
[11:33:34]   solve: 81268413/282299680 (10359/s, ~5.4h left)
[11:34:39]   solve: 81459784/282299680 (10298/s, ~5.4h left)
[11:35:45]   solve: 81661621/282299680 (10239/s, ~5.4h left)
[11:36:50]   solve: 81796468/282299680 (10173/s, ~5.5h left)
[11:37:55]   solve: 81908664/282299680 (10106/s, ~5.5h left)
[11:39:00]   solve: 82063564/282299680 (10044/s, ~5.5h left)
[11:40:04]   solve: 82334348/282299680 (9998/s, ~5.6h left)
[11:41:10]   solve: 82532192/282299680 (9943/s, ~5.6h left)
[11:42:15]   solve: 82822355/282299680 (9900/s, ~5.6h left)
[11:43:21]   solve: 83289539/282299680 (9878/s, ~5.6h left)
[11:44:27]   solve: 83589569/282299680 (9837/s, ~5.6h left)
[11:45:32]   solve: 83969428/282299680 (9807/s, ~5.6h left)
[11:46:37]   solve: 84241946/282299680 (9764/s, ~5.6h left)
[11:47:43]   solve: 84832191/282299680 (9758/s, ~5.6h left)
[11:48:49]   solve: 85251837/282299680 (9733/s, ~5.6h left)
[11:49:54]   solve: 85526088/282299680 (9692/s, ~5.6h left)
[11:51:00]   solve: 85857891/282299680 (9658/s, ~5.7h left)
[11:52:05]   solve: 86193595/282299680 (9624/s, ~5.7h left)
[11:53:11]   solve: 86490624/282299680 (9587/s, ~5.7h left)
[11:54:17]   solve: 86762682/282299680 (9547/s, ~5.7h left)
[11:55:23]   solve: 87224804/282299680 (9529/s, ~5.7h left)
[11:56:29]   solve: 87508239/282299680 (9492/s, ~5.7h left)
[11:57:34]   solve: 87842676/282299680 (9461/s, ~5.7h left)
[11:58:41]   solve: 88279168/282299680 (9440/s, ~5.7h left)
[11:59:47]   solve: 88671308/282299680 (9415/s, ~5.7h left)
[12:00:53]   solve: 88996561/282299680 (9385/s, ~5.7h left)
[12:01:58]   solve: 89460365/282299680 (9369/s, ~5.7h left)
[12:03:04]   solve: 89980049/282299680 (9359/s, ~5.7h left)
[12:04:10]   solve: 90474222/282299680 (9346/s, ~5.7h left)
[12:05:16]   solve: 90921657/282299680 (9329/s, ~5.7h left)
[12:06:22]   solve: 91466359/282299680 (9321/s, ~5.7h left)
[12:07:28]   solve: 91910672/282299680 (9303/s, ~5.7h left)
[12:08:34]   solve: 92358232/282299680 (9287/s, ~5.7h left)
[12:09:40]   solve: 92823575/282299680 (9272/s, ~5.7h left)
[12:10:46]   solve: 93258516/282299680 (9255/s, ~5.7h left)
[12:11:53]   solve: 93753334/282299680 (9243/s, ~5.7h left)
[12:13:00]   solve: 94266067/282299680 (9233/s, ~5.7h left)
[12:14:06]   solve: 94766332/282299680 (9222/s, ~5.6h left)
[12:15:12]   solve: 95169858/282299680 (9201/s, ~5.6h left)
[12:16:19]   solve: 95530975/282299680 (9177/s, ~5.7h left)
[12:17:25]   solve: 95847015/282299680 (9149/s, ~5.7h left)
[12:18:32]   solve: 96132091/282299680 (9119/s, ~5.7h left)
[12:19:38]   solve: 96342603/282299680 (9081/s, ~5.7h left)
[12:20:44]   solve: 96515295/282299680 (9041/s, ~5.7h left)
[12:21:51]   solve: 96666251/282299680 (8999/s, ~5.7h left)
[12:22:58]   solve: 96824759/282299680 (8958/s, ~5.8h left)
[12:24:04]   solve: 96904629/282299680 (8911/s, ~5.8h left)
[12:25:10]   solve: 97017966/282299680 (8868/s, ~5.8h left)
[12:26:16]   solve: 97166155/282299680 (8828/s, ~5.8h left)
[12:27:23]   solve: 97295616/282299680 (8786/s, ~5.8h left)
[12:28:29]   solve: 97451371/282299680 (8748/s, ~5.9h left)
[12:29:36]   solve: 97584627/282299680 (8708/s, ~5.9h left)
[12:30:42]   solve: 97794055/282299680 (8675/s, ~5.9h left)
[12:31:49]   solve: 98022048/282299680 (8644/s, ~5.9h left)
[12:32:55]   solve: 98248045/282299680 (8614/s, ~5.9h left)
[12:34:01]   solve: 98519614/282299680 (8588/s, ~5.9h left)
[12:35:07]   solve: 98800198/282299680 (8563/s, ~6.0h left)
[12:36:14]   solve: 99110220/282299680 (8541/s, ~6.0h left)
[12:37:21]   solve: 99441048/282299680 (8520/s, ~6.0h left)
[12:38:27]   solve: 99869677/282299680 (8508/s, ~6.0h left)
[12:39:33]   solve: 100353598/282299680 (8502/s, ~5.9h left)
[12:40:39]   solve: 100734436/282299680 (8486/s, ~5.9h left)
[12:41:46]   solve: 101208416/282299680 (8479/s, ~5.9h left)
[12:42:52]   solve: 101662650/282299680 (8470/s, ~5.9h left)
[12:43:59]   solve: 102372734/282299680 (8482/s, ~5.9h left)
[12:45:06]   solve: 103133165/282299680 (8498/s, ~5.9h left)
[12:46:14]   solve: 105006164/282299680 (8604/s, ~5.7h left)
[12:47:20]   solve: 105878662/282299680 (8628/s, ~5.7h left)
[12:48:26]   solve: 107134699/282299680 (8684/s, ~5.6h left)
[12:49:34]   solve: 108071653/282299680 (8712/s, ~5.6h left)
[12:50:42]   solve: 108963026/282299680 (8736/s, ~5.5h left)
[12:51:49]   solve: 109905140/282299680 (8765/s, ~5.5h left)
[12:52:57]   solve: 110615505/282299680 (8774/s, ~5.4h left)
[12:54:04]   solve: 111534278/282299680 (8800/s, ~5.4h left)
[12:55:11]   solve: 111685714/282299680 (8765/s, ~5.4h left)
[12:56:19]   solve: 111832832/282299680 (8730/s, ~5.4h left)
[12:57:26]   solve: 112011472/282299680 (8699/s, ~5.4h left)
[12:58:33]   solve: 112197192/282299680 (8668/s, ~5.5h left)
[12:59:42]   solve: 112292754/282299680 (8630/s, ~5.5h left)
[13:00:49]   solve: 112382157/282299680 (8592/s, ~5.5h left)
[13:01:56]   solve: 112463131/282299680 (8555/s, ~5.5h left)
[13:03:03]   solve: 112567639/282299680 (8519/s, ~5.5h left)
[13:04:10]   solve: 112663029/282299680 (8483/s, ~5.6h left)
[13:05:17]   solve: 112747774/282299680 (8447/s, ~5.6h left)
[13:06:24]   solve: 112803850/282299680 (8409/s, ~5.6h left)
[13:07:31]   solve: 112884865/282299680 (8373/s, ~5.6h left)
[13:08:39]   solve: 112947078/282299680 (8336/s, ~5.6h left)
[13:09:47]   solve: 113025584/282299680 (8300/s, ~5.7h left)
[13:10:54]   solve: 113944622/282299680 (8326/s, ~5.6h left)
[13:12:01]   solve: 114809684/282299680 (8349/s, ~5.6h left)
[13:13:08]   solve: 115402731/282299680 (8351/s, ~5.6h left)
[13:14:16]   solve: 115859882/282299680 (8344/s, ~5.5h left)
[13:15:22]   solve: 116283294/282299680 (8334/s, ~5.5h left)
[13:16:30]   solve: 116818226/282299680 (8332/s, ~5.5h left)
[13:17:38]   solve: 117462657/282299680 (8337/s, ~5.5h left)
[13:18:46]   solve: 118003872/282299680 (8336/s, ~5.5h left)
[13:19:53]   solve: 118239811/282299680 (8313/s, ~5.5h left)
[13:21:00]   solve: 118379924/282299680 (8284/s, ~5.5h left)
[13:22:06]   solve: 118498678/282299680 (8254/s, ~5.5h left)
[13:23:13]   solve: 118617450/282299680 (8224/s, ~5.5h left)
[13:24:20]   solve: 118719942/282299680 (8193/s, ~5.5h left)
[13:25:28]   solve: 118811876/282299680 (8161/s, ~5.6h left)
[13:26:36]   solve: 118903034/282299680 (8129/s, ~5.6h left)
[13:27:43]   solve: 118957403/282299680 (8096/s, ~5.6h left)
[13:28:50]   solve: 119010254/282299680 (8062/s, ~5.6h left)
[13:29:59]   solve: 119067302/282299680 (8029/s, ~5.6h left)
[13:31:06]   solve: 119110520/282299680 (7996/s, ~5.7h left)
[13:32:14]   solve: 119172814/282299680 (7964/s, ~5.7h left)
[13:33:21]   solve: 119230217/282299680 (7932/s, ~5.7h left)
[13:34:29]   solve: 119405402/282299680 (7908/s, ~5.7h left)
[13:35:37]   solve: 119579410/282299680 (7884/s, ~5.7h left)
[13:36:45]   solve: 119751720/282299680 (7860/s, ~5.7h left)
[13:37:52]   solve: 119895609/282299680 (7835/s, ~5.8h left)
[13:39:00]   solve: 120108515/282299680 (7814/s, ~5.8h left)
[13:40:09]   solve: 120265855/282299680 (7790/s, ~5.8h left)
[13:41:16]   solve: 120420711/282299680 (7766/s, ~5.8h left)
[13:42:24]   solve: 120544178/282299680 (7740/s, ~5.8h left)
[13:43:32]   solve: 120665183/282299680 (7714/s, ~5.8h left)
[13:44:39]   solve: 120752044/282299680 (7686/s, ~5.8h left)
[13:45:47]   solve: 120878472/282299680 (7661/s, ~5.9h left)
[13:46:54]   solve: 120992316/282299680 (7636/s, ~5.9h left)
[13:48:03]   solve: 121064003/282299680 (7608/s, ~5.9h left)
[13:49:11]   solve: 121165178/282299680 (7582/s, ~5.9h left)
[13:50:19]   solve: 121268094/282299680 (7556/s, ~5.9h left)
[13:51:28]   solve: 121347377/282299680 (7529/s, ~5.9h left)
[13:52:35]   solve: 121434154/282299680 (7503/s, ~6.0h left)
[13:53:42]   solve: 121496494/282299680 (7475/s, ~6.0h left)
[13:54:50]   solve: 121548788/282299680 (7448/s, ~6.0h left)
[13:55:57]   solve: 121932375/282299680 (7440/s, ~6.0h left)
[13:57:04]   solve: 122331347/282299680 (7434/s, ~6.0h left)
[13:58:12]   solve: 122616064/282299680 (7421/s, ~6.0h left)
[13:59:20]   solve: 123125135/282299680 (7421/s, ~6.0h left)
[14:00:29]   solve: 124052555/282299680 (7446/s, ~5.9h left)
[14:01:37]   solve: 124627618/282299680 (7450/s, ~5.9h left)
[14:02:45]   solve: 124907620/282299680 (7437/s, ~5.9h left)
[14:03:53]   solve: 125509628/282299680 (7443/s, ~5.9h left)
[14:05:01]   solve: 126142711/282299680 (7450/s, ~5.8h left)
[14:06:08]   solve: 127067695/282299680 (7475/s, ~5.8h left)
[14:07:16]   solve: 128305812/282299680 (7518/s, ~5.7h left)
[14:08:24]   solve: 129415655/282299680 (7553/s, ~5.6h left)
[14:09:32]   solve: 130106512/282299680 (7563/s, ~5.6h left)
[14:10:41]   solve: 131586953/282299680 (7619/s, ~5.5h left)
[14:11:50]   solve: 132441054/282299680 (7637/s, ~5.5h left)
[14:12:59]   solve: 132917067/282299680 (7635/s, ~5.4h left)
[14:14:07]   solve: 133713509/282299680 (7650/s, ~5.4h left)
[14:15:16]   solve: 134207198/282299680 (7649/s, ~5.4h left)
[14:16:24]   solve: 134582929/282299680 (7640/s, ~5.4h left)
[14:17:33]   solve: 135162529/282299680 (7643/s, ~5.3h left)
[14:18:42]   solve: 135501504/282299680 (7633/s, ~5.3h left)
[14:19:51]   solve: 135697471/282299680 (7614/s, ~5.3h left)
[14:21:00]   solve: 135863016/282299680 (7594/s, ~5.4h left)
[14:22:09]   solve: 135974381/282299680 (7571/s, ~5.4h left)
[14:23:18]   solve: 136049563/282299680 (7546/s, ~5.4h left)
[14:24:27]   solve: 136137589/282299680 (7522/s, ~5.4h left)
[14:25:35]   solve: 136378786/282299680 (7507/s, ~5.4h left)
[14:26:44]   solve: 136713629/282299680 (7497/s, ~5.4h left)
[14:27:53]   solve: 137254504/282299680 (7499/s, ~5.4h left)
[14:29:02]   solve: 137812936/282299680 (7501/s, ~5.4h left)
[14:30:11]   solve: 138487176/282299680 (7509/s, ~5.3h left)
[14:31:20]   solve: 139247102/282299680 (7523/s, ~5.3h left)
[14:32:30]   solve: 139874421/282299680 (7528/s, ~5.3h left)
[14:33:39]   solve: 140688415/282299680 (7544/s, ~5.2h left)
[14:34:49]   solve: 141475157/282299680 (7558/s, ~5.2h left)
[14:35:57]   solve: 142072073/282299680 (7562/s, ~5.2h left)
[14:37:06]   solve: 142525826/282299680 (7558/s, ~5.1h left)
[14:38:15]   solve: 142883374/282299680 (7550/s, ~5.1h left)
[14:39:25]   solve: 143279213/282299680 (7543/s, ~5.1h left)
[14:40:34]   solve: 143568903/282299680 (7531/s, ~5.1h left)
[14:41:42]   solve: 143781712/282299680 (7515/s, ~5.1h left)
[14:42:51]   solve: 143971681/282299680 (7498/s, ~5.1h left)
[14:44:01]   solve: 144330530/282299680 (7489/s, ~5.1h left)
[14:45:11]   solve: 144639784/282299680 (7478/s, ~5.1h left)
[14:46:20]   solve: 145194889/282299680 (7480/s, ~5.1h left)
[14:47:29]   solve: 145620721/282299680 (7475/s, ~5.1h left)
[14:48:39]   solve: 146086191/282299680 (7473/s, ~5.1h left)
[14:49:48]   solve: 146632384/282299680 (7474/s, ~5.0h left)
[14:50:57]   solve: 147189431/282299680 (7476/s, ~5.0h left)
[14:52:07]   solve: 147775371/282299680 (7479/s, ~5.0h left)
[14:53:17]   solve: 148305018/282299680 (7480/s, ~5.0h left)
[14:54:27]   solve: 148839438/282299680 (7480/s, ~5.0h left)
[14:55:36]   solve: 149240784/282299680 (7474/s, ~4.9h left)
[14:56:47]   solve: 149704945/282299680 (7471/s, ~4.9h left)
[14:57:56]   solve: 150028211/282299680 (7462/s, ~4.9h left)
[14:59:06]   solve: 150381981/282299680 (7453/s, ~4.9h left)
[15:00:16]   solve: 150812126/282299680 (7449/s, ~4.9h left)
[15:01:26]   solve: 151259208/282299680 (7445/s, ~4.9h left)
[15:02:35]   solve: 151733160/282299680 (7443/s, ~4.9h left)
[15:03:44]   solve: 152212783/282299680 (7442/s, ~4.9h left)
[15:04:54]   solve: 152742824/282299680 (7442/s, ~4.8h left)
[15:06:03]   solve: 153391702/282299680 (7448/s, ~4.8h left)
[15:07:13]   solve: 154104017/282299680 (7458/s, ~4.8h left)
[15:08:22]   solve: 154560689/282299680 (7455/s, ~4.8h left)
[15:09:32]   solve: 155152739/282299680 (7458/s, ~4.7h left)
[15:10:41]   solve: 155968673/282299680 (7473/s, ~4.7h left)
[15:11:52]   solve: 156490753/282299680 (7472/s, ~4.7h left)
[15:13:03]   solve: 157036613/282299680 (7473/s, ~4.7h left)
[15:14:12]   solve: 157797023/282299680 (7485/s, ~4.6h left)
[15:15:23]   solve: 158379915/282299680 (7487/s, ~4.6h left)
[15:16:32]   solve: 158832161/282299680 (7484/s, ~4.6h left)
[15:17:42]   solve: 159301627/282299680 (7481/s, ~4.6h left)
[15:18:52]   solve: 159735465/282299680 (7477/s, ~4.6h left)
[15:20:01]   solve: 160187911/282299680 (7474/s, ~4.5h left)
[15:21:11]   solve: 160594278/282299680 (7469/s, ~4.5h left)
[15:22:22]   solve: 160988988/282299680 (7463/s, ~4.5h left)
[15:23:33]   solve: 161323847/282299680 (7454/s, ~4.5h left)
[15:24:44]   solve: 161791172/282299680 (7451/s, ~4.5h left)
[15:25:54]   solve: 162172501/282299680 (7444/s, ~4.5h left)
[15:27:05]   solve: 162637101/282299680 (7442/s, ~4.5h left)
[15:28:15]   solve: 163113187/282299680 (7439/s, ~4.5h left)
[15:29:25]   solve: 163679443/282299680 (7441/s, ~4.4h left)
[15:30:35]   solve: 164382252/282299680 (7450/s, ~4.4h left)
[15:31:45]   solve: 165037954/282299680 (7456/s, ~4.4h left)
[15:32:56]   solve: 165723750/282299680 (7463/s, ~4.3h left)
[15:34:08]   solve: 166707406/282299680 (7483/s, ~4.3h left)
[15:35:19]   solve: 167734900/282299680 (7505/s, ~4.2h left)
[15:36:30]   solve: 168980770/282299680 (7537/s, ~4.2h left)
[15:37:41]   solve: 170356178/282299680 (7574/s, ~4.1h left)
[15:38:52]   solve: 171896061/282299680 (7619/s, ~4.0h left)
[15:40:02]   solve: 173135348/282299680 (7650/s, ~4.0h left)
[15:41:14]   solve: 174643313/282299680 (7692/s, ~3.9h left)
[15:42:24]   solve: 175971051/282299680 (7727/s, ~3.8h left)
[15:43:36]   solve: 177449221/282299680 (7767/s, ~3.7h left)
[15:44:48]   solve: 178375927/282299680 (7783/s, ~3.7h left)
[15:45:59]   solve: 179390982/282299680 (7803/s, ~3.7h left)
[15:47:11]   solve: 180195956/282299680 (7814/s, ~3.6h left)
[15:48:23]   solve: 181061670/282299680 (7827/s, ~3.6h left)
[15:49:34]   solve: 181889310/282299680 (7839/s, ~3.6h left)
[15:50:45]   solve: 182475552/282299680 (7840/s, ~3.5h left)
[15:51:57]   solve: 183233562/282299680 (7848/s, ~3.5h left)
[15:53:08]   solve: 184056902/282299680 (7860/s, ~3.5h left)
[15:54:20]   solve: 184712000/282299680 (7863/s, ~3.4h left)
[15:55:31]   solve: 185819562/282299680 (7887/s, ~3.4h left)
[15:56:42]   solve: 186874419/282299680 (7907/s, ~3.4h left)
[15:57:54]   solve: 187645910/282299680 (7916/s, ~3.3h left)
[15:59:06]   solve: 188524384/282299680 (7929/s, ~3.3h left)
[16:00:18]   solve: 189348601/282299680 (7940/s, ~3.3h left)
[16:01:31]   solve: 190332102/282299680 (7956/s, ~3.2h left)
[16:02:43]   solve: 191283592/282299680 (7972/s, ~3.2h left)
[16:03:56]   solve: 192123286/282299680 (7983/s, ~3.1h left)
[16:05:09]   solve: 193026211/282299680 (7996/s, ~3.1h left)
[16:06:20]   solve: 193949337/282299680 (8011/s, ~3.1h left)
[16:07:32]   solve: 194708410/282299680 (8018/s, ~3.0h left)
[16:08:44]   solve: 195586467/282299680 (8031/s, ~3.0h left)
[16:09:58]   solve: 196357867/282299680 (8038/s, ~3.0h left)
[16:11:11]   solve: 197239350/282299680 (8050/s, ~2.9h left)
[16:12:23]   solve: 198117410/282299680 (8062/s, ~2.9h left)
[16:13:36]   solve: 198913961/282299680 (8071/s, ~2.9h left)
[16:14:48]   solve: 199591899/282299680 (8075/s, ~2.8h left)
[16:16:00]   solve: 200154483/282299680 (8074/s, ~2.8h left)
[16:17:14]   solve: 200671381/282299680 (8071/s, ~2.8h left)
[16:18:27]   solve: 201181092/282299680 (8067/s, ~2.8h left)
[16:19:38]   solve: 201521098/282299680 (8058/s, ~2.8h left)
[16:20:51]   solve: 201937040/282299680 (8051/s, ~2.8h left)
[16:22:03]   solve: 202325954/282299680 (8044/s, ~2.8h left)
[16:23:16]   solve: 202685897/282299680 (8034/s, ~2.8h left)
[16:24:29]   solve: 203038711/282299680 (8025/s, ~2.7h left)
[16:25:42]   solve: 203524842/282299680 (8021/s, ~2.7h left)
[16:26:54]   solve: 204007984/282299680 (8018/s, ~2.7h left)
[16:28:07]   solve: 204444116/282299680 (8012/s, ~2.7h left)
[16:29:21]   solve: 205048910/282299680 (8012/s, ~2.7h left)
[16:30:33]   solve: 205680860/282299680 (8014/s, ~2.7h left)
[16:31:47]   solve: 206452438/282299680 (8021/s, ~2.6h left)
[16:33:00]   solve: 207207130/282299680 (8028/s, ~2.6h left)
[16:34:12]   solve: 207682297/282299680 (8024/s, ~2.6h left)
[16:35:26]   solve: 207987861/282299680 (8013/s, ~2.6h left)
[16:36:40]   solve: 208555624/282299680 (8012/s, ~2.6h left)
[16:37:53]   solve: 209081887/282299680 (8010/s, ~2.5h left)
[16:39:07]   solve: 209548446/282299680 (8005/s, ~2.5h left)
[16:40:19]   solve: 209871832/282299680 (7995/s, ~2.5h left)
[16:41:33]   solve: 210275028/282299680 (7988/s, ~2.5h left)
[16:42:46]   solve: 210685998/282299680 (7981/s, ~2.5h left)
[16:43:59]   solve: 211072492/282299680 (7974/s, ~2.5h left)
[16:45:12]   solve: 211687815/282299680 (7975/s, ~2.5h left)
[16:46:25]   solve: 212188096/282299680 (7972/s, ~2.4h left)
[16:47:38]   solve: 212832717/282299680 (7975/s, ~2.4h left)
[16:48:51]   solve: 213624172/282299680 (7982/s, ~2.4h left)
[16:50:05]   solve: 214486565/282299680 (7993/s, ~2.4h left)
[16:51:20]   solve: 215184175/282299680 (7996/s, ~2.3h left)
[16:52:32]   solve: 215997863/282299680 (8005/s, ~2.3h left)
[16:53:46]   solve: 216513380/282299680 (8002/s, ~2.3h left)
[16:54:59]   solve: 217005634/282299680 (7999/s, ~2.3h left)
[16:56:12]   solve: 217638402/282299680 (8001/s, ~2.2h left)
[16:57:24]   solve: 218219447/282299680 (8001/s, ~2.2h left)
[16:58:37]   solve: 218681877/282299680 (7996/s, ~2.2h left)
[16:59:49]   solve: 219405481/282299680 (8002/s, ~2.2h left)
[17:01:02]   solve: 219805132/282299680 (7995/s, ~2.2h left)
[17:02:14]   solve: 220327664/282299680 (7993/s, ~2.2h left)
[17:03:26]   solve: 220661054/282299680 (7984/s, ~2.1h left)
[17:04:38]   solve: 221079436/282299680 (7979/s, ~2.1h left)
[17:05:50]   solve: 221617655/282299680 (7977/s, ~2.1h left)
[17:07:04]   solve: 222292594/282299680 (7981/s, ~2.1h left)
[17:08:17]   solve: 223019112/282299680 (7986/s, ~2.1h left)
[17:09:29]   solve: 223475217/282299680 (7981/s, ~2.0h left)
[17:10:43]   solve: 224027206/282299680 (7980/s, ~2.0h left)
[17:11:55]   solve: 224436659/282299680 (7974/s, ~2.0h left)
[17:13:08]   solve: 224770612/282299680 (7965/s, ~2.0h left)
[17:14:20]   solve: 225631031/282299680 (7975/s, ~2.0h left)
[17:15:34]   solve: 225924107/282299680 (7965/s, ~2.0h left)
[17:16:47]   solve: 226274819/282299680 (7957/s, ~2.0h left)
[17:18:02]   solve: 226631911/282299680 (7949/s, ~1.9h left)
[17:19:16]   solve: 226920680/282299680 (7938/s, ~1.9h left)
[17:20:29]   solve: 227439970/282299680 (7936/s, ~1.9h left)
[17:21:42]   solve: 227843505/282299680 (7930/s, ~1.9h left)
[17:22:57]   solve: 228490414/282299680 (7932/s, ~1.9h left)
[17:24:09]   solve: 229327775/282299680 (7941/s, ~1.9h left)
[17:25:22]   solve: 229957096/282299680 (7943/s, ~1.8h left)
[17:26:35]   solve: 231031413/282299680 (7959/s, ~1.8h left)
[17:27:49]   solve: 232256453/282299680 (7981/s, ~1.7h left)
[17:29:01]   solve: 233461937/282299680 (8003/s, ~1.7h left)
[17:30:15]   solve: 234742250/282299680 (8026/s, ~1.6h left)
[17:31:30]   solve: 236222073/282299680 (8056/s, ~1.6h left)
[17:32:46]   solve: 237552170/282299680 (8081/s, ~1.5h left)
[17:33:59]   solve: 238912427/282299680 (8107/s, ~1.5h left)
[17:35:13]   solve: 240648738/282299680 (8146/s, ~1.4h left)
[17:36:27]   solve: 242352514/282299680 (8183/s, ~1.4h left)
[17:37:42]   solve: 243517065/282299680 (8201/s, ~1.3h left)
[17:38:56]   solve: 245087834/282299680 (8234/s, ~1.3h left)
[17:40:10]   solve: 246645885/282299680 (8265/s, ~1.2h left)
[17:41:25]   solve: 248028000/282299680 (8291/s, ~1.1h left)
[17:42:39]   solve: 249394889/282299680 (8316/s, ~1.1h left)
[17:43:54]   solve: 250963878/282299680 (8347/s, ~1.0h left)
[17:45:10]   solve: 251931619/282299680 (8359/s, ~1.0h left)
[17:46:26]   solve: 253272495/282299680 (8382/s, ~1.0h left)
[17:47:41]   solve: 254366436/282299680 (8397/s, ~0.9h left)
[17:48:54]   solve: 255206856/282299680 (8405/s, ~0.9h left)
[17:50:10]   solve: 256149597/282299680 (8415/s, ~0.9h left)
[17:51:26]   solve: 256910351/282299680 (8419/s, ~0.8h left)
[17:52:41]   solve: 257638124/282299680 (8422/s, ~0.8h left)
[17:53:55]   solve: 258510204/282299680 (8430/s, ~0.8h left)
[17:55:12]   solve: 259529658/282299680 (8442/s, ~0.7h left)
[17:56:28]   solve: 260369824/282299680 (8449/s, ~0.7h left)
[17:57:44]   solve: 261225141/282299680 (8455/s, ~0.7h left)
[17:58:59]   solve: 261755633/282299680 (8452/s, ~0.7h left)
[18:00:16]   solve: 262408418/282299680 (8452/s, ~0.7h left)
[18:01:31]   solve: 263160639/282299680 (8456/s, ~0.6h left)
[18:02:47]   solve: 264057095/282299680 (8464/s, ~0.6h left)
[18:04:02]   solve: 264992804/282299680 (8474/s, ~0.6h left)
[18:05:19]   solve: 265800830/282299680 (8479/s, ~0.5h left)
[18:06:34]   solve: 266648874/282299680 (8485/s, ~0.5h left)
[18:07:49]   solve: 267680406/282299680 (8498/s, ~0.5h left)
[18:09:05]   solve: 268617007/282299680 (8507/s, ~0.4h left)
[18:10:21]   solve: 269747609/282299680 (8522/s, ~0.4h left)
[18:11:38]   solve: 271127320/282299680 (8545/s, ~0.4h left)
[18:12:54]   solve: 272549673/282299680 (8569/s, ~0.3h left)
[18:14:09]   solve: 273806716/282299680 (8589/s, ~0.3h left)
[18:15:24]   solve: 275243714/282299680 (8614/s, ~0.2h left)
[18:16:39]   solve: 276192705/282299680 (8623/s, ~0.2h left)
[18:17:55]   solve: 277273163/282299680 (8636/s, ~0.2h left)
[18:19:10]   solve: 278410473/282299680 (8651/s, ~0.1h left)
[18:20:25]   solve: 279323972/282299680 (8660/s, ~0.1h left)
[18:21:39]   solve: 280286292/282299680 (8670/s, ~0.1h left)
[18:22:54]   solve: 281004713/282299680 (8672/s, ~0.0h left)
[18:24:09]   solve: 281657900/282299680 (8672/s, ~0.0h left)
[18:25:24]   solve: 282034754/282299680 (8664/s, ~0.0h left)
[18:26:38]   solve: 282183471/282299680 (8648/s, ~0.0h left)
[18:27:52]   solve: 282299680/282299680 (8632/s, ~0.0h left)
[18:27:52] all shard workers done
[18:30:58] collect: LE=282260341 MAX=0 TO=39339 odd=0; hard=39339
[18:30:58] re-deciding 39339 hard combos via CP-SAT (cap 1200) ...
