#501 score3783 bouwcuratrixjes/wetenschapsquiz: solve: R7 faalt | zetten=0 tegels=0 score=0 ok=True (OK) 
#502 score3782 woestijnlynxjes/geschenkcheques: solve: R7 faalt | zetten=0 tegels=0 score=0 ok=True (OK) 
#503 score3782 geschenkcheques/woestijnlynxjes: solve: R7 faalt | zetten=0 tegels=0 score=0 ok=True (OK) 
#504 score3782 proxyservertjes/geschenkcheques: solve: R7 faalt | zetten=0 tegels=0 score=0 ok=True (OK) 
#505 score3782 proxyservertjes/geschenkcheques: solve: R7 faalt | zetten=0 tegels=0 score=0 ok=True (OK) 
#506 score3782 bouwcuratrixjes/geschenkcheques: solve: R7 faalt | zetten=0 tegels=0 score=0 ok=True (OK) 
#507 score3782 woestijnlynxjes/geschenkcheques: solve: R7 faalt | zetten=0 tegels=0 score=0 ok=True (OK) 
#508 score3782 babyglimlachjes/chequeformulier: solve: R7 faalt | zetten=0 tegels=0 score=0 ok=True (OK) 
#509 score3782 chequeformulier/babyglimlachjes: solve: R7 faalt | zetten=0 tegels=0 score=0 ok=True (OK) 
#510 score3782 geschenkcheques/woestijnlynxjes: solve: R7 faalt | zetten=0 tegels=0 score=0 ok=True (OK) 
#511 score3782 bouwcuratrixjes/chequeformulier: solve: R7 faalt | zetten=0 tegels=0 score=0 ok=True (OK) 
#512 score3782 babyparfummetje/geschenkcheques: solve: R7 faalt | zetten=0 tegels=0 score=0 ok=True (OK) 
#513 score3782 wetenschapsquiz/babyglimlachjes: solve: R7 faalt | zetten=0 tegels=0 score=0 ok=True (OK) 
#514 score3782 geschenkcheques/babyparfummetje: solve: R7 faalt | zetten=0 tegels=0 score=0 ok=True (OK) 
#515 score3782 benzoylperoxide/geschenkcheques: solve: R7 faalt | zetten=0 tegels=0 score=0 ok=True (OK) 
#516 score3782 babyparfummetje/geschenkcheques: solve: R7 faalt | zetten=0 tegels=0 score=0 ok=True (OK) 
#517 score3782 babyglimlachjes/chequeformulier: solve: R7 faalt | zetten=0 tegels=0 score=0 ok=True (OK) 
#518 score3782 chequeformulier/babyglimlachjes: solve: R7 faalt | zetten=0 tegels=0 score=0 ok=True (OK) 
#519 score3782 geschenkcheques/benzoylperoxide: solve: R7 faalt | zetten=0 tegels=0 score=0 ok=True (OK) 
#520 score3782 geschenkcheques/babyparfummetje: solve: R7 faalt | zetten=0 tegels=0 score=0 ok=True (OK) 
#521 score3782 babyzwemmertjes/geschenkcheques: solve: R7 faalt | zetten=0 tegels=0 score=0 ok=True (OK) 
#522 score3782 geschenkcheques/babyzwemmertjes: solve: R7 faalt | zetten=0 tegels=0 score=0 ok=True (OK) 
#523 score3782 proxyservertjes/geschenkcheques: solve: R7 faalt | zetten=0 tegels=0 score=0 ok=True (OK) 
#524 score3782 bouwcuratrixjes/jacquardmachine: solve: R7 faalt | zetten=0 tegels=0 score=0 ok=True (OK) 
#525 score3782 bouwcuratrixjes/chequebedragjes: solve: R7 faalt | zetten=0 tegels=0 score=0 ok=True (OK) 
#526 score3781 bouwcuratrixjes/geschenkcheques: solve: R7 faalt | zetten=0 tegels=0 score=0 ok=True (OK) 
#527 score3781 bouwcuratrixjes/chequebedragjes: solve: R7 faalt | zetten=0 tegels=0 score=0 ok=True (OK) 
#528 score3781 polymelkzuurtje/geschenkcheques: solve: R7 faalt | zetten=0 tegels=0 score=0 ok=True (OK) 
#529 score3781 geschenkcheques/polymelkzuurtje: solve: R7 faalt | zetten=0 tegels=0 score=0 ok=True (OK) 
#530 score3781 bouwcuratrixjes/chequeformulier: solve: R7 faalt | zetten=0 tegels=0 score=0 ok=True (OK) 
#531 score3781 bouwcuratrixjes/wetenschapsquiz: solve: R7 faalt | zetten=0 tegels=0 score=0 ok=True (OK) 
#532 score3781 bouwcuratrixjes/jacquardmachine: solve: R7 faalt | zetten=0 tegels=0 score=0 ok=True (OK) 
#533 score3781 vrouwenlobbytje/geschenkcheques: solve: R7 faalt | zetten=0 tegels=0 score=0 ok=True (OK) 
#534 score3781 papyrusfragment/geschenkcheques: solve: R7 faalt | zetten=0 tegels=0 score=0 ok=True (OK) 
#535 score3781 wetenschapsquiz/babyzwemmertjes: solve: R7 faalt | zetten=0 tegels=0 score=0 ok=True (OK) 
#536 score3781 geschenkcheques/vrouwenlobbytje: solve: R7 faalt | zetten=0 tegels=0 score=0 ok=True (OK) 
#537 score3781 geschenkcheques/papyrusfragment: solve: R7 faalt | zetten=0 tegels=0 score=0 ok=True (OK) 
#538 score3780 proxyservertjes/geschenkcheques: solve: R7 faalt | zetten=0 tegels=0 score=0 ok=True (OK) 
#539 score3780 bouwcuratrixjes/geschenkcheques: solve: R7 faalt | zetten=0 tegels=0 score=0 ok=True (OK) 
#540 score3780 proxyservertjes/geschenkcheques: solve: R7 faalt | zetten=0 tegels=0 score=0 ok=True (OK) 
#541 score3780 proxyservertjes/geschenkcheques: solve: R7 faalt | zetten=0 tegels=0 score=0 ok=True (OK) 
#542 score3780 woestijnlynxjes/geschenkcheques: solve: R7 faalt | zetten=0 tegels=0 score=0 ok=True (OK) 
#543 score3780 geschenkcheques/woestijnlynxjes: solve: R7 faalt | zetten=0 tegels=0 score=0 ok=True (OK) 
#544 score3780 woestijnlynxjes/geschenkcheques: solve: R7 faalt | zetten=0 tegels=0 score=0 ok=True (OK) 
#545 score3780 polymelkzuurtje/geschenkcheques: solve: R7 faalt | zetten=0 tegels=0 score=0 ok=True (OK) 
#546 score3780 geschenkcheques/woestijnlynxjes: solve: R7 faalt | zetten=0 tegels=0 score=0 ok=True (OK) 
#547 score3780 geschenkcheques/polymelkzuurtje: solve: R7 faalt | zetten=0 tegels=0 score=0 ok=True (OK) 
#548 score3780 bouwcuratrixjes/chequeformulier: solve: R7 faalt | zetten=0 tegels=0 score=0 ok=True (OK) 
#549 score3780 proxyservertjes/geschenkcheques: solve: R7 faalt | zetten=0 tegels=0 score=0 ok=True (OK) 
#550 score3780 buffalowurmpjes/geschenkcheques: solve: R7 faalt | zetten=0 tegels=0 score=0 ok=True (OK) 
#551 score3780 bouwvakkersfuif/geschenkcheques: solve: R7 faalt | zetten=0 tegels=0 score=0 ok=True (OK) 
#552 score3780 luchtwegwijzers/chequeformulier: solve: R7 faalt | zetten=0 tegels=0 score=0 ok=True (OK) 
#553 score3780 chequeformulier/luchtwegwijzers: solve: R7 faalt | zetten=0 tegels=0 score=0 ok=True (OK) 
#554 score3780 geschenkcheques/buffalowurmpjes: solve: R7 faalt | zetten=0 tegels=0 score=0 ok=True (OK) 
#555 score3780 geschenkcheques/bouwvakkersfuif: solve: R7 faalt | zetten=0 tegels=0 score=0 ok=True (OK) 
#556 score3780 proxyservertjes/geschenkcheques: solve: R7 faalt | zetten=0 tegels=0 score=0 ok=True (OK) 
#557 score3780 bouwcuratrixjes/chequeformulier: solve: R7 faalt | zetten=0 tegels=0 score=0 ok=True (OK) 
#558 score3779 bouwcuratrixjes/geschenkcheques: solve: R7 faalt | zetten=0 tegels=0 score=0 ok=True (OK) 
#559 score3779 bouwcuratrixjes/geschenkcheques: solve: R7 faalt | zetten=0 tegels=0 score=0 ok=True (OK) 
#560 score3779 bouwcuratrixjes/geschenkcheques: solve: R7 faalt | zetten=0 tegels=0 score=0 ok=True (OK) 
#561 score3779 woestijnlynxjes/geschenkcheques: solve: pre-run-verbinding faalt | zetten=4 tegels=18 score=582 ok=True (OK) 
#562 score3779 geschenkcheques/woestijnlynxjes: solve: pre-run-verbinding faalt | zetten=4 tegels=18 score=584 ok=True (OK) 
#563 score3779 buxusbedrijfjes/geschenkcheques: solve: R7 faalt | zetten=0 tegels=0 score=0 ok=True (OK) 
#564 score3779 geschenkcheques/buxusbedrijfjes: solve: R7 faalt | zetten=0 tegels=0 score=0 ok=True (OK) 
#565 score3779 babyglimlachjes/chequeformulier: solve: R7 faalt | zetten=0 tegels=0 score=0 ok=True (OK) 
#566 score3779 chequeformulier/babyglimlachjes: solve: R7 faalt | zetten=0 tegels=0 score=0 ok=True (OK) 
#567 score3779 babyzwemmertjes/geschenkcheques: solve: R7 faalt | zetten=0 tegels=0 score=0 ok=True (OK) 
#568 score3779 geschenkcheques/babyzwemmertjes: solve: R7 faalt | zetten=0 tegels=0 score=0 ok=True (OK) 
#569 score3779 bouwcuratrixjes/geschenkcheques: solve: R7 faalt | zetten=0 tegels=0 score=0 ok=True (OK) 
#570 score3779 bouwcuratrixjes/jacquardmachine: solve: R7 faalt | zetten=0 tegels=0 score=0 ok=True (OK) 
#571 score3779 bouwcuratrixjes/jacquardmachine: solve: R7 faalt | zetten=0 tegels=0 score=0 ok=True (OK) 
#572 score3779 bouwcuratrixjes/chequebedragjes: solve: R7 faalt | zetten=0 tegels=0 score=0 ok=True (OK) 
#573 score3779 bouwcuratrixjes/geschenkcheques: solve: R7 faalt | zetten=0 tegels=0 score=0 ok=True (OK) 
#574 score3779 bouwcuratrixjes/geschenkcheques: solve: R7 faalt | zetten=0 tegels=0 score=0 ok=True (OK) 
#575 score3779 publieksjurytje/geschenkcheques: solve: R7 faalt | zetten=0 tegels=0 score=0 ok=True (OK) 
#576 score3779 geschenkcheques/publieksjurytje: solve: R7 faalt | zetten=0 tegels=0 score=0 ok=True (OK) 
#577 score3779 wetenschapsquiz/vluchtreflexjes: solve: R7 faalt | zetten=0 tegels=0 score=0 ok=True (OK) 
#578 score3779 bouwcuratrixjes/aliquotvleugels: solve: R7 faalt | zetten=0 tegels=0 score=0 ok=True (OK) 
#579 score3779 bouwcuratrixjes/lewylichaampjes: solve: R7 faalt | zetten=0 tegels=0 score=0 ok=True (OK) 
#580 score3778 babyglimlachjes/chequeformulier: solve: R7 faalt | zetten=0 tegels=0 score=0 ok=True (OK) 
#581 score3778 chequeformulier/babyglimlachjes: solve: R7 faalt | zetten=0 tegels=0 score=0 ok=True (OK) 
#582 score3778 bouwcuratrixjes/chequebedragjes: solve: R7 faalt | zetten=0 tegels=0 score=0 ok=True (OK) 
#583 score3778 bouwcuratrixjes/geschenkcheques: solve: R7 faalt | zetten=0 tegels=0 score=0 ok=True (OK) 
#584 score3778 proxyservertjes/geschenkcheques: solve: R7 faalt | zetten=0 tegels=0 score=0 ok=True (OK) 
#585 score3778 lewylichaampjes/chequeformulier: solve: R7 faalt | zetten=0 tegels=0 score=0 ok=True (OK) 
#586 score3778 chequeformulier/lewylichaampjes: solve: R7 faalt | zetten=0 tegels=0 score=0 ok=True (OK) 
#587 score3778 babyzwemmertjes/geschenkcheques: solve: pre-run-verbinding faalt | zetten=4 tegels=22 score=664 ok=True (OK) 
#589 score3778 proxyservertjes/geschenkcheques: solve: R7 faalt | zetten=0 tegels=0 score=0 ok=True (OK) 
#590 score3778 babyglimlachjes/chequeformulier: solve: R7 faalt | zetten=0 tegels=0 score=0 ok=True (OK) 
#591 score3778 chequeformulier/babyglimlachjes: solve: R7 faalt | zetten=0 tegels=0 score=0 ok=True (OK) 
#592 score3778 woestijnlynxjes/geschenkcheques: solve: R7 faalt | zetten=0 tegels=0 score=0 ok=True (OK) 
#593 score3778 geschenkcheques/woestijnlynxjes: solve: R7 faalt | zetten=0 tegels=0 score=0 ok=True (OK) 
#594 score3778 babywenkbrauwen/geschenkcheques: solve: pre-run-verbinding faalt | zetten=4 tegels=22 score=692 ok=True (OK) 
#595 score3778 geschenkcheques/babywenkbrauwen: solve: pre-run-verbinding faalt | zetten=4 tegels=22 score=692 ok=True (OK) 
#596 score3778 luchtwegwijzers/chequeformulier: solve: R7 faalt | zetten=0 tegels=0 score=0 ok=True (OK) 
#597 score3778 chequeformulier/luchtwegwijzers: solve: R7 faalt | zetten=0 tegels=0 score=0 ok=True (OK) 
#598 score3778 babyzwemmertjes/geschenkcheques: solve: R7 faalt | zetten=0 tegels=0 score=0 ok=True (OK) 
#599 score3778 luchtwegwijzers/chequeformulier: solve: R7 faalt | zetten=0 tegels=0 score=0 ok=True (OK) 
#600 score3778 lewylichaampjes/chequeformulier: solve: R7 faalt | zetten=0 tegels=0 score=0 ok=True (OK) 
#601 score3778 bouwcuratrixjes/geschenkcheques: solve: R7 faalt | zetten=0 tegels=0 score=0 ok=True (OK) 
#602 score3778 chequeformulier/luchtwegwijzers: solve: R7 faalt | zetten=0 tegels=0 score=0 ok=True (OK) 
#603 score3778 chequeformulier/lewylichaampjes: solve: R7 faalt | zetten=0 tegels=0 score=0 ok=True (OK) 
#604 score3778 geschenkcheques/babyzwemmertjes: solve: R7 faalt | zetten=0 tegels=0 score=0 ok=True (OK) 
#605 score3778 woestijnlynxjes/geschenkcheques: solve: R7 faalt | zetten=0 tegels=0 score=0 ok=True (OK) 
#606 score3778 geschenkcheques/woestijnlynxjes: solve: R7 faalt | zetten=0 tegels=0 score=0 ok=True (OK) 
#607 score3778 bouwcuratrixjes/lewylichaampjes: solve: R7 faalt | zetten=0 tegels=0 score=0 ok=True (OK) 
#608 score3778 bouwcuratrixjes/verrekencheques: solve: R7 faalt | zetten=0 tegels=0 score=0 ok=True (OK) 
#609 score3778 bouwcuratrixjes/quizmasterschap: solve: R7 faalt | zetten=0 tegels=0 score=0 ok=True (OK) 
#610 score3777 papyruszuiltjes/geschenkcheques: solve: R7 faalt | zetten=0 tegels=0 score=0 ok=True (OK) 
#611 score3777 geschenkcheques/papyruszuiltjes: solve: R7 faalt | zetten=0 tegels=0 score=0 ok=True (OK) 
#612 score3777 papyruszuiltjes/geschenkcheques: solve: R7 faalt | zetten=0 tegels=0 score=0 ok=True (OK) 
#613 score3777 geschenkcheques/papyruszuiltjes: solve: R7 faalt | zetten=0 tegels=0 score=0 ok=True (OK) 
#614 score3777 papyruszuiltjes/geschenkcheques: solve: R7 faalt | zetten=0 tegels=0 score=0 ok=True (OK) 
#615 score3777 geschenkcheques/papyruszuiltjes: solve: R7 faalt | zetten=0 tegels=0 score=0 ok=True (OK) 
#616 score3777 proxyservertjes/geschenkcheques: solve: R7 faalt | zetten=0 tegels=0 score=0 ok=True (OK) 
#617 score3777 proxyservertjes/geschenkcheques: solve: R7 faalt | zetten=0 tegels=0 score=0 ok=True (OK) 
#618 score3777 proxyservertjes/geschenkcheques: solve: R7 faalt | zetten=0 tegels=0 score=0 ok=True (OK) 
#619 score3777 babyzwemmertjes/geschenkcheques: solve: R7 faalt | zetten=0 tegels=0 score=0 ok=True (OK) 
#620 score3777 geschenkcheques/babyzwemmertjes: solve: R7 faalt | zetten=0 tegels=0 score=0 ok=True (OK) 
#621 score3777 bouwcuratrixjes/chequebedragjes: solve: R7 faalt | zetten=0 tegels=0 score=0 ok=True (OK) 
#622 score3777 polymelkzuurtje/geschenkcheques: solve: R7 faalt | zetten=0 tegels=0 score=0 ok=True (OK) 
#623 score3777 geschenkcheques/polymelkzuurtje: solve: R7 faalt | zetten=0 tegels=0 score=0 ok=True (OK) 
#624 score3777 papyruszuiltjes/geschenkcheques: solve: R7 faalt | zetten=0 tegels=0 score=0 ok=True (OK) 
#625 score3777 geschenkcheques/papyruszuiltjes: solve: R7 faalt | zetten=0 tegels=0 score=0 ok=True (OK) 
#626 score3777 bouwcuratrixjes/cliquetsystemen: solve: R7 faalt | zetten=0 tegels=0 score=0 ok=True (OK) 
#627 score3777 bouwcuratrixjes/chequebedragjes: solve: R7 faalt | zetten=0 tegels=0 score=0 ok=True (OK) 
#628 score3777 proxyservertjes/geschenkcheques: solve: R7 faalt | zetten=0 tegels=0 score=0 ok=True (OK) 
#629 score3777 bouwcuratrixjes/wetenschapsquiz: solve: pre-run-verbinding faalt | zetten=4 tegels=20 score=613 ok=True (OK) 
#630 score3777 proxyservertjes/geschenkcheques: solve: pre-run-verbinding faalt | zetten=4 tegels=21 score=575 ok=True (OK) 
#631 score3777 benzoylperoxide/geschenkcheques: solve: R7 faalt | zetten=0 tegels=0 score=0 ok=True (OK) 
#632 score3777 wetenschapsquiz/babyglimlachjes: solve: R7 faalt | zetten=0 tegels=0 score=0 ok=True (OK) 
#633 score3777 geschenkcheques/benzoylperoxide: solve: R7 faalt | zetten=0 tegels=0 score=0 ok=True (OK) 
#634 score3777 vrouwtjesguppys/geschenkcheques: solve: R7 faalt | zetten=0 tegels=0 score=0 ok=True (OK) 
#635 score3777 babyparfummetje/geschenkcheques: solve: R7 faalt | zetten=0 tegels=0 score=0 ok=True (OK) 
#636 score3777 lewylichaampjes/chequeformulier: solve: R7 faalt | zetten=0 tegels=0 score=0 ok=True (OK) 
#637 score3777 wetenschapsquiz/babyglimlachjes: solve: R7 faalt | zetten=0 tegels=0 score=0 ok=True (OK) 
#638 score3777 chequeformulier/lewylichaampjes: solve: R7 faalt | zetten=0 tegels=0 score=0 ok=True (OK) 
#639 score3777 geschenkcheques/babyparfummetje: solve: R7 faalt | zetten=0 tegels=0 score=0 ok=True (OK) 
#640 score3777 bouwcuratrixjes/jacquardmachine: solve: R7 faalt | zetten=0 tegels=0 score=0 ok=True (OK) 
#641 score3777 vluchtreflexjes/chequeformulier: solve: pre-run-verbinding faalt | zetten=4 tegels=22 score=679 ok=True (OK) 
#642 score3777 chequeformulier/vluchtreflexjes: solve: pre-run-verbinding faalt | zetten=4 tegels=22 score=679 ok=True (OK) 
#643 score3777 woestijnlynxjes/geschenkcheques: solve: R7 faalt | zetten=0 tegels=0 score=0 ok=True (OK) 
#644 score3777 geschenkcheques/woestijnlynxjes: solve: R7 faalt | zetten=0 tegels=0 score=0 ok=True (OK) 
#645 score3777 woestijnlynxjes/chequeformulier: solve: R7 faalt | zetten=0 tegels=0 score=0 ok=True (OK) 
#646 score3777 chequeformulier/woestijnlynxjes: solve: R7 faalt | zetten=0 tegels=0 score=0 ok=True (OK) 
#647 score3776 proxyservertjes/geschenkcheques: solve: R7 faalt | zetten=0 tegels=0 score=0 ok=True (OK) 
#648 score3776 babyglimlachjes/chequeformulier: solve: R7 faalt | zetten=0 tegels=0 score=0 ok=True (OK) 
#649 score3776 chequeformulier/babyglimlachjes: solve: R7 faalt | zetten=0 tegels=0 score=0 ok=True (OK) 
#650 score3776 babyzwemmertjes/geschenkcheques: solve: R7 faalt | zetten=0 tegels=0 score=0 ok=True (OK) 
#651 score3776 geschenkcheques/babyzwemmertjes: solve: R7 faalt | zetten=0 tegels=0 score=0 ok=True (OK) 
#652 score3776 proxyservertjes/geschenkcheques: solve: R7 faalt | zetten=0 tegels=0 score=0 ok=True (OK) 
#653 score3776 babyzwemmertjes/geschenkcheques: solve: R7 faalt | zetten=0 tegels=0 score=0 ok=True (OK) 
#654 score3776 geschenkcheques/babyzwemmertjes: solve: R7 faalt | zetten=0 tegels=0 score=0 ok=True (OK) 
#655 score3776 proxyservertjes/geschenkcheques: solve: R7 faalt | zetten=0 tegels=0 score=0 ok=True (OK) 
#656 score3776 proxyservertjes/geschenkcheques: solve: R7 faalt | zetten=0 tegels=0 score=0 ok=True (OK) 
#657 score3776 babyzwemmertjes/geschenkcheques: solve: R7 faalt | zetten=0 tegels=0 score=0 ok=True (OK) 
#658 score3776 geschenkcheques/babyzwemmertjes: solve: R7 faalt | zetten=0 tegels=0 score=0 ok=True (OK) 
#659 score3776 bouwcuratrixjes/jacquardmachine: solve: R7 faalt | zetten=0 tegels=0 score=0 ok=True (OK) 
#660 score3776 bouwcuratrixjes/chequebedragjes: solve: R7 faalt | zetten=0 tegels=0 score=0 ok=True (OK) 
#661 score3776 polymelkzuurtje/geschenkcheques: solve: R7 faalt | zetten=0 tegels=0 score=0 ok=True (OK) 
#662 score3776 papyruszuiltjes/geschenkcheques: solve: R7 faalt | zetten=0 tegels=0 score=0 ok=True (OK) 
#663 score3776 geschenkcheques/polymelkzuurtje: solve: R7 faalt | zetten=0 tegels=0 score=0 ok=True (OK) 
#664 score3776 geschenkcheques/papyruszuiltjes: solve: R7 faalt | zetten=0 tegels=0 score=0 ok=True (OK) 
#665 score3776 proxyservertjes/geschenkcheques: solve: R7 faalt | zetten=0 tegels=0 score=0 ok=True (OK) 
#666 score3776 proxyservertjes/geschenkcheques: solve: R7 faalt | zetten=0 tegels=0 score=0 ok=True (OK) 
#667 score3776 babyzwemmertjes/geschenkcheques: solve: R7 faalt | zetten=0 tegels=0 score=0 ok=True (OK) 
#668 score3776 geschenkcheques/babyzwemmertjes: solve: R7 faalt | zetten=0 tegels=0 score=0 ok=True (OK) 
#669 score3775 bouwcuratrixjes/chequebedragjes: solve: R7 faalt | zetten=0 tegels=0 score=0 ok=True (OK) 
#670 score3775 bouwcuratrixjes/geschenkcheques: solve: R7 faalt | zetten=0 tegels=0 score=0 ok=True (OK) 
#671 score3775 babyglimlachjes/chequeformulier: solve: R7 faalt | zetten=0 tegels=0 score=0 ok=True (OK) 
#672 score3775 chequeformulier/babyglimlachjes: solve: R7 faalt | zetten=0 tegels=0 score=0 ok=True (OK) 
#673 score3775 babyzwemmertjes/geschenkcheques: solve: R7 faalt | zetten=0 tegels=0 score=0 ok=True (OK) 
#674 score3775 babyglimlachjes/chequeformulier: solve: R7 faalt | zetten=0 tegels=0 score=0 ok=True (OK) 
#675 score3775 chequeformulier/babyglimlachjes: solve: R7 faalt | zetten=0 tegels=0 score=0 ok=True (OK) 
#676 score3775 geschenkcheques/babyzwemmertjes: solve: R7 faalt | zetten=0 tegels=0 score=0 ok=True (OK) 
#677 score3775 bouwcuratrixjes/geschenkcheques: solve: R7 faalt | zetten=0 tegels=0 score=0 ok=True (OK) 
#678 score3775 bouwcuratrixjes/chequebedragjes: solve: R7 faalt | zetten=0 tegels=0 score=0 ok=True (OK) 
#679 score3775 bouwcuratrixjes/geschenkcheques: solve: R7 faalt | zetten=0 tegels=0 score=0 ok=True (OK) 
#680 score3775 bouwcuratrixjes/chequebedragjes: solve: R7 faalt | zetten=0 tegels=0 score=0 ok=True (OK) 
#681 score3775 bouwcuratrixjes/geschenkcheques: solve: R7 faalt | zetten=0 tegels=0 score=0 ok=True (OK) 
#682 score3775 bouwcuratrixjes/geschenkcheques: solve: pre-run-verbinding faalt | zetten=4 tegels=22 score=629 ok=True (OK) 
#683 score3775 proxyservertjes/geschenkcheques: solve: R7 faalt | zetten=0 tegels=0 score=0 ok=True (OK) 
#684 score3775 babyzwemmertjes/geschenkcheques: solve: R7 faalt | zetten=0 tegels=0 score=0 ok=True (OK) 
#685 score3775 polymelkzuurtje/geschenkcheques: solve: R7 faalt | zetten=0 tegels=0 score=0 ok=True (OK) 
#686 score3775 papyruszuiltjes/geschenkcheques: solve: R7 faalt | zetten=0 tegels=0 score=0 ok=True (OK) 
#687 score3775 geschenkcheques/babyzwemmertjes: solve: R7 faalt | zetten=0 tegels=0 score=0 ok=True (OK) 
#688 score3775 geschenkcheques/polymelkzuurtje: solve: R7 faalt | zetten=0 tegels=0 score=0 ok=True (OK) 
#689 score3775 geschenkcheques/papyruszuiltjes: solve: R7 faalt | zetten=0 tegels=0 score=0 ok=True (OK) 
#690 score3775 babyzwemmertjes/geschenkcheques: solve: R7 faalt | zetten=0 tegels=0 score=0 ok=True (OK) 
#691 score3775 babyglimlachjes/chequeformulier: solve: R7 faalt | zetten=0 tegels=0 score=0 ok=True (OK) 
#692 score3775 chequeformulier/babyglimlachjes: solve: R7 faalt | zetten=0 tegels=0 score=0 ok=True (OK) 
#693 score3775 geschenkcheques/babyzwemmertjes: solve: R7 faalt | zetten=0 tegels=0 score=0 ok=True (OK) 
#694 score3775 babyzwemmertjes/geschenkcheques: solve: R7 faalt | zetten=0 tegels=0 score=0 ok=True (OK) 
#695 score3775 geschenkcheques/babyzwemmertjes: solve: R7 faalt | zetten=0 tegels=0 score=0 ok=True (OK) 
#696 score3775 vluchtreflexjes/chequeformulier: solve: R7 faalt | zetten=0 tegels=0 score=0 ok=True (OK) 
#697 score3775 chequeformulier/vluchtreflexjes: solve: R7 faalt | zetten=0 tegels=0 score=0 ok=True (OK) 
#698 score3775 vluchtreflexjes/chequeformulier: solve: R7 faalt | zetten=0 tegels=0 score=0 ok=True (OK) 
#699 score3775 chequeformulier/vluchtreflexjes: solve: R7 faalt | zetten=0 tegels=0 score=0 ok=True (OK) 
#700 score3775 woestijnlynxjes/geschenkcheques: solve: R7 faalt | zetten=0 tegels=0 score=0 ok=True (OK) 
#701 score3775 geschenkcheques/woestijnlynxjes: solve: R7 faalt | zetten=0 tegels=0 score=0 ok=True (OK) 
#702 score3775 bouwcuratrixjes/chequeformulier: solve: R7 faalt | zetten=0 tegels=0 score=0 ok=True (OK) 
#703 score3775 bouwcuratrixjes/chequeformulier: solve: R7 faalt | zetten=0 tegels=0 score=0 ok=True (OK) 
#704 score3775 woestijnlynxjes/geschenkcheques: solve: R7 faalt | zetten=0 tegels=0 score=0 ok=True (OK) 
#705 score3775 geschenkcheques/woestijnlynxjes: solve: R7 faalt | zetten=0 tegels=0 score=0 ok=True (OK) 
#706 score3775 wetenschapsquiz/babyglimlachjes: solve: R7 faalt | zetten=0 tegels=0 score=0 ok=True (OK) 
#707 score3775 vluchtreflexjes/chequeformulier: solve: R7 faalt | zetten=0 tegels=0 score=0 ok=True (OK) 
#708 score3775 bouwcuratrixjes/geschenkcheques: solve: R7 faalt | zetten=0 tegels=0 score=0 ok=True (OK) 
#709 score3775 chequeformulier/vluchtreflexjes: solve: R7 faalt | zetten=0 tegels=0 score=0 ok=True (OK) 
#710 score3775 proxyservertjes/geschenkcheques: solve: R7 faalt | zetten=0 tegels=0 score=0 ok=True (OK) 
#711 score3775 babyzwemmertjes/geschenkcheques: solve: R7 faalt | zetten=0 tegels=0 score=0 ok=True (OK) 
#712 score3775 woestijnlynxjes/geschenkcheques: solve: R7 faalt | zetten=0 tegels=0 score=0 ok=True (OK) 
#713 score3775 geschenkcheques/babyzwemmertjes: solve: R7 faalt | zetten=0 tegels=0 score=0 ok=True (OK) 
#714 score3775 geschenkcheques/woestijnlynxjes: solve: R7 faalt | zetten=0 tegels=0 score=0 ok=True (OK) 
#715 score3775 babyzwemmertjes/geschenkcheques: solve: R7 faalt | zetten=0 tegels=0 score=0 ok=True (OK) 
#716 score3775 geschenkcheques/babyzwemmertjes: solve: R7 faalt | zetten=0 tegels=0 score=0 ok=True (OK) 
#717 score3775 proxyservertjes/geschenkcheques: solve: R7 faalt | zetten=0 tegels=0 score=0 ok=True (OK) 
#718 score3775 woestijnlynxjes/geschenkcheques: solve: R7 faalt | zetten=0 tegels=0 score=0 ok=True (OK) 
#719 score3775 geschenkcheques/woestijnlynxjes: solve: R7 faalt | zetten=0 tegels=0 score=0 ok=True (OK) 
#720 score3775 babyparfummetje/geschenkcheques: solve: R7 faalt | zetten=0 tegels=0 score=0 ok=True (OK) 
#721 score3775 lewylichaampjes/chequeformulier: solve: R7 faalt | zetten=0 tegels=0 score=0 ok=True (OK) 
#722 score3775 chequeformulier/lewylichaampjes: solve: R7 faalt | zetten=0 tegels=0 score=0 ok=True (OK) 
#723 score3775 geschenkcheques/babyparfummetje: solve: R7 faalt | zetten=0 tegels=0 score=0 ok=True (OK) 
#724 score3775 bouwcuratrixjes/wetenschapsquiz: solve: R7 faalt | zetten=0 tegels=0 score=0 ok=True (OK) 
#725 score3774 woestijnlynxjes/geschenkcheques: solve: R7 faalt | zetten=0 tegels=0 score=0 ok=True (OK) 
#726 score3774 geschenkcheques/woestijnlynxjes: solve: R7 faalt | zetten=0 tegels=0 score=0 ok=True (OK) 
#727 score3774 vluchtreflexjes/chequeformulier: solve: R7 faalt | zetten=0 tegels=0 score=0 ok=True (OK) 
#728 score3774 bouwcuratrixjes/wetenschapsquiz: solve: R7 faalt | zetten=0 tegels=0 score=0 ok=True (OK) 
#729 score3774 chequeformulier/vluchtreflexjes: solve: R7 faalt | zetten=0 tegels=0 score=0 ok=True (OK) 
#730 score3774 bouwcuratrixjes/jacquardmachine: solve: R7 faalt | zetten=0 tegels=0 score=0 ok=True (OK) 
#731 score3774 bouwcuratrixjes/jacquardmachine: solve: R7 faalt | zetten=0 tegels=0 score=0 ok=True (OK) 
#732 score3774 bouwcuratrixjes/jacquardmachine: solve: R7 faalt | zetten=0 tegels=0 score=0 ok=True (OK) 
#733 score3774 bouwcuratrixjes/geschenkcheques: solve: R7 faalt | zetten=0 tegels=0 score=0 ok=True (OK) 
#734 score3774 vluchtreflexjes/chequeformulier: solve: pre-run-verbinding faalt | zetten=4 tegels=22 score=661 ok=True (OK) 
#735 score3774 chequeformulier/vluchtreflexjes: solve: pre-run-verbinding faalt | zetten=4 tegels=22 score=675 ok=True (OK) 
#736 score3774 babyzwemmertjes/geschenkcheques: solve: R7 faalt | zetten=0 tegels=0 score=0 ok=True (OK) 
#737 score3774 polymelkzuurtje/geschenkcheques: solve: R7 faalt | zetten=0 tegels=0 score=0 ok=True (OK) 
#738 score3774 papyruszuiltjes/geschenkcheques: solve: R7 faalt | zetten=0 tegels=0 score=0 ok=True (OK) 
#739 score3774 geschenkcheques/babyzwemmertjes: solve: R7 faalt | zetten=0 tegels=0 score=0 ok=True (OK) 
#740 score3774 geschenkcheques/polymelkzuurtje: solve: R7 faalt | zetten=0 tegels=0 score=0 ok=True (OK) 
#741 score3774 geschenkcheques/papyruszuiltjes: solve: R7 faalt | zetten=0 tegels=0 score=0 ok=True (OK) 
#742 score3774 babyzwemmertjes/geschenkcheques: solve: R7 faalt | zetten=0 tegels=0 score=0 ok=True (OK) 
#743 score3774 papyruszuiltjes/geschenkcheques: solve: R7 faalt | zetten=0 tegels=0 score=0 ok=True (OK) 
#744 score3774 babyglimlachjes/chequeformulier: solve: R7 faalt | zetten=0 tegels=0 score=0 ok=True (OK) 
#745 score3774 chequeformulier/babyglimlachjes: solve: R7 faalt | zetten=0 tegels=0 score=0 ok=True (OK) 
#746 score3774 geschenkcheques/babyzwemmertjes: solve: R7 faalt | zetten=0 tegels=0 score=0 ok=True (OK) 
#747 score3774 geschenkcheques/papyruszuiltjes: solve: R7 faalt | zetten=0 tegels=0 score=0 ok=True (OK) 
#748 score3774 babyzwemmertjes/geschenkcheques: solve: R7 faalt | zetten=0 tegels=0 score=0 ok=True (OK) 
#749 score3774 papyruszuiltjes/geschenkcheques: solve: R7 faalt | zetten=0 tegels=0 score=0 ok=True (OK) 
#750 score3774 babyglimlachjes/chequeformulier: solve: R7 faalt | zetten=0 tegels=0 score=0 ok=True (OK) 
#751 score3774 chequeformulier/babyglimlachjes: solve: R7 faalt | zetten=0 tegels=0 score=0 ok=True (OK) 
#752 score3774 geschenkcheques/babyzwemmertjes: solve: R7 faalt | zetten=0 tegels=0 score=0 ok=True (OK) 
#753 score3774 geschenkcheques/papyruszuiltjes: solve: R7 faalt | zetten=0 tegels=0 score=0 ok=True (OK) 
#754 score3774 vluchtreflexjes/chequeformulier: solve: R7 faalt | zetten=0 tegels=0 score=0 ok=True (OK) 
#755 score3774 chequeformulier/vluchtreflexjes: solve: R7 faalt | zetten=0 tegels=0 score=0 ok=True (OK) 
#756 score3774 wetenschapsquiz/vluchtreflexjes: solve: R7 faalt | zetten=0 tegels=0 score=0 ok=True (OK) 
#757 score3774 woestijnlynxjes/geschenkcheques: solve: R7 faalt | zetten=0 tegels=0 score=0 ok=True (OK) 
#758 score3774 geschenkcheques/woestijnlynxjes: solve: R7 faalt | zetten=0 tegels=0 score=0 ok=True (OK) 
#759 score3774 bouwcuratrixjes/wetenschapsquiz: solve: R7 faalt | zetten=0 tegels=0 score=0 ok=True (OK) 
#760 score3774 babyzwemmertjes/geschenkcheques: solve: R7 faalt | zetten=0 tegels=0 score=0 ok=True (OK) 
#761 score3774 geschenkcheques/babyzwemmertjes: solve: R7 faalt | zetten=0 tegels=0 score=0 ok=True (OK) 
#762 score3773 babyzwemmertjes/geschenkcheques: solve: R7 faalt | zetten=0 tegels=0 score=0 ok=True (OK) 
#763 score3773 babyglimlachjes/chequeformulier: solve: R7 faalt | zetten=0 tegels=0 score=0 ok=True (OK) 
#764 score3773 chequeformulier/babyglimlachjes: solve: R7 faalt | zetten=0 tegels=0 score=0 ok=True (OK) 
#765 score3773 geschenkcheques/babyzwemmertjes: solve: R7 faalt | zetten=0 tegels=0 score=0 ok=True (OK) 
#766 score3773 bouwcuratrixjes/geschenkcheques: solve: R7 faalt | zetten=0 tegels=0 score=0 ok=True (OK) 
#767 score3773 babyzwemmertjes/geschenkcheques: solve: R7 faalt | zetten=0 tegels=0 score=0 ok=True (OK) 
#768 score3773 geschenkcheques/babyzwemmertjes: solve: R7 faalt | zetten=0 tegels=0 score=0 ok=True (OK) 
#769 score3773 proxyservertjes/geschenkcheques: solve: R7 faalt | zetten=0 tegels=0 score=0 ok=True (OK) 
#770 score3773 proxyservertjes/geschenkcheques: solve: R7 faalt | zetten=0 tegels=0 score=0 ok=True (OK) 
#772 score3773 babyglimlachjes/chequeformulier: solve: pre-run-verbinding faalt | zetten=4 tegels=22 score=624 ok=True (OK) 
#773 score3773 chequeformulier/babyglimlachjes: solve: pre-run-verbinding faalt | zetten=4 tegels=22 score=624 ok=True (OK) 
#774 score3773 geschenkcheques/babyzwemmertjes: solve: pre-run-verbinding faalt | zetten=4 tegels=22 score=624 ok=True (OK) 
#775 score3773 babyzwemmertjes/geschenkcheques: solve: R7 faalt | zetten=0 tegels=0 score=0 ok=True (OK) 
#776 score3773 geschenkcheques/babyzwemmertjes: solve: R7 faalt | zetten=0 tegels=0 score=0 ok=True (OK) 
#777 score3773 proxyservertjes/geschenkcheques: solve: R7 faalt | zetten=0 tegels=0 score=0 ok=True (OK) 
#778 score3773 lewylichaampjes/chequeformulier: solve: R7 faalt | zetten=0 tegels=0 score=0 ok=True (OK) 
#779 score3773 babyglimlachjes/chequeformulier: solve: R7 faalt | zetten=0 tegels=0 score=0 ok=True (OK) 
#780 score3773 chequeformulier/lewylichaampjes: solve: R7 faalt | zetten=0 tegels=0 score=0 ok=True (OK) 
#781 score3773 chequeformulier/babyglimlachjes: solve: R7 faalt | zetten=0 tegels=0 score=0 ok=True (OK) 
#782 score3773 polymelkzuurtje/geschenkcheques: solve: R7 faalt | zetten=0 tegels=0 score=0 ok=True (OK) 
#783 score3773 papyruszuiltjes/geschenkcheques: solve: R7 faalt | zetten=0 tegels=0 score=0 ok=True (OK) 
#784 score3773 geschenkcheques/polymelkzuurtje: solve: R7 faalt | zetten=0 tegels=0 score=0 ok=True (OK) 
#785 score3773 geschenkcheques/papyruszuiltjes: solve: R7 faalt | zetten=0 tegels=0 score=0 ok=True (OK) 
#786 score3773 polymelkzuurtje/geschenkcheques: solve: R7 faalt | zetten=0 tegels=0 score=0 ok=True (OK) 
#787 score3773 papyruszuiltjes/geschenkcheques: solve: R7 faalt | zetten=0 tegels=0 score=0 ok=True (OK) 
#788 score3773 geschenkcheques/polymelkzuurtje: solve: R7 faalt | zetten=0 tegels=0 score=0 ok=True (OK) 
#789 score3773 geschenkcheques/papyruszuiltjes: solve: R7 faalt | zetten=0 tegels=0 score=0 ok=True (OK) 
#790 score3773 bouwcuratrixjes/chequeformulier: solve: pre-run-verbinding faalt | zetten=4 tegels=22 score=665 ok=True (OK) 
#791 score3773 benzoylperoxide/geschenkcheques: solve: R7 faalt | zetten=0 tegels=0 score=0 ok=True (OK) 
#792 score3773 geschenkcheques/benzoylperoxide: solve: R7 faalt | zetten=0 tegels=0 score=0 ok=True (OK) 
#793 score3773 benzoylperoxide/geschenkcheques: solve: R7 faalt | zetten=0 tegels=0 score=0 ok=True (OK) 
#794 score3773 geschenkcheques/benzoylperoxide: solve: R7 faalt | zetten=0 tegels=0 score=0 ok=True (OK) 
#795 score3773 benzoylperoxide/geschenkcheques: solve: R7 faalt | zetten=0 tegels=0 score=0 ok=True (OK) 
#796 score3773 geschenkcheques/benzoylperoxide: solve: R7 faalt | zetten=0 tegels=0 score=0 ok=True (OK) 
#797 score3773 benzoylperoxide/geschenkcheques: solve: R7 faalt | zetten=0 tegels=0 score=0 ok=True (OK) 
#798 score3773 geschenkcheques/benzoylperoxide: solve: R7 faalt | zetten=0 tegels=0 score=0 ok=True (OK) 
#799 score3773 benzoylperoxide/geschenkcheques: solve: R7 faalt | zetten=0 tegels=0 score=0 ok=True (OK) 
#800 score3773 geschenkcheques/benzoylperoxide: solve: R7 faalt | zetten=0 tegels=0 score=0 ok=True (OK) 
#801 score3773 papyruszuiltjes/geschenkcheques: solve: R7 faalt | zetten=0 tegels=0 score=0 ok=True (OK) 
#802 score3773 geschenkcheques/papyruszuiltjes: solve: R7 faalt | zetten=0 tegels=0 score=0 ok=True (OK) 
#803 score3773 polymelkzuurtje/geschenkcheques: solve: R7 faalt | zetten=0 tegels=0 score=0 ok=True (OK) 
#804 score3773 papyruszuiltjes/geschenkcheques: solve: R7 faalt | zetten=0 tegels=0 score=0 ok=True (OK) 
#805 score3773 geschenkcheques/polymelkzuurtje: solve: R7 faalt | zetten=0 tegels=0 score=0 ok=True (OK) 
#806 score3773 geschenkcheques/papyruszuiltjes: solve: R7 faalt | zetten=0 tegels=0 score=0 ok=True (OK) 
#807 score3773 lewylichaampjes/chequeformulier: solve: R7 faalt | zetten=0 tegels=0 score=0 ok=True (OK) 
#808 score3773 babyglimlachjes/chequeformulier: solve: R7 faalt | zetten=0 tegels=0 score=0 ok=True (OK) 
#809 score3773 chequeformulier/lewylichaampjes: solve: R7 faalt | zetten=0 tegels=0 score=0 ok=True (OK) 
#810 score3773 chequeformulier/babyglimlachjes: solve: R7 faalt | zetten=0 tegels=0 score=0 ok=True (OK) 
#811 score3773 woestijnlynxjes/geschenkcheques: solve: R7 faalt | zetten=0 tegels=0 score=0 ok=True (OK) 
#812 score3773 babyglimlachjes/chequeformulier: solve: R7 faalt | zetten=0 tegels=0 score=0 ok=True (OK) 
#813 score3773 chequeformulier/babyglimlachjes: solve: R7 faalt | zetten=0 tegels=0 score=0 ok=True (OK) 
#814 score3773 geschenkcheques/woestijnlynxjes: solve: R7 faalt | zetten=0 tegels=0 score=0 ok=True (OK) 
#815 score3773 bouwcuratrixjes/chequebedragjes: solve: R7 faalt | zetten=0 tegels=0 score=0 ok=True (OK) 
#816 score3772 bouwcuratrixjes/chequebedragjes: solve: R7 faalt | zetten=0 tegels=0 score=0 ok=True (OK) 
#817 score3772 bouwcuratrixjes/chequebedragjes: solve: R7 faalt | zetten=0 tegels=0 score=0 ok=True (OK) 
#818 score3772 proxyservertjes/geschenkcheques: solve: R7 faalt | zetten=0 tegels=0 score=0 ok=True (OK) 
#819 score3772 bouwcuratrixjes/geschenkcheques: solve: pre-run-verbinding faalt | zetten=4 tegels=22 score=624 ok=True (OK) 
#820 score3772 babyglimlachjes/chequeformulier: solve: R7 faalt | zetten=0 tegels=0 score=0 ok=True (OK) 
#821 score3772 chequeformulier/babyglimlachjes: solve: R7 faalt | zetten=0 tegels=0 score=0 ok=True (OK) 
#822 score3772 bouwcuratrixjes/lewylichaampjes: solve: R7 faalt | zetten=0 tegels=0 score=0 ok=True (OK) 
#823 score3772 bouwcuratrixjes/wetenschapsquiz: solve: R7 faalt | zetten=0 tegels=0 score=0 ok=True (OK) 
#824 score3772 bouwcuratrixjes/jacquardmachine: solve: R7 faalt | zetten=0 tegels=0 score=0 ok=True (OK) 
#825 score3772 bouwcuratrixjes/chequebedragjes: solve: R7 faalt | zetten=0 tegels=0 score=0 ok=True (OK) 
#826 score3772 bouwcuratrixjes/geschenkcheques: solve: R7 faalt | zetten=0 tegels=0 score=0 ok=True (OK) 
#827 score3772 bouwcuratrixjes/jacquardmachine: solve: R7 faalt | zetten=0 tegels=0 score=0 ok=True (OK) 
#828 score3772 vluchtreflexjes/chequeformulier: solve: R7 faalt | zetten=0 tegels=0 score=0 ok=True (OK) 
#829 score3772 bouwcuratrixjes/geschenkcheques: solve: R7 faalt | zetten=0 tegels=0 score=0 ok=True (OK) 
#830 score3772 chequeformulier/vluchtreflexjes: solve: R7 faalt | zetten=0 tegels=0 score=0 ok=True (OK) 
#831 score3772 bouwcuratrixjes/chequebedragjes: solve: R7 faalt | zetten=0 tegels=0 score=0 ok=True (OK) 
#832 score3772 bouwcuratrixjes/chequebedragjes: solve: R7 faalt | zetten=0 tegels=0 score=0 ok=True (OK) 
#833 score3772 vluchtreflexjes/chequeformulier: solve: R7 faalt | zetten=0 tegels=0 score=0 ok=True (OK) 
#834 score3772 chequeformulier/vluchtreflexjes: solve: R7 faalt | zetten=0 tegels=0 score=0 ok=True (OK) 
#835 score3772 polymelkzuurtje/geschenkcheques: solve: R7 faalt | zetten=0 tegels=0 score=0 ok=True (OK) 
#836 score3772 papyruszuiltjes/geschenkcheques: solve: R7 faalt | zetten=0 tegels=0 score=0 ok=True (OK) 
#837 score3772 geschenkcheques/polymelkzuurtje: solve: R7 faalt | zetten=0 tegels=0 score=0 ok=True (OK) 
#838 score3772 geschenkcheques/papyruszuiltjes: solve: R7 faalt | zetten=0 tegels=0 score=0 ok=True (OK) 
#839 score3772 vrouwenlobbytje/geschenkcheques: solve: R7 faalt | zetten=0 tegels=0 score=0 ok=True (OK) 
#840 score3772 polysulfidetjes/geschenkcheques: solve: R7 faalt | zetten=0 tegels=0 score=0 ok=True (OK) 
#841 score3772 polydruggebruik/geschenkcheques: solve: R7 faalt | zetten=0 tegels=0 score=0 ok=True (OK) 
#842 score3772 papyrusfragment/geschenkcheques: solve: R7 faalt | zetten=0 tegels=0 score=0 ok=True (OK) 
#843 score3772 playbackshowtje/chequeformulier: solve: R7 faalt | zetten=0 tegels=0 score=0 ok=True (OK) 
#844 score3772 babyglimlachjes/wetenschapsquiz: solve: R7 faalt | zetten=0 tegels=0 score=0 ok=True (OK) 
#845 score3772 chequeformulier/playbackshowtje: solve: R7 faalt | zetten=0 tegels=0 score=0 ok=True (OK) 
#846 score3772 geschenkcheques/vrouwtjesguppys: solve: R7 faalt | zetten=0 tegels=0 score=0 ok=True (OK) 
#847 score3772 geschenkcheques/vrouwenlobbytje: solve: R7 faalt | zetten=0 tegels=0 score=0 ok=True (OK) 
#848 score3772 geschenkcheques/polysulfidetjes: solve: R7 faalt | zetten=0 tegels=0 score=0 ok=True (OK) 
#849 score3772 geschenkcheques/polydruggebruik: solve: R7 faalt | zetten=0 tegels=0 score=0 ok=True (OK) 
#850 score3772 geschenkcheques/papyrusfragment: solve: R7 faalt | zetten=0 tegels=0 score=0 ok=True (OK) 
#851 score3772 bouwcuratrixjes/chequebedragjes: solve: R7 faalt | zetten=0 tegels=0 score=0 ok=True (OK) 
#852 score3772 bouwcuratrixjes/wetenschapsquiz: solve: R7 faalt | zetten=0 tegels=0 score=0 ok=True (OK) 
#853 score3771 proxyservertjes/geschenkcheques: solve: R7 faalt | zetten=0 tegels=0 score=0 ok=True (OK) 
#854 score3771 proxyservertjes/geschenkcheques: solve: R7 faalt | zetten=0 tegels=0 score=0 ok=True (OK) 
#855 score3771 babyglimlachjes/chequeformulier: solve: R7 faalt | zetten=0 tegels=0 score=0 ok=True (OK) 
#856 score3771 chequeformulier/babyglimlachjes: solve: R7 faalt | zetten=0 tegels=0 score=0 ok=True (OK) 
#857 score3771 proxyservertjes/geschenkcheques: solve: R7 faalt | zetten=0 tegels=0 score=0 ok=True (OK) 
#858 score3771 babyzwemmertjes/geschenkcheques: solve: R7 faalt | zetten=0 tegels=0 score=0 ok=True (OK) 
#859 score3771 papyruszuiltjes/geschenkcheques: solve: R7 faalt | zetten=0 tegels=0 score=0 ok=True (OK) 
#860 score3771 bouwcuratrixjes/geschenkcheques: solve: R7 faalt | zetten=0 tegels=0 score=0 ok=True (OK) 
#861 score3771 geschenkcheques/babyzwemmertjes: solve: R7 faalt | zetten=0 tegels=0 score=0 ok=True (OK) 
#862 score3771 geschenkcheques/papyruszuiltjes: solve: R7 faalt | zetten=0 tegels=0 score=0 ok=True (OK) 
#863 score3771 babyzwemmertjes/geschenkcheques: solve: R7 faalt | zetten=0 tegels=0 score=0 ok=True (OK) 
#864 score3771 babyglimlachjes/chequeformulier: solve: R7 faalt | zetten=0 tegels=0 score=0 ok=True (OK) 
#865 score3771 chequeformulier/babyglimlachjes: solve: R7 faalt | zetten=0 tegels=0 score=0 ok=True (OK) 
#866 score3771 geschenkcheques/babyzwemmertjes: solve: R7 faalt | zetten=0 tegels=0 score=0 ok=True (OK) 
#867 score3771 babyzwemmertjes/geschenkcheques: solve: R7 faalt | zetten=0 tegels=0 score=0 ok=True (OK) 
#868 score3771 geschenkcheques/babyzwemmertjes: solve: R7 faalt | zetten=0 tegels=0 score=0 ok=True (OK) 
#869 score3771 proxyservertjes/geschenkcheques: solve: R7 faalt | zetten=0 tegels=0 score=0 ok=True (OK) 
#870 score3771 babyglimlachjes/chequeformulier: solve: R7 faalt | zetten=0 tegels=0 score=0 ok=True (OK) 
#871 score3771 chequeformulier/babyglimlachjes: solve: R7 faalt | zetten=0 tegels=0 score=0 ok=True (OK) 
#872 score3771 bouwcuratrixjes/chequebedragjes: solve: R7 faalt | zetten=0 tegels=0 score=0 ok=True (OK) 
#873 score3771 bouwcuratrixjes/geschenkcheques: solve: R7 faalt | zetten=0 tegels=0 score=0 ok=True (OK) 
#874 score3771 babyzwemmertjes/geschenkcheques: solve: R7 faalt | zetten=0 tegels=0 score=0 ok=True (OK) 
#875 score3771 babyglimlachjes/chequeformulier: solve: R7 faalt | zetten=0 tegels=0 score=0 ok=True (OK) 
#876 score3771 chequeformulier/babyglimlachjes: solve: R7 faalt | zetten=0 tegels=0 score=0 ok=True (OK) 
#877 score3771 geschenkcheques/babyzwemmertjes: solve: R7 faalt | zetten=0 tegels=0 score=0 ok=True (OK) 
#878 score3771 proxyservertjes/geschenkcheques: solve: R7 faalt | zetten=0 tegels=0 score=0 ok=True (OK) 
#879 score3771 babyzwemmertjes/geschenkcheques: solve: R7 faalt | zetten=0 tegels=0 score=0 ok=True (OK) 
#880 score3771 lewylichaampjes/chequeformulier: solve: R7 faalt | zetten=0 tegels=0 score=0 ok=True (OK) 
#881 score3771 chequeformulier/lewylichaampjes: solve: R7 faalt | zetten=0 tegels=0 score=0 ok=True (OK) 
#882 score3771 geschenkcheques/babyzwemmertjes: solve: R7 faalt | zetten=0 tegels=0 score=0 ok=True (OK) 
#883 score3771 proxyservertjes/geschenkcheques: solve: R7 faalt | zetten=0 tegels=0 score=0 ok=True (OK) 
#884 score3771 babyglimlachjes/chequeformulier: solve: R7 faalt | zetten=0 tegels=0 score=0 ok=True (OK) 
#885 score3771 chequeformulier/babyglimlachjes: solve: R7 faalt | zetten=0 tegels=0 score=0 ok=True (OK) 
#886 score3771 polymelkzuurtje/geschenkcheques: solve: R7 faalt | zetten=0 tegels=0 score=0 ok=True (OK) 
#887 score3771 geschenkcheques/polymelkzuurtje: solve: R7 faalt | zetten=0 tegels=0 score=0 ok=True (OK) 
#888 score3771 woestijnlynxjes/geschenkcheques: solve: R7 faalt | zetten=0 tegels=0 score=0 ok=True (OK) 
#889 score3771 geschenkcheques/woestijnlynxjes: solve: R7 faalt | zetten=0 tegels=0 score=0 ok=True (OK) 
#890 score3771 woestijnlynxjes/geschenkcheques: solve: R7 faalt | zetten=0 tegels=0 score=0 ok=True (OK) 
#891 score3771 geschenkcheques/woestijnlynxjes: solve: R7 faalt | zetten=0 tegels=0 score=0 ok=True (OK) 
#892 score3771 woestijnlynxjes/geschenkcheques: solve: R7 faalt | zetten=0 tegels=0 score=0 ok=True (OK) 
#893 score3771 polymelkzuurtje/geschenkcheques: solve: R7 faalt | zetten=0 tegels=0 score=0 ok=True (OK) 
#894 score3771 papyruszuiltjes/geschenkcheques: solve: R7 faalt | zetten=0 tegels=0 score=0 ok=True (OK) 
#895 score3771 geschenkcheques/woestijnlynxjes: solve: R7 faalt | zetten=0 tegels=0 score=0 ok=True (OK) 
#896 score3771 geschenkcheques/polymelkzuurtje: solve: R7 faalt | zetten=0 tegels=0 score=0 ok=True (OK) 
#897 score3771 geschenkcheques/papyruszuiltjes: solve: R7 faalt | zetten=0 tegels=0 score=0 ok=True (OK) 
#898 score3771 vrouwtjesguppys/geschenkcheques: solve: R7 faalt | zetten=0 tegels=0 score=0 ok=True (OK) 
#899 score3771 babyparfummetje/geschenkcheques: solve: R7 faalt | zetten=0 tegels=0 score=0 ok=True (OK) 
#900 score3771 lewylichaampjes/chequeformulier: solve: R7 faalt | zetten=0 tegels=0 score=0 ok=True (OK) 
#901 score3771 wetenschapsquiz/babyglimlachjes: solve: R7 faalt | zetten=0 tegels=0 score=0 ok=True (OK) 
#902 score3771 chequeformulier/lewylichaampjes: solve: R7 faalt | zetten=0 tegels=0 score=0 ok=True (OK) 
#903 score3771 geschenkcheques/babyparfummetje: solve: R7 faalt | zetten=0 tegels=0 score=0 ok=True (OK) 
#904 score3771 proxyservertjes/geschenkcheques: solve: R7 faalt | zetten=0 tegels=0 score=0 ok=True (OK) 
#905 score3771 babyzwemmertjes/geschenkcheques: solve: R7 faalt | zetten=0 tegels=0 score=0 ok=True (OK) 
#906 score3771 bouwcuratrixjes/chequebedragjes: solve: R7 faalt | zetten=0 tegels=0 score=0 ok=True (OK) 
#907 score3771 geschenkcheques/babyzwemmertjes: solve: R7 faalt | zetten=0 tegels=0 score=0 ok=True (OK) 
#908 score3771 babyglimlachjes/chequeformulier: solve: R7 faalt | zetten=0 tegels=0 score=0 ok=True (OK) 
#909 score3771 chequeformulier/babyglimlachjes: solve: R7 faalt | zetten=0 tegels=0 score=0 ok=True (OK) 
#910 score3771 proxyservertjes/geschenkcheques: solve: R7 faalt | zetten=0 tegels=0 score=0 ok=True (OK) 
#911 score3771 polymelkzuurtje/geschenkcheques: solve: R7 faalt | zetten=0 tegels=0 score=0 ok=True (OK) 
#912 score3771 geschenkcheques/polymelkzuurtje: solve: R7 faalt | zetten=0 tegels=0 score=0 ok=True (OK) 
#913 score3771 lewylichaampjes/chequeformulier: solve: R7 faalt | zetten=0 tegels=0 score=0 ok=True (OK) 
#914 score3771 babyglimlachjes/chequeformulier: solve: R7 faalt | zetten=0 tegels=0 score=0 ok=True (OK) 
#915 score3771 chequeformulier/lewylichaampjes: solve: R7 faalt | zetten=0 tegels=0 score=0 ok=True (OK) 
#916 score3771 chequeformulier/babyglimlachjes: solve: R7 faalt | zetten=0 tegels=0 score=0 ok=True (OK) 
#917 score3771 papyruszuiltjes/geschenkcheques: solve: R7 faalt | zetten=0 tegels=0 score=0 ok=True (OK) 
#918 score3771 geschenkcheques/papyruszuiltjes: solve: R7 faalt | zetten=0 tegels=0 score=0 ok=True (OK) 
#919 score3771 keuzeparadoxjes/geschenkcheques: solve: R7 faalt | zetten=0 tegels=0 score=0 ok=True (OK) 
#920 score3771 buffalowurmpjes/geschenkcheques: solve: R7 faalt | zetten=0 tegels=0 score=0 ok=True (OK) 
#921 score3771 bouwvakkersfuif/geschenkcheques: solve: R7 faalt | zetten=0 tegels=0 score=0 ok=True (OK) 
#922 score3771 woestijnlynxjes/geschenkcheques: solve: R7 faalt | zetten=0 tegels=0 score=0 ok=True (OK) 
#923 score3771 vluchtreflexjes/wetenschapsquiz: solve: R7 faalt | zetten=0 tegels=0 score=0 ok=True (OK) 
#924 score3771 bouwcuratrixjes/chequeformulier: solve: R7 faalt | zetten=0 tegels=0 score=0 ok=True (OK) 
#925 score3771 geschenkcheques/keuzeparadoxjes: solve: R7 faalt | zetten=0 tegels=0 score=0 ok=True (OK) 
#926 score3771 geschenkcheques/buffalowurmpjes: solve: R7 faalt | zetten=0 tegels=0 score=0 ok=True (OK) 
#927 score3771 geschenkcheques/bouwvakkersfuif: solve: R7 faalt | zetten=0 tegels=0 score=0 ok=True (OK) 
#928 score3771 geschenkcheques/woestijnlynxjes: solve: R7 faalt | zetten=0 tegels=0 score=0 ok=True (OK) 
#929 score3770 buxusbedrijfjes/geschenkcheques: solve: R7 faalt | zetten=0 tegels=0 score=0 ok=True (OK) 
#930 score3770 bouwcuratrixjes/chequebedragjes: solve: R7 faalt | zetten=0 tegels=0 score=0 ok=True (OK) 
#931 score3770 bouwcuratrixjes/geschenkcheques: solve: R7 faalt | zetten=0 tegels=0 score=0 ok=True (OK) 
#932 score3770 geschenkcheques/buxusbedrijfjes: solve: R7 faalt | zetten=0 tegels=0 score=0 ok=True (OK) 
#933 score3770 bouwcuratrixjes/geschenkcheques: solve: R7 faalt | zetten=0 tegels=0 score=0 ok=True (OK) 
#934 score3770 vluchtreflexjes/chequeformulier: solve: R7 faalt | zetten=0 tegels=0 score=0 ok=True (OK) 
#935 score3770 bouwcuratrixjes/geschenkcheques: solve: R7 faalt | zetten=0 tegels=0 score=0 ok=True (OK) 
#936 score3770 chequeformulier/vluchtreflexjes: solve: R7 faalt | zetten=0 tegels=0 score=0 ok=True (OK) 
#937 score3770 proxyservertjes/geschenkcheques: solve: R7 faalt | zetten=0 tegels=0 score=0 ok=True (OK) 
#938 score3770 bouwcuratrixjes/geschenkcheques: solve: R7 faalt | zetten=0 tegels=0 score=0 ok=True (OK) 
#939 score3770 bouwcuratrixjes/geschenkcheques: solve: R7 faalt | zetten=0 tegels=0 score=0 ok=True (OK) 
#940 score3770 woestijnlynxjes/geschenkcheques: solve: pre-run-verbinding faalt | zetten=4 tegels=18 score=571 ok=True (OK) 
#941 score3770 geschenkcheques/woestijnlynxjes: solve: pre-run-verbinding faalt | zetten=4 tegels=18 score=541 ok=True (OK) 
#942 score3770 bouwcuratrixjes/chequeformulier: solve: pre-run-verbinding faalt | zetten=4 tegels=21 score=592 ok=True (OK) 
#943 score3770 bouwcuratrixjes/chequeformulier: solve: R7 faalt | zetten=0 tegels=0 score=0 ok=True (OK) 
#944 score3770 polymelkzuurtje/geschenkcheques: solve: R7 faalt | zetten=0 tegels=0 score=0 ok=True (OK) 
#945 score3770 babyglimlachjes/chequeformulier: solve: R7 faalt | zetten=0 tegels=0 score=0 ok=True (OK) 
#946 score3770 chequeformulier/babyglimlachjes: solve: R7 faalt | zetten=0 tegels=0 score=0 ok=True (OK) 
#947 score3770 geschenkcheques/polymelkzuurtje: solve: R7 faalt | zetten=0 tegels=0 score=0 ok=True (OK) 
#948 score3770 vluchtreflexjes/chequeformulier: solve: R7 faalt | zetten=0 tegels=0 score=0 ok=True (OK) 
#949 score3770 bouwcuratrixjes/wetenschapsquiz: solve: R7 faalt | zetten=0 tegels=0 score=0 ok=True (OK) 
#950 score3770 bouwcuratrixjes/jacquardweefsel: solve: R7 faalt | zetten=0 tegels=0 score=0 ok=True (OK) 
#951 score3770 chequeformulier/vluchtreflexjes: solve: R7 faalt | zetten=0 tegels=0 score=0 ok=True (OK) 
#952 score3770 babyparfummetje/geschenkcheques: solve: R7 faalt | zetten=0 tegels=0 score=0 ok=True (OK) 
#953 score3770 papyruszuiltjes/geschenkcheques: solve: R7 faalt | zetten=0 tegels=0 score=0 ok=True (OK) 
#954 score3770 babyglimlachjes/chequeformulier: solve: R7 faalt | zetten=0 tegels=0 score=0 ok=True (OK) 
#955 score3770 chequeformulier/babyglimlachjes: solve: R7 faalt | zetten=0 tegels=0 score=0 ok=True (OK) 
#956 score3770 geschenkcheques/babyparfummetje: solve: R7 faalt | zetten=0 tegels=0 score=0 ok=True (OK) 
#957 score3770 geschenkcheques/papyruszuiltjes: solve: R7 faalt | zetten=0 tegels=0 score=0 ok=True (OK) 
#958 score3770 babyzwemmertjes/geschenkcheques: solve: R7 faalt | zetten=0 tegels=0 score=0 ok=True (OK) 
#959 score3770 geschenkcheques/babyzwemmertjes: solve: R7 faalt | zetten=0 tegels=0 score=0 ok=True (OK) 
#960 score3770 bouwcuratrixjes/wetenschapsquiz: solve: R7 faalt | zetten=0 tegels=0 score=0 ok=True (OK) 
#961 score3770 bouwcuratrixjes/geschenkcheques: solve: R7 faalt | zetten=0 tegels=0 score=0 ok=True (OK) 
#962 score3770 bouwcuratrixjes/geschenkcheques: solve: R7 faalt | zetten=0 tegels=0 score=0 ok=True (OK) 
#963 score3770 babyglimlachjes/chequeformulier: solve: R7 faalt | zetten=0 tegels=0 score=0 ok=True (OK) 
#964 score3770 chequeformulier/babyglimlachjes: solve: R7 faalt | zetten=0 tegels=0 score=0 ok=True (OK) 
#965 score3770 bouwcuratrixjes/chequebedragjes: solve: R7 faalt | zetten=0 tegels=0 score=0 ok=True (OK) 
#966 score3770 vluchtreflexjes/chequeformulier: solve: R7 faalt | zetten=0 tegels=0 score=0 ok=True (OK) 
#967 score3770 chequeformulier/vluchtreflexjes: solve: R7 faalt | zetten=0 tegels=0 score=0 ok=True (OK) 
#968 score3770 babyglimlachjes/chequeformulier: solve: R7 faalt | zetten=0 tegels=0 score=0 ok=True (OK) 
#969 score3770 chequeformulier/babyglimlachjes: solve: R7 faalt | zetten=0 tegels=0 score=0 ok=True (OK) 
#970 score3770 babyglimlachjes/chequeformulier: solve: R7 faalt | zetten=0 tegels=0 score=0 ok=True (OK) 
#971 score3770 chequeformulier/babyglimlachjes: solve: R7 faalt | zetten=0 tegels=0 score=0 ok=True (OK) 
#972 score3770 vrouwtjesguppys/geschenkcheques: solve: R7 faalt | zetten=0 tegels=0 score=0 ok=True (OK) 
#973 score3770 bouwvakkersfuif/geschenkcheques: solve: R7 faalt | zetten=0 tegels=0 score=0 ok=True (OK) 
#974 score3770 geschenkcheques/bouwvakkersfuif: solve: R7 faalt | zetten=0 tegels=0 score=0 ok=True (OK) 
#975 score3770 bouwcuratrixjes/wetenschapsquiz: solve: pre-run-verbinding faalt | zetten=4 tegels=21 score=644 ok=True (OK) 
#976 score3770 bouwcuratrixjes/jacquardweefsel: solve: pre-run-verbinding faalt | zetten=4 tegels=21 score=644 ok=True (OK) 
#977 score3770 babyzwemmertjes/flauwekulexcuus: solve: R7 faalt | zetten=0 tegels=0 score=0 ok=True (OK) 
#978 score3770 flauwekulexcuus/babyzwemmertjes: solve: R7 faalt | zetten=0 tegels=0 score=0 ok=True (OK) 
#979 score3770 bouwcuratrixjes/babyglimlachjes: solve: R7 faalt | zetten=0 tegels=0 score=0 ok=True (OK) 
#980 score3769 proxyservertjes/geschenkcheques: solve: R7 faalt | zetten=0 tegels=0 score=0 ok=True (OK) 
#981 score3769 proxyservertjes/geschenkcheques: solve: R7 faalt | zetten=0 tegels=0 score=0 ok=True (OK) 
#982 score3769 bouwcuratrixjes/chequebedragjes: solve: R7 faalt | zetten=0 tegels=0 score=0 ok=True (OK) 
#983 score3769 lewylichaampjes/chequeformulier: solve: R7 faalt | zetten=0 tegels=0 score=0 ok=True (OK) 
#984 score3769 babyglimlachjes/chequeformulier: solve: R7 faalt | zetten=0 tegels=0 score=0 ok=True (OK) 
#985 score3769 chequeformulier/lewylichaampjes: solve: R7 faalt | zetten=0 tegels=0 score=0 ok=True (OK) 
#986 score3769 chequeformulier/babyglimlachjes: solve: R7 faalt | zetten=0 tegels=0 score=0 ok=True (OK) 
#987 score3769 babyzwemmertjes/geschenkcheques: solve: R7 faalt | zetten=0 tegels=0 score=0 ok=True (OK) 
#988 score3769 polymelkzuurtje/geschenkcheques: solve: R7 faalt | zetten=0 tegels=0 score=0 ok=True (OK) 
#989 score3769 bouwcuratrixjes/geschenkcheques: solve: R7 faalt | zetten=0 tegels=0 score=0 ok=True (OK) 
#990 score3769 geschenkcheques/babyzwemmertjes: solve: R7 faalt | zetten=0 tegels=0 score=0 ok=True (OK) 
#991 score3769 geschenkcheques/polymelkzuurtje: solve: R7 faalt | zetten=0 tegels=0 score=0 ok=True (OK) 
#992 score3769 babyzwemmertjes/geschenkcheques: solve: R7 faalt | zetten=0 tegels=0 score=0 ok=True (OK) 
#993 score3769 polymelkzuurtje/geschenkcheques: solve: R7 faalt | zetten=0 tegels=0 score=0 ok=True (OK) 
#994 score3769 bouwcuratrixjes/geschenkcheques: solve: R7 faalt | zetten=0 tegels=0 score=0 ok=True (OK) 
#995 score3769 geschenkcheques/babyzwemmertjes: solve: R7 faalt | zetten=0 tegels=0 score=0 ok=True (OK) 
#996 score3769 geschenkcheques/polymelkzuurtje: solve: R7 faalt | zetten=0 tegels=0 score=0 ok=True (OK) 
#997 score3769 proxyservertjes/geschenkcheques: solve: R7 faalt | zetten=0 tegels=0 score=0 ok=True (OK) 
#998 score3769 babyzwemmertjes/geschenkcheques: solve: R7 faalt | zetten=0 tegels=0 score=0 ok=True (OK) 
#999 score3769 geschenkcheques/babyzwemmertjes: solve: R7 faalt | zetten=0 tegels=0 score=0 ok=True (OK) 
#1000 score3769 babyzwemmertjes/geschenkcheques: solve: R7 faalt | zetten=0 tegels=0 score=0 ok=True (OK) 
#1001 score3769 babyglimlachjes/chequeformulier: solve: R7 faalt | zetten=0 tegels=0 score=0 ok=True (OK) 
#1002 score3769 chequeformulier/babyglimlachjes: solve: R7 faalt | zetten=0 tegels=0 score=0 ok=True (OK) 
sweep klaar
