seed 0: tegels 95 -> LB 4502
seed 2: tegels 98 -> LB 4562
seed 15: tegels 99 -> LB 4567
seed 41: tegels 99 -> LB 4568
seed 44: tegels 98 -> LB 4569
seed 115: tegels 100 -> LB 4571

BESTE: 100 tegels, SPEL-LB >= 4571
  g e s c h e n k c h e q u e s
  . n . . e . . . . e . . . i t
  . . . . . . . . . f . . . . a
  . . v . . . . . . f . . . . t
  b r a n d w o n d e n p o l i
  . . n . . . . . . . . . . . o
  . . . . a . . . . . . . . . n
  p o l y m y a l g i e t j e s
  . . . . . . . . . . . . . r e
  . . . . . . . . . . . . . . n
  . . . . . . k . g . . . . . t
  . . . . . d o z e n m a k e r
  . . . . s . m . z . . . . . e
  . . n . e . e . e . . . . d e
  b o u w c u r a t r i x j e s
