#1 score3884 bouwcuratrixjes/geschenkcheques: solve: R7 faalt | zetten=0 tegels=0 score=0 ok=True (OK) 
#2 score3873 bouwcuratrixjes/geschenkcheques: solve: R7 faalt | zetten=0 tegels=0 score=0 ok=True (OK) 
#3 score3864 bouwcuratrixjes/geschenkcheques: solve: R7 faalt | zetten=0 tegels=0 score=0 ok=True (OK) 
#4 score3864 bouwcuratrixjes/geschenkcheques: solve: R7 faalt | zetten=0 tegels=0 score=0 ok=True (OK) 
#5 score3862 bouwcuratrixjes/geschenkcheques: solve: R7 faalt | zetten=0 tegels=0 score=0 ok=True (OK) 
#6 score3860 bouwcuratrixjes/geschenkcheques: solve: R7 faalt | zetten=0 tegels=0 score=0 ok=True (OK) 
#7 score3857 bouwcuratrixjes/geschenkcheques: solve: R7 faalt | zetten=0 tegels=0 score=0 ok=True (OK) 
#8 score3857 bouwcuratrixjes/geschenkcheques: solve: R7 faalt | zetten=0 tegels=0 score=0 ok=True (OK) 
#9 score3855 bouwcuratrixjes/geschenkcheques: solve: R7 faalt | zetten=0 tegels=0 score=0 ok=True (OK) 
#10 score3853 bouwcuratrixjes/geschenkcheques: solve: R7 faalt | zetten=0 tegels=0 score=0 ok=True (OK) 
#11 score3853 polymelkzuurtje/geschenkcheques: solve: R7 faalt | zetten=0 tegels=0 score=0 ok=True (OK) 
#12 score3853 papyruszuiltjes/geschenkcheques: solve: R7 faalt | zetten=0 tegels=0 score=0 ok=True (OK) 
#13 score3853 geschenkcheques/polymelkzuurtje: solve: R7 faalt | zetten=0 tegels=0 score=0 ok=True (OK) 
#14 score3853 geschenkcheques/papyruszuiltjes: solve: R7 faalt | zetten=0 tegels=0 score=0 ok=True (OK) 
#15 score3852 vluchtreflexjes/chequeformulier: solve: R7 faalt | zetten=0 tegels=0 score=0 ok=True (OK) 
#16 score3852 chequeformulier/vluchtreflexjes: solve: R7 faalt | zetten=0 tegels=0 score=0 ok=True (OK) 
#17 score3851 bouwcuratrixjes/geschenkcheques: solve: R7 faalt | zetten=0 tegels=0 score=0 ok=True (OK) 
#18 score3849 bouwcuratrixjes/geschenkcheques: solve: R7 faalt | zetten=0 tegels=0 score=0 ok=True (OK) 
#19 score3849 bouwcuratrixjes/lewylichaampjes: solve: R7 faalt | zetten=0 tegels=0 score=0 ok=True (OK) 
#20 score3845 bouwcuratrixjes/geschenkcheques: solve: R7 faalt | zetten=0 tegels=0 score=0 ok=True (OK) 
#21 score3844 bouwcuratrixjes/geschenkcheques: solve: R7 faalt | zetten=0 tegels=0 score=0 ok=True (OK) 
#22 score3843 woestijnlynxjes/geschenkcheques: solve: R7 faalt | zetten=0 tegels=0 score=0 ok=True (OK) 
#23 score3843 geschenkcheques/woestijnlynxjes: solve: R7 faalt | zetten=0 tegels=0 score=0 ok=True (OK) 
#24 score3842 bouwcuratrixjes/geschenkcheques: solve: R7 faalt | zetten=0 tegels=0 score=0 ok=True (OK) 
#25 score3842 bouwcuratrixjes/geschenkcheques: solve: R7 faalt | zetten=0 tegels=0 score=0 ok=True (OK) 
#26 score3841 vluchtreflexjes/chequeformulier: solve: R7 faalt | zetten=0 tegels=0 score=0 ok=True (OK) 
#27 score3841 chequeformulier/vluchtreflexjes: solve: R7 faalt | zetten=0 tegels=0 score=0 ok=True (OK) 
#28 score3838 bouwcuratrixjes/geschenkcheques: solve: R7 faalt | zetten=0 tegels=0 score=0 ok=True (OK) 
#29 score3838 bouwcuratrixjes/geschenkcheques: solve: R7 faalt | zetten=0 tegels=0 score=0 ok=True (OK) 
#30 score3836 bouwcuratrixjes/geschenkcheques: solve: R7 faalt | zetten=0 tegels=0 score=0 ok=True (OK) 
#31 score3836 babyglimlachjes/chequeformulier: solve: R7 faalt | zetten=0 tegels=0 score=0 ok=True (OK) 
#32 score3836 chequeformulier/babyglimlachjes: solve: R7 faalt | zetten=0 tegels=0 score=0 ok=True (OK) 
#33 score3835 babyzwemmertjes/chequeformulier: solve: R7 faalt | zetten=0 tegels=0 score=0 ok=True (OK) 
#34 score3835 babyzwemmertjes/geschenkcheques: solve: R7 faalt | zetten=0 tegels=0 score=0 ok=True (OK) 
#35 score3835 chequeformulier/babyzwemmertjes: solve: R7 faalt | zetten=0 tegels=0 score=0 ok=True (OK) 
#36 score3835 geschenkcheques/babyzwemmertjes: solve: R7 faalt | zetten=0 tegels=0 score=0 ok=True (OK) 
#37 score3833 bouwcuratrixjes/geschenkcheques: solve: R7 faalt | zetten=0 tegels=0 score=0 ok=True (OK) 
#38 score3833 bouwcuratrixjes/geschenkcheques: solve: R7 faalt | zetten=0 tegels=0 score=0 ok=True (OK) 
#39 score3833 bouwcuratrixjes/geschenkcheques: solve: R7 faalt | zetten=0 tegels=0 score=0 ok=True (OK) 
#40 score3833 bouwcuratrixjes/geschenkcheques: solve: R7 faalt | zetten=0 tegels=0 score=0 ok=True (OK) 
#41 score3831 polymelkzuurtje/geschenkcheques: solve: R7 faalt | zetten=0 tegels=0 score=0 ok=True (OK) 
#42 score3831 papyruszuiltjes/geschenkcheques: solve: R7 faalt | zetten=0 tegels=0 score=0 ok=True (OK) 
#43 score3831 geschenkcheques/polymelkzuurtje: solve: R7 faalt | zetten=0 tegels=0 score=0 ok=True (OK) 
#44 score3831 geschenkcheques/papyruszuiltjes: solve: R7 faalt | zetten=0 tegels=0 score=0 ok=True (OK) 
#45 score3830 bouwcuratrixjes/geschenkcheques: solve: R7 faalt | zetten=0 tegels=0 score=0 ok=True (OK) 
#46 score3829 bouwcuratrixjes/geschenkcheques: solve: R7 faalt | zetten=0 tegels=0 score=0 ok=True (OK) 
#47 score3829 bouwcuratrixjes/geschenkcheques: solve: R7 faalt | zetten=0 tegels=0 score=0 ok=True (OK) 
#48 score3828 bouwcuratrixjes/geschenkcheques: solve: R7 faalt | zetten=0 tegels=0 score=0 ok=True (OK) 
#49 score3826 bouwcuratrixjes/geschenkcheques: solve: R7 faalt | zetten=0 tegels=0 score=0 ok=True (OK) 
#50 score3826 babyzwemmertjes/geschenkcheques: solve: R7 faalt | zetten=0 tegels=0 score=0 ok=True (OK) 
#51 score3826 babyglimlachjes/chequeformulier: solve: R7 faalt | zetten=0 tegels=0 score=0 ok=True (OK) 
#52 score3826 chequeformulier/babyglimlachjes: solve: R7 faalt | zetten=0 tegels=0 score=0 ok=True (OK) 
#53 score3826 geschenkcheques/babyzwemmertjes: solve: R7 faalt | zetten=0 tegels=0 score=0 ok=True (OK) 
#54 score3825 bouwcuratrixjes/geschenkcheques: solve: R7 faalt | zetten=0 tegels=0 score=0 ok=True (OK) 
#55 score3825 bouwcuratrixjes/geschenkcheques: solve: R7 faalt | zetten=0 tegels=0 score=0 ok=True (OK) 
#56 score3825 polymelkzuurtje/geschenkcheques: solve: R7 faalt | zetten=0 tegels=0 score=0 ok=True (OK) 
#57 score3825 papyruszuiltjes/geschenkcheques: solve: R7 faalt | zetten=0 tegels=0 score=0 ok=True (OK) 
#58 score3825 geschenkcheques/polymelkzuurtje: solve: R7 faalt | zetten=0 tegels=0 score=0 ok=True (OK) 
#59 score3825 geschenkcheques/papyruszuiltjes: solve: R7 faalt | zetten=0 tegels=0 score=0 ok=True (OK) 
#60 score3825 bouwcuratrixjes/geschenkcheques: solve: R7 faalt | zetten=0 tegels=0 score=0 ok=True (OK) 
#61 score3824 bouwcuratrixjes/geschenkcheques: solve: R7 faalt | zetten=0 tegels=0 score=0 ok=True (OK) 
#62 score3824 bouwcuratrixjes/geschenkcheques: solve: R7 faalt | zetten=0 tegels=0 score=0 ok=True (OK) 
#63 score3824 papyruszuiltjes/geschenkcheques: solve: R7 faalt | zetten=0 tegels=0 score=0 ok=True (OK) 
#64 score3824 geschenkcheques/papyruszuiltjes: solve: R7 faalt | zetten=0 tegels=0 score=0 ok=True (OK) 
#65 score3824 bouwcuratrixjes/geschenkcheques: solve: R7 faalt | zetten=0 tegels=0 score=0 ok=True (OK) 
#66 score3823 bouwcuratrixjes/geschenkcheques: solve: R7 faalt | zetten=0 tegels=0 score=0 ok=True (OK) 
#67 score3823 bouwcuratrixjes/geschenkcheques: solve: R7 faalt | zetten=0 tegels=0 score=0 ok=True (OK) 
#68 score3822 polymelkzuurtje/geschenkcheques: solve: R7 faalt | zetten=0 tegels=0 score=0 ok=True (OK) 
#69 score3822 geschenkcheques/polymelkzuurtje: solve: R7 faalt | zetten=0 tegels=0 score=0 ok=True (OK) 
#70 score3822 babyzwemmertjes/flauwekulexcuus: solve: R7 faalt | zetten=0 tegels=0 score=0 ok=True (OK) 
#71 score3822 flauwekulexcuus/babyzwemmertjes: solve: R7 faalt | zetten=0 tegels=0 score=0 ok=True (OK) 
#72 score3821 vluchtreflexjes/chequeformulier: solve: R7 faalt | zetten=0 tegels=0 score=0 ok=True (OK) 
#73 score3821 bouwcuratrixjes/geschenkcheques: solve: R7 faalt | zetten=0 tegels=0 score=0 ok=True (OK) 
#74 score3821 chequeformulier/vluchtreflexjes: solve: R7 faalt | zetten=0 tegels=0 score=0 ok=True (OK) 
#75 score3820 bouwcuratrixjes/geschenkcheques: solve: R7 faalt | zetten=0 tegels=0 score=0 ok=True (OK) 
#76 score3820 bouwcuratrixjes/geschenkcheques: solve: R7 faalt | zetten=0 tegels=0 score=0 ok=True (OK) 
#77 score3820 bouwcuratrixjes/geschenkcheques: solve: R7 faalt | zetten=0 tegels=0 score=0 ok=True (OK) 
#78 score3820 bouwcuratrixjes/geschenkcheques: solve: R7 faalt | zetten=0 tegels=0 score=0 ok=True (OK) 
#79 score3820 papyruszuiltjes/geschenkcheques: solve: R7 faalt | zetten=0 tegels=0 score=0 ok=True (OK) 
#80 score3820 geschenkcheques/papyruszuiltjes: solve: R7 faalt | zetten=0 tegels=0 score=0 ok=True (OK) 
#81 score3819 bouwcuratrixjes/geschenkcheques: solve: R7 faalt | zetten=0 tegels=0 score=0 ok=True (OK) 
#82 score3818 bouwcuratrixjes/geschenkcheques: solve: R7 faalt | zetten=0 tegels=0 score=0 ok=True (OK) 
#83 score3816 bouwcuratrixjes/geschenkcheques: solve: R7 faalt | zetten=0 tegels=0 score=0 ok=True (OK) 
#84 score3816 polymelkzuurtje/geschenkcheques: solve: R7 faalt | zetten=0 tegels=0 score=0 ok=True (OK) 
#85 score3816 papyruszuiltjes/geschenkcheques: solve: R7 faalt | zetten=0 tegels=0 score=0 ok=True (OK) 
#86 score3816 geschenkcheques/polymelkzuurtje: solve: R7 faalt | zetten=0 tegels=0 score=0 ok=True (OK) 
#87 score3816 geschenkcheques/papyruszuiltjes: solve: R7 faalt | zetten=0 tegels=0 score=0 ok=True (OK) 
#88 score3816 proxyservertjes/geschenkcheques: solve: R7 faalt | zetten=0 tegels=0 score=0 ok=True (OK) 
#89 score3816 proxyservertjes/geschenkcheques: solve: R7 faalt | zetten=0 tegels=0 score=0 ok=True (OK) 
#90 score3815 bouwcuratrixjes/geschenkcheques: solve: R7 faalt | zetten=0 tegels=0 score=0 ok=True (OK) 
#91 score3815 bouwcuratrixjes/geschenkcheques: solve: R7 faalt | zetten=0 tegels=0 score=0 ok=True (OK) 
#92 score3815 babyzwemmertjes/geschenkcheques: solve: R7 faalt | zetten=0 tegels=0 score=0 ok=True (OK) 
#93 score3815 polymelkzuurtje/geschenkcheques: solve: R7 faalt | zetten=0 tegels=0 score=0 ok=True (OK) 
#94 score3815 geschenkcheques/babyzwemmertjes: solve: R7 faalt | zetten=0 tegels=0 score=0 ok=True (OK) 
#95 score3815 geschenkcheques/polymelkzuurtje: solve: R7 faalt | zetten=0 tegels=0 score=0 ok=True (OK) 
#96 score3814 bouwcuratrixjes/geschenkcheques: solve: pre-run-verbinding faalt | zetten=4 tegels=21 score=601 ok=True (OK) 
#97 score3814 bouwcuratrixjes/geschenkcheques: solve: R7 faalt | zetten=0 tegels=0 score=0 ok=True (OK) 
#98 score3814 bouwcuratrixjes/craqueleachtigs: solve: R7 faalt | zetten=0 tegels=0 score=0 ok=True (OK) 
#99 score3813 polymelkzuurtje/geschenkcheques: solve: R7 faalt | zetten=0 tegels=0 score=0 ok=True (OK) 
#100 score3813 papyruszuiltjes/geschenkcheques: solve: R7 faalt | zetten=0 tegels=0 score=0 ok=True (OK) 
#101 score3813 geschenkcheques/polymelkzuurtje: solve: R7 faalt | zetten=0 tegels=0 score=0 ok=True (OK) 
#102 score3813 geschenkcheques/papyruszuiltjes: solve: R7 faalt | zetten=0 tegels=0 score=0 ok=True (OK) 
#103 score3812 bouwcuratrixjes/geschenkcheques: solve: R7 faalt | zetten=0 tegels=0 score=0 ok=True (OK) 
#104 score3812 bouwcuratrixjes/geschenkcheques: solve: R7 faalt | zetten=0 tegels=0 score=0 ok=True (OK) 
#105 score3812 bouwcuratrixjes/geschenkcheques: solve: R7 faalt | zetten=0 tegels=0 score=0 ok=True (OK) 
#106 score3812 bouwcuratrixjes/chequeformulier: solve: pre-run-verbinding faalt | zetten=4 tegels=22 score=685 ok=True (OK) 
#107 score3812 bouwcuratrixjes/chequeformulier: solve: R7 faalt | zetten=0 tegels=0 score=0 ok=True (OK) 
#108 score3811 bouwcuratrixjes/geschenkcheques: solve: R7 faalt | zetten=0 tegels=0 score=0 ok=True (OK) 
#109 score3811 bouwcuratrixjes/geschenkcheques: solve: R7 faalt | zetten=0 tegels=0 score=0 ok=True (OK) 
#110 score3811 woestijnlynxjes/geschenkcheques: solve: R7 faalt | zetten=0 tegels=0 score=0 ok=True (OK) 
#111 score3811 geschenkcheques/woestijnlynxjes: solve: R7 faalt | zetten=0 tegels=0 score=0 ok=True (OK) 
#112 score3811 woestijnlynxjes/geschenkcheques: solve: R7 faalt | zetten=0 tegels=0 score=0 ok=True (OK) 
#113 score3811 geschenkcheques/woestijnlynxjes: solve: R7 faalt | zetten=0 tegels=0 score=0 ok=True (OK) 
#114 score3811 proxyservertjes/geschenkcheques: solve: R7 faalt | zetten=0 tegels=0 score=0 ok=True (OK) 
#115 score3811 bouwcuratrixjes/chequebedragjes: solve: R7 faalt | zetten=0 tegels=0 score=0 ok=True (OK) 
#116 score3811 bouwcuratrixjes/geschenkcheques: solve: R7 faalt | zetten=0 tegels=0 score=0 ok=True (OK) 
#117 score3811 babyzwemmertjes/geschenkcheques: solve: R7 faalt | zetten=0 tegels=0 score=0 ok=True (OK) 
#118 score3811 geschenkcheques/babyzwemmertjes: solve: R7 faalt | zetten=0 tegels=0 score=0 ok=True (OK) 
#119 score3810 bouwcuratrixjes/geschenkcheques: solve: R7 faalt | zetten=0 tegels=0 score=0 ok=True (OK) 
#120 score3810 bouwcuratrixjes/geschenkcheques: solve: R7 faalt | zetten=0 tegels=0 score=0 ok=True (OK) 
#121 score3810 bouwcuratrixjes/geschenkcheques: solve: R7 faalt | zetten=0 tegels=0 score=0 ok=True (OK) 
#122 score3809 bouwcuratrixjes/geschenkcheques: solve: R7 faalt | zetten=0 tegels=0 score=0 ok=True (OK) 
#123 score3809 bouwcuratrixjes/geschenkcheques: solve: R7 faalt | zetten=0 tegels=0 score=0 ok=True (OK) 
#124 score3809 bouwcuratrixjes/geschenkcheques: solve: R7 faalt | zetten=0 tegels=0 score=0 ok=True (OK) 
#125 score3809 babyzwemmertjes/geschenkcheques: solve: R7 faalt | zetten=0 tegels=0 score=0 ok=True (OK) 
#126 score3809 lewylichaampjes/chequeformulier: solve: R7 faalt | zetten=0 tegels=0 score=0 ok=True (OK) 
#127 score3809 chequeformulier/lewylichaampjes: solve: R7 faalt | zetten=0 tegels=0 score=0 ok=True (OK) 
#128 score3809 geschenkcheques/babyzwemmertjes: solve: R7 faalt | zetten=0 tegels=0 score=0 ok=True (OK) 
#129 score3809 proxyservertjes/geschenkcheques: solve: R7 faalt | zetten=0 tegels=0 score=0 ok=True (OK) 
#130 score3809 bouwcuratrixjes/chequeformulier: solve: R7 faalt | zetten=0 tegels=0 score=0 ok=True (OK) 
#131 score3808 bouwcuratrixjes/geschenkcheques: solve: R7 faalt | zetten=0 tegels=0 score=0 ok=True (OK) 
#132 score3808 bouwcuratrixjes/geschenkcheques: solve: R7 faalt | zetten=0 tegels=0 score=0 ok=True (OK) 
#133 score3808 babyparfummetje/geschenkcheques: solve: R7 faalt | zetten=0 tegels=0 score=0 ok=True (OK) 
#134 score3808 geschenkcheques/babyparfummetje: solve: R7 faalt | zetten=0 tegels=0 score=0 ok=True (OK) 
#135 score3807 bouwcuratrixjes/geschenkcheques: solve: R7 faalt | zetten=0 tegels=0 score=0 ok=True (OK) 
#136 score3807 bouwcuratrixjes/geschenkcheques: solve: R7 faalt | zetten=0 tegels=0 score=0 ok=True (OK) 
#137 score3807 woestijnlynxjes/geschenkcheques: solve: R7 faalt | zetten=0 tegels=0 score=0 ok=True (OK) 
#138 score3807 geschenkcheques/woestijnlynxjes: solve: R7 faalt | zetten=0 tegels=0 score=0 ok=True (OK) 
#139 score3807 polymelkzuurtje/geschenkcheques: solve: R7 faalt | zetten=0 tegels=0 score=0 ok=True (OK) 
#140 score3807 papyruszuiltjes/geschenkcheques: solve: R7 faalt | zetten=0 tegels=0 score=0 ok=True (OK) 
#141 score3807 geschenkcheques/polymelkzuurtje: solve: R7 faalt | zetten=0 tegels=0 score=0 ok=True (OK) 
#142 score3807 geschenkcheques/papyruszuiltjes: solve: R7 faalt | zetten=0 tegels=0 score=0 ok=True (OK) 
#143 score3806 lewylichaampjes/chequeformulier: solve: R7 faalt | zetten=0 tegels=0 score=0 ok=True (OK) 
#144 score3806 babyglimlachjes/chequeformulier: solve: R7 faalt | zetten=0 tegels=0 score=0 ok=True (OK) 
#145 score3806 chequeformulier/lewylichaampjes: solve: R7 faalt | zetten=0 tegels=0 score=0 ok=True (OK) 
#146 score3806 chequeformulier/babyglimlachjes: solve: R7 faalt | zetten=0 tegels=0 score=0 ok=True (OK) 
#147 score3806 bouwcuratrixjes/jacquardmachine: solve: pre-run-verbinding faalt | zetten=4 tegels=21 score=644 ok=True (OK) 
#148 score3805 bouwcuratrixjes/geschenkcheques: solve: R7 faalt | zetten=0 tegels=0 score=0 ok=True (OK) 
#149 score3805 polymelkzuurtje/geschenkcheques: solve: R7 faalt | zetten=0 tegels=0 score=0 ok=True (OK) 
#150 score3805 babyglimlachjes/chequeformulier: solve: R7 faalt | zetten=0 tegels=0 score=0 ok=True (OK) 
#151 score3805 chequeformulier/babyglimlachjes: solve: R7 faalt | zetten=0 tegels=0 score=0 ok=True (OK) 
#152 score3805 geschenkcheques/polymelkzuurtje: solve: R7 faalt | zetten=0 tegels=0 score=0 ok=True (OK) 
#153 score3805 bouwcuratrixjes/chequeformulier: solve: R7 faalt | zetten=0 tegels=0 score=0 ok=True (OK) 
#154 score3804 woestijnlynxjes/geschenkcheques: solve: R7 faalt | zetten=0 tegels=0 score=0 ok=True (OK) 
#155 score3804 geschenkcheques/woestijnlynxjes: solve: R7 faalt | zetten=0 tegels=0 score=0 ok=True (OK) 
#156 score3804 papyruszuiltjes/geschenkcheques: solve: R7 faalt | zetten=0 tegels=0 score=0 ok=True (OK) 
#157 score3804 geschenkcheques/papyruszuiltjes: solve: R7 faalt | zetten=0 tegels=0 score=0 ok=True (OK) 
#158 score3804 bouwcuratrixjes/geschenkcheques: solve: pre-run-verbinding faalt | zetten=4 tegels=20 score=599 ok=True (OK) 
#159 score3804 babyzwemmertjes/geschenkcheques: solve: pre-run-verbinding faalt | zetten=4 tegels=21 score=575 ok=True (OK) 
#160 score3804 geschenkcheques/babyzwemmertjes: solve: pre-run-verbinding faalt | zetten=4 tegels=21 score=575 ok=True (OK) 
#161 score3804 proxyservertjes/geschenkcheques: solve: R7 faalt | zetten=0 tegels=0 score=0 ok=True (OK) 
#162 score3804 babyzwemmertjes/geschenkcheques: solve: R7 faalt | zetten=0 tegels=0 score=0 ok=True (OK) 
#163 score3804 geschenkcheques/babyzwemmertjes: solve: R7 faalt | zetten=0 tegels=0 score=0 ok=True (OK) 
#164 score3804 babyzwemmertjes/geschenkcheques: solve: R7 faalt | zetten=0 tegels=0 score=0 ok=True (OK) 
#165 score3804 babyglimlachjes/chequeformulier: solve: R7 faalt | zetten=0 tegels=0 score=0 ok=True (OK) 
#166 score3804 chequeformulier/babyglimlachjes: solve: R7 faalt | zetten=0 tegels=0 score=0 ok=True (OK) 
#167 score3804 geschenkcheques/babyzwemmertjes: solve: R7 faalt | zetten=0 tegels=0 score=0 ok=True (OK) 
#168 score3804 polymelkzuurtje/geschenkcheques: solve: R7 faalt | zetten=0 tegels=0 score=0 ok=True (OK) 
#169 score3804 papyruszuiltjes/geschenkcheques: solve: R7 faalt | zetten=0 tegels=0 score=0 ok=True (OK) 
#170 score3804 geschenkcheques/polymelkzuurtje: solve: R7 faalt | zetten=0 tegels=0 score=0 ok=True (OK) 
#171 score3804 geschenkcheques/papyruszuiltjes: solve: R7 faalt | zetten=0 tegels=0 score=0 ok=True (OK) 
#172 score3803 proxyservertjes/geschenkcheques: solve: R7 faalt | zetten=0 tegels=0 score=0 ok=True (OK) 
#173 score3803 woestijnlynxjes/geschenkcheques: solve: R7 faalt | zetten=0 tegels=0 score=0 ok=True (OK) 
#174 score3803 geschenkcheques/woestijnlynxjes: solve: R7 faalt | zetten=0 tegels=0 score=0 ok=True (OK) 
#175 score3802 polymelkzuurtje/geschenkcheques: solve: R7 faalt | zetten=0 tegels=0 score=0 ok=True (OK) 
#176 score3802 papyruszuiltjes/geschenkcheques: solve: R7 faalt | zetten=0 tegels=0 score=0 ok=True (OK) 
#177 score3802 geschenkcheques/polymelkzuurtje: solve: R7 faalt | zetten=0 tegels=0 score=0 ok=True (OK) 
#178 score3802 geschenkcheques/papyruszuiltjes: solve: R7 faalt | zetten=0 tegels=0 score=0 ok=True (OK) 
#179 score3802 babyzwemmertjes/geschenkcheques: solve: R7 faalt | zetten=0 tegels=0 score=0 ok=True (OK) 
#180 score3802 geschenkcheques/babyzwemmertjes: solve: R7 faalt | zetten=0 tegels=0 score=0 ok=True (OK) 
#181 score3802 babyglimlachjes/chequeformulier: solve: R7 faalt | zetten=0 tegels=0 score=0 ok=True (OK) 
#182 score3802 chequeformulier/babyglimlachjes: solve: R7 faalt | zetten=0 tegels=0 score=0 ok=True (OK) 
#183 score3802 lewylichaampjes/chequeformulier: solve: R7 faalt | zetten=0 tegels=0 score=0 ok=True (OK) 
#184 score3802 chequeformulier/lewylichaampjes: solve: R7 faalt | zetten=0 tegels=0 score=0 ok=True (OK) 
#185 score3801 bouwcuratrixjes/geschenkcheques: solve: R7 faalt | zetten=0 tegels=0 score=0 ok=True (OK) 
#186 score3801 polymelkzuurtje/geschenkcheques: solve: R7 faalt | zetten=0 tegels=0 score=0 ok=True (OK) 
#187 score3801 geschenkcheques/polymelkzuurtje: solve: R7 faalt | zetten=0 tegels=0 score=0 ok=True (OK) 
#188 score3801 polymelkzuurtje/geschenkcheques: solve: R7 faalt | zetten=0 tegels=0 score=0 ok=True (OK) 
#189 score3801 geschenkcheques/polymelkzuurtje: solve: R7 faalt | zetten=0 tegels=0 score=0 ok=True (OK) 
#190 score3801 bouwcuratrixjes/lewylichaampjes: solve: R7 faalt | zetten=0 tegels=0 score=0 ok=True (OK) 
#191 score3800 polymelkzuurtje/geschenkcheques: solve: R7 faalt | zetten=0 tegels=0 score=0 ok=True (OK) 
#192 score3800 papyruszuiltjes/geschenkcheques: solve: R7 faalt | zetten=0 tegels=0 score=0 ok=True (OK) 
#193 score3800 geschenkcheques/polymelkzuurtje: solve: R7 faalt | zetten=0 tegels=0 score=0 ok=True (OK) 
#194 score3800 geschenkcheques/papyruszuiltjes: solve: R7 faalt | zetten=0 tegels=0 score=0 ok=True (OK) 
#195 score3800 polymelkzuurtje/geschenkcheques: solve: pre-run-verbinding faalt | zetten=4 tegels=22 score=624 ok=True (OK) 
#196 score3800 papyruszuiltjes/geschenkcheques: solve: pre-run-verbinding faalt | zetten=4 tegels=22 score=624 ok=True (OK) 
#197 score3800 geschenkcheques/polymelkzuurtje: solve: pre-run-verbinding faalt | zetten=4 tegels=22 score=624 ok=True (OK) 
#198 score3800 geschenkcheques/papyruszuiltjes: solve: pre-run-verbinding faalt | zetten=4 tegels=22 score=624 ok=True (OK) 
#199 score3800 proxyservertjes/geschenkcheques: solve: R7 faalt | zetten=0 tegels=0 score=0 ok=True (OK) 
#200 score3800 proxyservertjes/geschenkcheques: solve: R7 faalt | zetten=0 tegels=0 score=0 ok=True (OK) 
#201 score3800 babyzwemmertjes/geschenkcheques: solve: R7 faalt | zetten=0 tegels=0 score=0 ok=True (OK) 
#202 score3800 geschenkcheques/babyzwemmertjes: solve: R7 faalt | zetten=0 tegels=0 score=0 ok=True (OK) 
#203 score3800 polymelkzuurtje/geschenkcheques: solve: R7 faalt | zetten=0 tegels=0 score=0 ok=True (OK) 
#204 score3800 geschenkcheques/polymelkzuurtje: solve: R7 faalt | zetten=0 tegels=0 score=0 ok=True (OK) 
#205 score3799 bouwcuratrixjes/geschenkcheques: solve: R7 faalt | zetten=0 tegels=0 score=0 ok=True (OK) 
#206 score3799 vrouwtjesguppys/geschenkcheques: solve: R7 faalt | zetten=0 tegels=0 score=0 ok=True (OK) 
#207 score3799 babyparfummetje/geschenkcheques: solve: R7 faalt | zetten=0 tegels=0 score=0 ok=True (OK) 
#208 score3799 lewylichaampjes/chequeformulier: solve: R7 faalt | zetten=0 tegels=0 score=0 ok=True (OK) 
#209 score3799 wetenschapsquiz/babyglimlachjes: solve: R7 faalt | zetten=0 tegels=0 score=0 ok=True (OK) 
#210 score3799 chequeformulier/lewylichaampjes: solve: R7 faalt | zetten=0 tegels=0 score=0 ok=True (OK) 
#211 score3799 geschenkcheques/babyparfummetje: solve: R7 faalt | zetten=0 tegels=0 score=0 ok=True (OK) 
#212 score3799 babyzwemmertjes/flauwekulexcuus: solve: R7 faalt | zetten=0 tegels=0 score=0 ok=True (OK) 
#213 score3799 flauwekulexcuus/babyzwemmertjes: solve: R7 faalt | zetten=0 tegels=0 score=0 ok=True (OK) 
#214 score3798 woestijnlynxjes/geschenkcheques: solve: R7 faalt | zetten=0 tegels=0 score=0 ok=True (OK) 
#215 score3798 geschenkcheques/woestijnlynxjes: solve: R7 faalt | zetten=0 tegels=0 score=0 ok=True (OK) 
#216 score3798 polymelkzuurtje/geschenkcheques: solve: R7 faalt | zetten=0 tegels=0 score=0 ok=True (OK) 
#217 score3798 geschenkcheques/polymelkzuurtje: solve: R7 faalt | zetten=0 tegels=0 score=0 ok=True (OK) 
#218 score3798 babyglimlachjes/chequeformulier: solve: R7 faalt | zetten=0 tegels=0 score=0 ok=True (OK) 
#219 score3798 chequeformulier/babyglimlachjes: solve: R7 faalt | zetten=0 tegels=0 score=0 ok=True (OK) 
#220 score3798 publieksjurytje/geschenkcheques: solve: R7 faalt | zetten=0 tegels=0 score=0 ok=True (OK) 
#221 score3798 babyzwemmertjes/geschenkcheques: solve: R7 faalt | zetten=0 tegels=0 score=0 ok=True (OK) 
#222 score3798 babyglimlachjes/chequeformulier: solve: R7 faalt | zetten=0 tegels=0 score=0 ok=True (OK) 
#223 score3798 chequeformulier/babyglimlachjes: solve: R7 faalt | zetten=0 tegels=0 score=0 ok=True (OK) 
#224 score3798 geschenkcheques/publieksjurytje: solve: R7 faalt | zetten=0 tegels=0 score=0 ok=True (OK) 
#225 score3798 geschenkcheques/babyzwemmertjes: solve: R7 faalt | zetten=0 tegels=0 score=0 ok=True (OK) 
#226 score3798 woestijnlynxjes/geschenkcheques: solve: R7 faalt | zetten=0 tegels=0 score=0 ok=True (OK) 
#227 score3798 geschenkcheques/woestijnlynxjes: solve: R7 faalt | zetten=0 tegels=0 score=0 ok=True (OK) 
#228 score3798 bouwcuratrixjes/lewylichaampjes: solve: R7 faalt | zetten=0 tegels=0 score=0 ok=True (OK) 
#229 score3798 wetenschapsquiz/vluchtreflexjes: solve: R7 faalt | zetten=0 tegels=0 score=0 ok=True (OK) 
#230 score3798 bouwcuratrixjes/chequebedragjes: solve: R7 faalt | zetten=0 tegels=0 score=0 ok=True (OK) 
#231 score3798 bouwcuratrixjes/lewylichaampjes: solve: R7 faalt | zetten=0 tegels=0 score=0 ok=True (OK) 
#232 score3797 bouwcuratrixjes/chequebedragjes: solve: R7 faalt | zetten=0 tegels=0 score=0 ok=True (OK) 
#233 score3797 bouwcuratrixjes/geschenkcheques: solve: R7 faalt | zetten=0 tegels=0 score=0 ok=True (OK) 
#234 score3797 babyzwemmertjes/geschenkcheques: solve: R7 faalt | zetten=0 tegels=0 score=0 ok=True (OK) 
#235 score3797 geschenkcheques/babyzwemmertjes: solve: R7 faalt | zetten=0 tegels=0 score=0 ok=True (OK) 
#236 score3797 polymelkzuurtje/geschenkcheques: solve: R7 faalt | zetten=0 tegels=0 score=0 ok=True (OK) 
#237 score3797 papyruszuiltjes/geschenkcheques: solve: R7 faalt | zetten=0 tegels=0 score=0 ok=True (OK) 
#238 score3797 geschenkcheques/polymelkzuurtje: solve: R7 faalt | zetten=0 tegels=0 score=0 ok=True (OK) 
#239 score3797 geschenkcheques/papyruszuiltjes: solve: R7 faalt | zetten=0 tegels=0 score=0 ok=True (OK) 
#240 score3797 bouwcuratrixjes/chequebedragjes: solve: pre-run-verbinding faalt | zetten=4 tegels=21 score=644 ok=True (OK) 
#241 score3797 bouwcuratrixjes/lewylichaampjes: solve: R7 faalt | zetten=0 tegels=0 score=0 ok=True (OK) 
#242 score3797 vluchtreflexjes/chequeformulier: solve: R7 faalt | zetten=0 tegels=0 score=0 ok=True (OK) 
#243 score3797 chequeformulier/vluchtreflexjes: solve: R7 faalt | zetten=0 tegels=0 score=0 ok=True (OK) 
#244 score3796 babyglimlachjes/chequeformulier: solve: R7 faalt | zetten=0 tegels=0 score=0 ok=True (OK) 
#245 score3796 chequeformulier/babyglimlachjes: solve: R7 faalt | zetten=0 tegels=0 score=0 ok=True (OK) 
#246 score3796 papyruszuiltjes/geschenkcheques: solve: R7 faalt | zetten=0 tegels=0 score=0 ok=True (OK) 
#247 score3796 geschenkcheques/papyruszuiltjes: solve: R7 faalt | zetten=0 tegels=0 score=0 ok=True (OK) 
#248 score3796 papyruszuiltjes/geschenkcheques: solve: R7 faalt | zetten=0 tegels=0 score=0 ok=True (OK) 
#249 score3796 geschenkcheques/papyruszuiltjes: solve: R7 faalt | zetten=0 tegels=0 score=0 ok=True (OK) 
#250 score3796 babyglimlachjes/chequeformulier: solve: R7 faalt | zetten=0 tegels=0 score=0 ok=True (OK) 
#251 score3796 chequeformulier/babyglimlachjes: solve: R7 faalt | zetten=0 tegels=0 score=0 ok=True (OK) 
#252 score3796 woestijnlynxjes/geschenkcheques: solve: R7 faalt | zetten=0 tegels=0 score=0 ok=True (OK) 
#253 score3796 geschenkcheques/woestijnlynxjes: solve: R7 faalt | zetten=0 tegels=0 score=0 ok=True (OK) 
#254 score3796 polymelkzuurtje/geschenkcheques: solve: R7 faalt | zetten=0 tegels=0 score=0 ok=True (OK) 
#255 score3796 geschenkcheques/polymelkzuurtje: solve: R7 faalt | zetten=0 tegels=0 score=0 ok=True (OK) 
#256 score3796 polymelkzuurtje/geschenkcheques: solve: R7 faalt | zetten=0 tegels=0 score=0 ok=True (OK) 
#257 score3796 papyruszuiltjes/geschenkcheques: solve: R7 faalt | zetten=0 tegels=0 score=0 ok=True (OK) 
#258 score3796 geschenkcheques/polymelkzuurtje: solve: R7 faalt | zetten=0 tegels=0 score=0 ok=True (OK) 
#259 score3796 geschenkcheques/papyruszuiltjes: solve: R7 faalt | zetten=0 tegels=0 score=0 ok=True (OK) 
#260 score3796 buffalowurmpjes/geschenkcheques: solve: R7 faalt | zetten=0 tegels=0 score=0 ok=True (OK) 
#261 score3796 bouwvakkersfuif/geschenkcheques: solve: R7 faalt | zetten=0 tegels=0 score=0 ok=True (OK) 
#262 score3796 geschenkcheques/buffalowurmpjes: solve: R7 faalt | zetten=0 tegels=0 score=0 ok=True (OK) 
#263 score3796 geschenkcheques/bouwvakkersfuif: solve: R7 faalt | zetten=0 tegels=0 score=0 ok=True (OK) 
#264 score3795 woestijnlynxjes/geschenkcheques: solve: completie faalt (R0=False R14=False) | zetten=19 tegels=83 score=1191 ok=True (OK) 
#265 score3795 geschenkcheques/woestijnlynxjes: solve: completie faalt (R0=False R14=False) | zetten=20 tegels=77 score=1051 ok=True (OK) 
#266 score3795 polymelkzuurtje/geschenkcheques: solve: R7 faalt | zetten=0 tegels=0 score=0 ok=True (OK) 
#267 score3795 geschenkcheques/polymelkzuurtje: solve: R7 faalt | zetten=0 tegels=0 score=0 ok=True (OK) 
#268 score3795 woestijnlynxjes/geschenkcheques: solve: R7 faalt | zetten=0 tegels=0 score=0 ok=True (OK) 
#269 score3795 geschenkcheques/woestijnlynxjes: solve: R7 faalt | zetten=0 tegels=0 score=0 ok=True (OK) 
#270 score3795 polymelkzuurtje/geschenkcheques: solve: R7 faalt | zetten=0 tegels=0 score=0 ok=True (OK) 
#271 score3795 geschenkcheques/polymelkzuurtje: solve: R7 faalt | zetten=0 tegels=0 score=0 ok=True (OK) 
#272 score3795 polymelkzuurtje/geschenkcheques: solve: R7 faalt | zetten=0 tegels=0 score=0 ok=True (OK) 
#273 score3795 geschenkcheques/polymelkzuurtje: solve: R7 faalt | zetten=0 tegels=0 score=0 ok=True (OK) 
#274 score3795 bouwcuratrixjes/geschenkcheques: solve: R7 faalt | zetten=0 tegels=0 score=0 ok=True (OK) 
#275 score3795 babyzwemmertjes/geschenkcheques: solve: R7 faalt | zetten=0 tegels=0 score=0 ok=True (OK) 
#276 score3795 babyglimlachjes/chequeformulier: solve: R7 faalt | zetten=0 tegels=0 score=0 ok=True (OK) 
#277 score3795 chequeformulier/babyglimlachjes: solve: R7 faalt | zetten=0 tegels=0 score=0 ok=True (OK) 
#278 score3795 geschenkcheques/babyzwemmertjes: solve: R7 faalt | zetten=0 tegels=0 score=0 ok=True (OK) 
#279 score3795 proxyservertjes/geschenkcheques: solve: R7 faalt | zetten=0 tegels=0 score=0 ok=True (OK) 
#280 score3795 woestijnlynxjes/geschenkcheques: solve: R7 faalt | zetten=0 tegels=0 score=0 ok=True (OK) 
#281 score3795 geschenkcheques/woestijnlynxjes: solve: R7 faalt | zetten=0 tegels=0 score=0 ok=True (OK) 
#282 score3795 woestijnlynxjes/geschenkcheques: solve: pre-run-verbinding faalt | zetten=4 tegels=21 score=575 ok=True (OK) 
#283 score3795 geschenkcheques/woestijnlynxjes: solve: pre-run-verbinding faalt | zetten=4 tegels=21 score=575 ok=True (OK) 
#284 score3795 woestijnlynxjes/geschenkcheques: solve: R7 faalt | zetten=0 tegels=0 score=0 ok=True (OK) 
#285 score3795 babyglimlachjes/chequeformulier: solve: R7 faalt | zetten=0 tegels=0 score=0 ok=True (OK) 
#286 score3795 chequeformulier/babyglimlachjes: solve: R7 faalt | zetten=0 tegels=0 score=0 ok=True (OK) 
#287 score3795 geschenkcheques/woestijnlynxjes: solve: R7 faalt | zetten=0 tegels=0 score=0 ok=True (OK) 
#288 score3795 babyglimlachjes/chequeformulier: solve: R7 faalt | zetten=0 tegels=0 score=0 ok=True (OK) 
#289 score3795 chequeformulier/babyglimlachjes: solve: R7 faalt | zetten=0 tegels=0 score=0 ok=True (OK) 
#290 score3795 bouwcuratrixjes/chequeformulier: solve: pre-run-verbinding faalt | zetten=4 tegels=22 score=683 ok=True (OK) 
#291 score3795 proxyservertjes/geschenkcheques: solve: R7 faalt | zetten=0 tegels=0 score=0 ok=True (OK) 
#292 score3795 bouwcuratrixjes/lewylichaampjes: solve: R7 faalt | zetten=0 tegels=0 score=0 ok=True (OK) 
#293 score3795 bouwcuratrixjes/playbackshowtje: solve: R7 faalt | zetten=0 tegels=0 score=0 ok=True (OK) 
#294 score3795 bouwcuratrixjes/babyglimlachjes: solve: R7 faalt | zetten=0 tegels=0 score=0 ok=True (OK) 
#295 score3794 woestijnlynxjes/geschenkcheques: solve: R7 faalt | zetten=0 tegels=0 score=0 ok=True (OK) 
#296 score3794 geschenkcheques/woestijnlynxjes: solve: R7 faalt | zetten=0 tegels=0 score=0 ok=True (OK) 
#297 score3794 babyglimlachjes/chequeformulier: solve: R7 faalt | zetten=0 tegels=0 score=0 ok=True (OK) 
#298 score3794 chequeformulier/babyglimlachjes: solve: R7 faalt | zetten=0 tegels=0 score=0 ok=True (OK) 
#299 score3794 bouwcuratrixjes/wetenschapsquiz: solve: R7 faalt | zetten=0 tegels=0 score=0 ok=True (OK) 
#300 score3794 bouwcuratrixjes/geschenkcheques: solve: pre-run-verbinding faalt | zetten=4 tegels=22 score=685 ok=True (OK) 
#301 score3794 vluchtreflexjes/chequeformulier: solve: R7 faalt | zetten=0 tegels=0 score=0 ok=True (OK) 
#302 score3794 bouwcuratrixjes/geschenkcheques: solve: R7 faalt | zetten=0 tegels=0 score=0 ok=True (OK) 
#303 score3794 chequeformulier/vluchtreflexjes: solve: R7 faalt | zetten=0 tegels=0 score=0 ok=True (OK) 
#304 score3793 babyglimlachjes/chequeformulier: solve: R7 faalt | zetten=0 tegels=0 score=0 ok=True (OK) 
#305 score3793 chequeformulier/babyglimlachjes: solve: R7 faalt | zetten=0 tegels=0 score=0 ok=True (OK) 
#306 score3793 woestijnlynxjes/geschenkcheques: solve: R7 faalt | zetten=0 tegels=0 score=0 ok=True (OK) 
#307 score3793 geschenkcheques/woestijnlynxjes: solve: R7 faalt | zetten=0 tegels=0 score=0 ok=True (OK) 
#308 score3793 woestijnlynxjes/geschenkcheques: solve: R7 faalt | zetten=0 tegels=0 score=0 ok=True (OK) 
#309 score3793 geschenkcheques/woestijnlynxjes: solve: R7 faalt | zetten=0 tegels=0 score=0 ok=True (OK) 
#310 score3793 proxyservertjes/geschenkcheques: solve: R7 faalt | zetten=0 tegels=0 score=0 ok=True (OK) 
#311 score3793 babyzwemmertjes/geschenkcheques: solve: R7 faalt | zetten=0 tegels=0 score=0 ok=True (OK) 
#312 score3793 polymelkzuurtje/geschenkcheques: solve: R7 faalt | zetten=0 tegels=0 score=0 ok=True (OK) 
#313 score3793 geschenkcheques/babyzwemmertjes: solve: R7 faalt | zetten=0 tegels=0 score=0 ok=True (OK) 
#314 score3793 geschenkcheques/polymelkzuurtje: solve: R7 faalt | zetten=0 tegels=0 score=0 ok=True (OK) 
#315 score3793 babyglimlachjes/chequeformulier: solve: R7 faalt | zetten=0 tegels=0 score=0 ok=True (OK) 
#316 score3793 chequeformulier/babyglimlachjes: solve: R7 faalt | zetten=0 tegels=0 score=0 ok=True (OK) 
#317 score3793 bouwcuratrixjes/chequeformulier: solve: R7 faalt | zetten=0 tegels=0 score=0 ok=True (OK) 
#318 score3793 buxusbedrijfjes/geschenkcheques: solve: R7 faalt | zetten=0 tegels=0 score=0 ok=True (OK) 
#319 score3793 geschenkcheques/buxusbedrijfjes: solve: R7 faalt | zetten=0 tegels=0 score=0 ok=True (OK) 
#320 score3793 woestijnlynxjes/geschenkcheques: solve: R7 faalt | zetten=0 tegels=0 score=0 ok=True (OK) 
#321 score3793 geschenkcheques/woestijnlynxjes: solve: R7 faalt | zetten=0 tegels=0 score=0 ok=True (OK) 
#322 score3793 polymelkzuurtje/geschenkcheques: solve: R7 faalt | zetten=0 tegels=0 score=0 ok=True (OK) 
#323 score3793 geschenkcheques/polymelkzuurtje: solve: R7 faalt | zetten=0 tegels=0 score=0 ok=True (OK) 
#324 score3793 bouwcuratrixjes/geschenkcheques: solve: pre-run-verbinding faalt | zetten=4 tegels=22 score=572 ok=True (OK) 
#325 score3792 babyglimlachjes/chequeformulier: solve: R7 faalt | zetten=0 tegels=0 score=0 ok=True (OK) 
#326 score3792 chequeformulier/babyglimlachjes: solve: R7 faalt | zetten=0 tegels=0 score=0 ok=True (OK) 
#327 score3792 woestijnlynxjes/geschenkcheques: solve: R7 faalt | zetten=0 tegels=0 score=0 ok=True (OK) 
#328 score3792 geschenkcheques/woestijnlynxjes: solve: R7 faalt | zetten=0 tegels=0 score=0 ok=True (OK) 
#329 score3792 polymelkzuurtje/geschenkcheques: solve: R7 faalt | zetten=0 tegels=0 score=0 ok=True (OK) 
#330 score3792 geschenkcheques/polymelkzuurtje: solve: R7 faalt | zetten=0 tegels=0 score=0 ok=True (OK) 
#331 score3792 vluchtreflexjes/chequeformulier: solve: R7 faalt | zetten=0 tegels=0 score=0 ok=True (OK) 
#332 score3792 chequeformulier/vluchtreflexjes: solve: R7 faalt | zetten=0 tegels=0 score=0 ok=True (OK) 
#333 score3791 babyglimlachjes/chequeformulier: solve: R7 faalt | zetten=0 tegels=0 score=0 ok=True (OK) 
#334 score3791 chequeformulier/babyglimlachjes: solve: R7 faalt | zetten=0 tegels=0 score=0 ok=True (OK) 
#335 score3791 woestijnlynxjes/geschenkcheques: solve: R7 faalt | zetten=0 tegels=0 score=0 ok=True (OK) 
#336 score3791 geschenkcheques/woestijnlynxjes: solve: R7 faalt | zetten=0 tegels=0 score=0 ok=True (OK) 
#337 score3791 woestijnlynxjes/geschenkcheques: solve: R7 faalt | zetten=0 tegels=0 score=0 ok=True (OK) 
#338 score3791 geschenkcheques/woestijnlynxjes: solve: R7 faalt | zetten=0 tegels=0 score=0 ok=True (OK) 
#339 score3791 proxyservertjes/geschenkcheques: solve: R7 faalt | zetten=0 tegels=0 score=0 ok=True (OK) 
#340 score3791 babyzwemmertjes/geschenkcheques: solve: R7 faalt | zetten=0 tegels=0 score=0 ok=True (OK) 
#341 score3791 geschenkcheques/babyzwemmertjes: solve: R7 faalt | zetten=0 tegels=0 score=0 ok=True (OK) 
#342 score3791 proxyservertjes/geschenkcheques: solve: R7 faalt | zetten=0 tegels=0 score=0 ok=True (OK) 
#343 score3791 woestijnlynxjes/geschenkcheques: solve: R7 faalt | zetten=0 tegels=0 score=0 ok=True (OK) 
#344 score3791 geschenkcheques/woestijnlynxjes: solve: R7 faalt | zetten=0 tegels=0 score=0 ok=True (OK) 
#345 score3791 woestijnlynxjes/geschenkcheques: solve: R7 faalt | zetten=0 tegels=0 score=0 ok=True (OK) 
#346 score3791 geschenkcheques/woestijnlynxjes: solve: R7 faalt | zetten=0 tegels=0 score=0 ok=True (OK) 
#347 score3791 babyglimlachjes/chequeformulier: solve: R7 faalt | zetten=0 tegels=0 score=0 ok=True (OK) 
#348 score3791 chequeformulier/babyglimlachjes: solve: R7 faalt | zetten=0 tegels=0 score=0 ok=True (OK) 
#349 score3791 woestijnlynxjes/geschenkcheques: solve: R7 faalt | zetten=0 tegels=0 score=0 ok=True (OK) 
#350 score3791 geschenkcheques/woestijnlynxjes: solve: R7 faalt | zetten=0 tegels=0 score=0 ok=True (OK) 
#351 score3791 bouwcuratrixjes/jacquardmachine: solve: R7 faalt | zetten=0 tegels=0 score=0 ok=True (OK) 
#352 score3791 bouwcuratrixjes/lewylichaampjes: solve: R7 faalt | zetten=0 tegels=0 score=0 ok=True (OK) 
#353 score3791 bouwcuratrixjes/lewylichaampjes: solve: R7 faalt | zetten=0 tegels=0 score=0 ok=True (OK) 
#354 score3790 bouwcuratrixjes/geschenkcheques: solve: R7 faalt | zetten=0 tegels=0 score=0 ok=True (OK) 
#355 score3790 publieksjurytje/geschenkcheques: solve: R7 faalt | zetten=0 tegels=0 score=0 ok=True (OK) 
#356 score3790 geschenkcheques/publieksjurytje: solve: R7 faalt | zetten=0 tegels=0 score=0 ok=True (OK) 
#357 score3790 polymelkzuurtje/geschenkcheques: solve: R7 faalt | zetten=0 tegels=0 score=0 ok=True (OK) 
#358 score3790 geschenkcheques/polymelkzuurtje: solve: R7 faalt | zetten=0 tegels=0 score=0 ok=True (OK) 
#359 score3790 bouwcuratrixjes/lewylichaampjes: solve: R7 faalt | zetten=0 tegels=0 score=0 ok=True (OK) 
#360 score3789 papyruszuiltjes/geschenkcheques: solve: R7 faalt | zetten=0 tegels=0 score=0 ok=True (OK) 
#361 score3789 geschenkcheques/papyruszuiltjes: solve: R7 faalt | zetten=0 tegels=0 score=0 ok=True (OK) 
#362 score3789 woestijnlynxjes/geschenkcheques: solve: R7 faalt | zetten=0 tegels=0 score=0 ok=True (OK) 
#363 score3789 geschenkcheques/woestijnlynxjes: solve: R7 faalt | zetten=0 tegels=0 score=0 ok=True (OK) 
#364 score3789 polymelkzuurtje/geschenkcheques: solve: R7 faalt | zetten=0 tegels=0 score=0 ok=True (OK) 
#365 score3789 papyruszuiltjes/geschenkcheques: solve: R7 faalt | zetten=0 tegels=0 score=0 ok=True (OK) 
#366 score3789 geschenkcheques/polymelkzuurtje: solve: R7 faalt | zetten=0 tegels=0 score=0 ok=True (OK) 
#367 score3789 geschenkcheques/papyruszuiltjes: solve: R7 faalt | zetten=0 tegels=0 score=0 ok=True (OK) 
#368 score3789 woestijnlynxjes/geschenkcheques: solve: R7 faalt | zetten=0 tegels=0 score=0 ok=True (OK) 
#369 score3789 geschenkcheques/woestijnlynxjes: solve: R7 faalt | zetten=0 tegels=0 score=0 ok=True (OK) 
#370 score3789 woestijnlynxjes/geschenkcheques: solve: R7 faalt | zetten=0 tegels=0 score=0 ok=True (OK) 
#371 score3789 geschenkcheques/woestijnlynxjes: solve: R7 faalt | zetten=0 tegels=0 score=0 ok=True (OK) 
#372 score3789 woestijnlynxjes/geschenkcheques: solve: R7 faalt | zetten=0 tegels=0 score=0 ok=True (OK) 
#373 score3789 geschenkcheques/woestijnlynxjes: solve: R7 faalt | zetten=0 tegels=0 score=0 ok=True (OK) 
#374 score3789 publieksjurytje/geschenkcheques: solve: R7 faalt | zetten=0 tegels=0 score=0 ok=True (OK) 
#375 score3789 babyzwemmertjes/geschenkcheques: solve: R7 faalt | zetten=0 tegels=0 score=0 ok=True (OK) 
#376 score3789 babyglimlachjes/chequeformulier: solve: R7 faalt | zetten=0 tegels=0 score=0 ok=True (OK) 
#377 score3789 chequeformulier/babyglimlachjes: solve: R7 faalt | zetten=0 tegels=0 score=0 ok=True (OK) 
#378 score3789 geschenkcheques/publieksjurytje: solve: R7 faalt | zetten=0 tegels=0 score=0 ok=True (OK) 
#379 score3789 geschenkcheques/babyzwemmertjes: solve: R7 faalt | zetten=0 tegels=0 score=0 ok=True (OK) 
#380 score3789 proxyservertjes/geschenkcheques: solve: R7 faalt | zetten=0 tegels=0 score=0 ok=True (OK) 
#381 score3789 proxyservertjes/geschenkcheques: solve: R7 faalt | zetten=0 tegels=0 score=0 ok=True (OK) 
#382 score3789 woestijnlynxjes/geschenkcheques: solve: R7 faalt | zetten=0 tegels=0 score=0 ok=True (OK) 
#383 score3789 geschenkcheques/woestijnlynxjes: solve: R7 faalt | zetten=0 tegels=0 score=0 ok=True (OK) 
#384 score3789 bouwcuratrixjes/chequeformulier: solve: R7 faalt | zetten=0 tegels=0 score=0 ok=True (OK) 
#385 score3789 bouwcuratrixjes/chequeformulier: solve: R7 faalt | zetten=0 tegels=0 score=0 ok=True (OK) 
#386 score3789 benzoylperoxide/geschenkcheques: solve: R7 faalt | zetten=0 tegels=0 score=0 ok=True (OK) 
#387 score3789 babyzwemmertjes/geschenkcheques: solve: R7 faalt | zetten=0 tegels=0 score=0 ok=True (OK) 
#388 score3789 geschenkcheques/benzoylperoxide: solve: R7 faalt | zetten=0 tegels=0 score=0 ok=True (OK) 
#389 score3789 geschenkcheques/babyzwemmertjes: solve: R7 faalt | zetten=0 tegels=0 score=0 ok=True (OK) 
#390 score3789 benzoylperoxide/geschenkcheques: solve: R7 faalt | zetten=0 tegels=0 score=0 ok=True (OK) 
#391 score3789 babyzwemmertjes/geschenkcheques: solve: R7 faalt | zetten=0 tegels=0 score=0 ok=True (OK) 
#392 score3789 geschenkcheques/benzoylperoxide: solve: R7 faalt | zetten=0 tegels=0 score=0 ok=True (OK) 
#393 score3789 geschenkcheques/babyzwemmertjes: solve: R7 faalt | zetten=0 tegels=0 score=0 ok=True (OK) 
#394 score3789 polymelkzuurtje/geschenkcheques: solve: R7 faalt | zetten=0 tegels=0 score=0 ok=True (OK) 
#395 score3789 geschenkcheques/polymelkzuurtje: solve: R7 faalt | zetten=0 tegels=0 score=0 ok=True (OK) 
#396 score3789 bouwcuratrixjes/lewylichaampjes: solve: R7 faalt | zetten=0 tegels=0 score=0 ok=True (OK) 
#397 score3789 babyzwemmertjes/geschenkcheques: solve: R7 faalt | zetten=0 tegels=0 score=0 ok=True (OK) 
#398 score3789 geschenkcheques/babyzwemmertjes: solve: R7 faalt | zetten=0 tegels=0 score=0 ok=True (OK) 
#399 score3789 bouwcuratrixjes/craqueleachtigs: solve: R7 faalt | zetten=0 tegels=0 score=0 ok=True (OK) 
#400 score3788 polymelkzuurtje/geschenkcheques: solve: R7 faalt | zetten=0 tegels=0 score=0 ok=True (OK) 
#401 score3788 papyruszuiltjes/geschenkcheques: solve: R7 faalt | zetten=0 tegels=0 score=0 ok=True (OK) 
#402 score3788 babyglimlachjes/chequeformulier: solve: R7 faalt | zetten=0 tegels=0 score=0 ok=True (OK) 
#403 score3788 chequeformulier/babyglimlachjes: solve: R7 faalt | zetten=0 tegels=0 score=0 ok=True (OK) 
#404 score3788 geschenkcheques/polymelkzuurtje: solve: R7 faalt | zetten=0 tegels=0 score=0 ok=True (OK) 
#405 score3788 geschenkcheques/papyruszuiltjes: solve: R7 faalt | zetten=0 tegels=0 score=0 ok=True (OK) 
#406 score3788 buxusbedrijfjes/geschenkcheques: solve: R7 faalt | zetten=0 tegels=0 score=0 ok=True (OK) 
#407 score3788 bouwcuratrixjes/chequebedragjes: solve: R7 faalt | zetten=0 tegels=0 score=0 ok=True (OK) 
#408 score3788 bouwcuratrixjes/geschenkcheques: solve: R7 faalt | zetten=0 tegels=0 score=0 ok=True (OK) 
#409 score3788 geschenkcheques/buxusbedrijfjes: solve: R7 faalt | zetten=0 tegels=0 score=0 ok=True (OK) 
#410 score3788 vluchtreflexjes/chequeformulier: solve: R7 faalt | zetten=0 tegels=0 score=0 ok=True (OK) 
#411 score3788 bouwcuratrixjes/geschenkcheques: solve: R7 faalt | zetten=0 tegels=0 score=0 ok=True (OK) 
#412 score3788 chequeformulier/vluchtreflexjes: solve: R7 faalt | zetten=0 tegels=0 score=0 ok=True (OK) 
#413 score3788 bouwcuratrixjes/geschenkcheques: solve: R7 faalt | zetten=0 tegels=0 score=0 ok=True (OK) 
#414 score3787 woestijnlynxjes/geschenkcheques: solve: R7 faalt | zetten=0 tegels=0 score=0 ok=True (OK) 
#415 score3787 geschenkcheques/woestijnlynxjes: solve: R7 faalt | zetten=0 tegels=0 score=0 ok=True (OK) 
#416 score3787 woestijnlynxjes/geschenkcheques: solve: R7 faalt | zetten=0 tegels=0 score=0 ok=True (OK) 
#417 score3787 geschenkcheques/woestijnlynxjes: solve: R7 faalt | zetten=0 tegels=0 score=0 ok=True (OK) 
#418 score3787 proxyservertjes/geschenkcheques: solve: R7 faalt | zetten=0 tegels=0 score=0 ok=True (OK) 
#419 score3787 babyglimlachjes/chequeformulier: solve: R7 faalt | zetten=0 tegels=0 score=0 ok=True (OK) 
#420 score3787 chequeformulier/babyglimlachjes: solve: R7 faalt | zetten=0 tegels=0 score=0 ok=True (OK) 
#421 score3787 polymelkzuurtje/geschenkcheques: solve: R7 faalt | zetten=0 tegels=0 score=0 ok=True (OK) 
#422 score3787 babyglimlachjes/chequeformulier: solve: R7 faalt | zetten=0 tegels=0 score=0 ok=True (OK) 
#423 score3787 chequeformulier/babyglimlachjes: solve: R7 faalt | zetten=0 tegels=0 score=0 ok=True (OK) 
#424 score3787 geschenkcheques/polymelkzuurtje: solve: R7 faalt | zetten=0 tegels=0 score=0 ok=True (OK) 
#425 score3787 buffalowurmpjes/geschenkcheques: solve: R7 faalt | zetten=0 tegels=0 score=0 ok=True (OK) 
#426 score3787 bouwvakkersfuif/geschenkcheques: solve: R7 faalt | zetten=0 tegels=0 score=0 ok=True (OK) 
#427 score3787 luchtwegwijzers/chequeformulier: solve: R7 faalt | zetten=0 tegels=0 score=0 ok=True (OK) 
#428 score3787 chequeformulier/luchtwegwijzers: solve: R7 faalt | zetten=0 tegels=0 score=0 ok=True (OK) 
#429 score3787 geschenkcheques/buffalowurmpjes: solve: R7 faalt | zetten=0 tegels=0 score=0 ok=True (OK) 
#430 score3787 geschenkcheques/bouwvakkersfuif: solve: R7 faalt | zetten=0 tegels=0 score=0 ok=True (OK) 
#431 score3787 wetenschapsquiz/vluchtreflexjes: solve: R7 faalt | zetten=0 tegels=0 score=0 ok=True (OK) 
#432 score3787 proxyservertjes/geschenkcheques: solve: R7 faalt | zetten=0 tegels=0 score=0 ok=True (OK) 
#433 score3787 babyzwemmertjes/geschenkcheques: solve: R7 faalt | zetten=0 tegels=0 score=0 ok=True (OK) 
#434 score3787 geschenkcheques/babyzwemmertjes: solve: R7 faalt | zetten=0 tegels=0 score=0 ok=True (OK) 
#435 score3787 bouwcuratrixjes/wetenschapsquiz: solve: R7 faalt | zetten=0 tegels=0 score=0 ok=True (OK) 
#436 score3787 bouwcuratrixjes/craqueleachtige: solve: R7 faalt | zetten=0 tegels=0 score=0 ok=True (OK) 
#437 score3786 proxyservertjes/geschenkcheques: solve: R7 faalt | zetten=0 tegels=0 score=0 ok=True (OK) 
#438 score3786 bouwcuratrixjes/geschenkcheques: solve: R7 faalt | zetten=0 tegels=0 score=0 ok=True (OK) 
#439 score3786 bouwcuratrixjes/geschenkcheques: solve: R7 faalt | zetten=0 tegels=0 score=0 ok=True (OK) 
#440 score3786 babyglimlachjes/chequeformulier: solve: R7 faalt | zetten=0 tegels=0 score=0 ok=True (OK) 
#441 score3786 chequeformulier/babyglimlachjes: solve: R7 faalt | zetten=0 tegels=0 score=0 ok=True (OK) 
#442 score3786 bouwcuratrixjes/geschenkcheques: solve: R7 faalt | zetten=0 tegels=0 score=0 ok=True (OK) 
#443 score3786 bouwcuratrixjes/geschenkcheques: solve: R7 faalt | zetten=0 tegels=0 score=0 ok=True (OK) 
#444 score3786 lewylichaampjes/chequeformulier: solve: R7 faalt | zetten=0 tegels=0 score=0 ok=True (OK) 
#445 score3786 babyglimlachjes/chequeformulier: solve: R7 faalt | zetten=0 tegels=0 score=0 ok=True (OK) 
#446 score3786 chequeformulier/lewylichaampjes: solve: R7 faalt | zetten=0 tegels=0 score=0 ok=True (OK) 
#447 score3786 chequeformulier/babyglimlachjes: solve: R7 faalt | zetten=0 tegels=0 score=0 ok=True (OK) 
#448 score3786 vluchtreflexjes/chequeformulier: solve: R7 faalt | zetten=0 tegels=0 score=0 ok=True (OK) 
#449 score3786 chequeformulier/vluchtreflexjes: solve: R7 faalt | zetten=0 tegels=0 score=0 ok=True (OK) 
#450 score3786 polymelkzuurtje/geschenkcheques: solve: R7 faalt | zetten=0 tegels=0 score=0 ok=True (OK) 
#451 score3786 papyruszuiltjes/geschenkcheques: solve: R7 faalt | zetten=0 tegels=0 score=0 ok=True (OK) 
#452 score3786 geschenkcheques/polymelkzuurtje: solve: R7 faalt | zetten=0 tegels=0 score=0 ok=True (OK) 
#453 score3786 geschenkcheques/papyruszuiltjes: solve: R7 faalt | zetten=0 tegels=0 score=0 ok=True (OK) 
#454 score3786 polymelkzuurtje/geschenkcheques: solve: R7 faalt | zetten=0 tegels=0 score=0 ok=True (OK) 
#455 score3786 papyruszuiltjes/geschenkcheques: solve: R7 faalt | zetten=0 tegels=0 score=0 ok=True (OK) 
#456 score3786 geschenkcheques/polymelkzuurtje: solve: R7 faalt | zetten=0 tegels=0 score=0 ok=True (OK) 
#457 score3786 geschenkcheques/papyruszuiltjes: solve: R7 faalt | zetten=0 tegels=0 score=0 ok=True (OK) 
#458 score3786 bouwcuratrixjes/jacquardmachine: solve: R7 faalt | zetten=0 tegels=0 score=0 ok=True (OK) 
#459 score3785 bouwcuratrixjes/jacquardmachine: solve: R7 faalt | zetten=0 tegels=0 score=0 ok=True (OK) 
#460 score3785 buxusbedrijfjes/geschenkcheques: solve: R7 faalt | zetten=0 tegels=0 score=0 ok=True (OK) 
#461 score3785 bouwcuratrixjes/chequebedragjes: solve: R7 faalt | zetten=0 tegels=0 score=0 ok=True (OK) 
#462 score3785 geschenkcheques/buxusbedrijfjes: solve: R7 faalt | zetten=0 tegels=0 score=0 ok=True (OK) 
#463 score3785 wetenschapsquiz/vluchtreflexjes: solve: R7 faalt | zetten=0 tegels=0 score=0 ok=True (OK) 
#464 score3785 babyzwemmertjes/geschenkcheques: solve: R7 faalt | zetten=0 tegels=0 score=0 ok=True (OK) 
#465 score3785 geschenkcheques/babyzwemmertjes: solve: R7 faalt | zetten=0 tegels=0 score=0 ok=True (OK) 
#466 score3785 benzoylperoxide/geschenkcheques: solve: R7 faalt | zetten=0 tegels=0 score=0 ok=True (OK) 
#467 score3785 geschenkcheques/benzoylperoxide: solve: R7 faalt | zetten=0 tegels=0 score=0 ok=True (OK) 
#468 score3784 proxyservertjes/geschenkcheques: solve: R7 faalt | zetten=0 tegels=0 score=0 ok=True (OK) 
#469 score3784 babyzwemmertjes/geschenkcheques: solve: R7 faalt | zetten=0 tegels=0 score=0 ok=True (OK) 
#470 score3784 geschenkcheques/babyzwemmertjes: solve: R7 faalt | zetten=0 tegels=0 score=0 ok=True (OK) 
#471 score3784 proxyservertjes/geschenkcheques: solve: R7 faalt | zetten=0 tegels=0 score=0 ok=True (OK) 
#472 score3784 proxyservertjes/geschenkcheques: solve: R7 faalt | zetten=0 tegels=0 score=0 ok=True (OK) 
#473 score3784 proxyservertjes/geschenkcheques: solve: R7 faalt | zetten=0 tegels=0 score=0 ok=True (OK) 
#474 score3784 woestijnlynxjes/geschenkcheques: solve: R7 faalt | zetten=0 tegels=0 score=0 ok=True (OK) 
#475 score3784 geschenkcheques/woestijnlynxjes: solve: R7 faalt | zetten=0 tegels=0 score=0 ok=True (OK) 
#476 score3784 vluchtreflexjes/chequeformulier: solve: R7 faalt | zetten=0 tegels=0 score=0 ok=True (OK) 
#477 score3784 chequeformulier/vluchtreflexjes: solve: R7 faalt | zetten=0 tegels=0 score=0 ok=True (OK) 
#478 score3784 vluchtreflexjes/chequeformulier: solve: R7 faalt | zetten=0 tegels=0 score=0 ok=True (OK) 
#479 score3784 chequeformulier/vluchtreflexjes: solve: R7 faalt | zetten=0 tegels=0 score=0 ok=True (OK) 
#480 score3784 woestijnlynxjes/geschenkcheques: solve: R7 faalt | zetten=0 tegels=0 score=0 ok=True (OK) 
#481 score3784 geschenkcheques/woestijnlynxjes: solve: R7 faalt | zetten=0 tegels=0 score=0 ok=True (OK) 
#482 score3784 woestijnlynxjes/geschenkcheques: solve: R7 faalt | zetten=0 tegels=0 score=0 ok=True (OK) 
#483 score3784 geschenkcheques/woestijnlynxjes: solve: R7 faalt | zetten=0 tegels=0 score=0 ok=True (OK) 
#484 score3784 woestijnlynxjes/geschenkcheques: solve: R7 faalt | zetten=0 tegels=0 score=0 ok=True (OK) 
#485 score3784 geschenkcheques/woestijnlynxjes: solve: R7 faalt | zetten=0 tegels=0 score=0 ok=True (OK) 
#486 score3784 bouwcuratrixjes/chequeformulier: solve: R7 faalt | zetten=0 tegels=0 score=0 ok=True (OK) 
#487 score3784 bouwcuratrixjes/chequeformulier: solve: R7 faalt | zetten=0 tegels=0 score=0 ok=True (OK) 
#488 score3784 bouwcuratrixjes/wetenschapsquiz: solve: R7 faalt | zetten=0 tegels=0 score=0 ok=True (OK) 
#489 score3784 bouwcuratrixjes/jacquardweefsel: solve: R7 faalt | zetten=0 tegels=0 score=0 ok=True (OK) 
#490 score3784 babyzwemmertjes/geschenkcheques: solve: R7 faalt | zetten=0 tegels=0 score=0 ok=True (OK) 
#491 score3784 geschenkcheques/babyzwemmertjes: solve: R7 faalt | zetten=0 tegels=0 score=0 ok=True (OK) 
#492 score3784 bouwcuratrixjes/chequebedragjes: solve: R7 faalt | zetten=0 tegels=0 score=0 ok=True (OK) 
#493 score3784 wetenschapsquiz/babyglimlachjes: solve: R7 faalt | zetten=0 tegels=0 score=0 ok=True (OK) 
#494 score3783 bouwcuratrixjes/geschenkcheques: solve: R7 faalt | zetten=0 tegels=0 score=0 ok=True (OK) 
#495 score3783 babyzwemmertjes/geschenkcheques: solve: R7 faalt | zetten=0 tegels=0 score=0 ok=True (OK) 
#496 score3783 polymelkzuurtje/geschenkcheques: solve: R7 faalt | zetten=0 tegels=0 score=0 ok=True (OK) 
#497 score3783 babyglimlachjes/chequeformulier: solve: R7 faalt | zetten=0 tegels=0 score=0 ok=True (OK) 
#498 score3783 chequeformulier/babyglimlachjes: solve: R7 faalt | zetten=0 tegels=0 score=0 ok=True (OK) 
#499 score3783 geschenkcheques/babyzwemmertjes: solve: R7 faalt | zetten=0 tegels=0 score=0 ok=True (OK) 
#500 score3783 geschenkcheques/polymelkzuurtje: solve: R7 faalt | zetten=0 tegels=0 score=0 ok=True (OK) 
sweep klaar
