seed 0: tegels 89 -> LB 4444
seed 12: tegels 92 -> LB 4496
seed 22: tegels 91 -> LB 4497
seed 38: tegels 92 -> LB 4503

BESTE: 92 tegels, SPEL-LB >= 4503
  g e s c h e n k c h e q u e s
  . n . . e . . . . e . . . i t
  . . . . . . . . . . . . . . a
  . . . . . . . . z w a m p o t
  . . . . . . . . . . . . . . i
  . . . . . . . . . . . . g l o
  . . . . a . . . . . . . . . n
  p o l y m y a l g i e t j e s
  . . . . . . . . . . . . . r e
  n o v e m b e r a v o n d e n
  . . . . . . . . . . . . . . t
  . . . . . . . . . . . . . . r
  . . . . s . . . . . . . . . e
  . . n . e k e . e . . . . d e
  b o u w c u r a t r i x j e s
