#5 score3862 bouwcuratrixjes/geschenkcheques: solve: pre-run-verbinding faalt | zetten=7 tegels=22 score=598 ok=True (OK) 
#7 score3857 bouwcuratrixjes/geschenkcheques: solve: R7 faalt | zetten=0 tegels=0 score=0 ok=True (OK) 
#8 score3857 bouwcuratrixjes/geschenkcheques: solve: R7 faalt | zetten=0 tegels=0 score=0 ok=True (OK) 
#9 score3855 bouwcuratrixjes/geschenkcheques: solve: R7 faalt | zetten=0 tegels=0 score=0 ok=True (OK) 
#10 score3853 bouwcuratrixjes/geschenkcheques: solve: R7 faalt | zetten=0 tegels=0 score=0 ok=True (OK) 
#15 score3852 vluchtreflexjes/chequeformulier: solve: pre-run-verbinding faalt | zetten=7 tegels=22 score=596 ok=True (OK) 
#16 score3852 chequeformulier/vluchtreflexjes: solve: pre-run-verbinding faalt | zetten=7 tegels=22 score=602 ok=True (OK) 
#18 score3849 bouwcuratrixjes/geschenkcheques: solve: pre-run-verbinding faalt | zetten=5 tegels=21 score=570 ok=True (OK) 
#21 score3844 bouwcuratrixjes/geschenkcheques: solve: R7 faalt | zetten=0 tegels=0 score=0 ok=True (OK) 
#23 score3843 geschenkcheques/woestijnlynxjes: solve: pre-run-verbinding faalt | zetten=5 tegels=20 score=583 ok=True (OK) 
#30 score3836 bouwcuratrixjes/geschenkcheques: solve: pre-run-verbinding faalt | zetten=7 tegels=23 score=566 ok=True (OK) 
#33 score3835 babyzwemmertjes/chequeformulier: solve: R7 faalt | zetten=0 tegels=0 score=0 ok=True (OK) 
#34 score3835 babyzwemmertjes/geschenkcheques: solve: R7 faalt | zetten=0 tegels=0 score=0 ok=True (OK) 
#35 score3835 chequeformulier/babyzwemmertjes: solve: R7 faalt | zetten=0 tegels=0 score=0 ok=True (OK) 
#36 score3835 geschenkcheques/babyzwemmertjes: solve: R7 faalt | zetten=0 tegels=0 score=0 ok=True (OK) 
#38 score3833 bouwcuratrixjes/geschenkcheques: solve: pre-run-verbinding faalt | zetten=7 tegels=24 score=577 ok=True (OK) 
#60 score3825 bouwcuratrixjes/geschenkcheques: solve: pre-run-verbinding faalt | zetten=7 tegels=22 score=590 ok=True (OK) 
#62 score3824 bouwcuratrixjes/geschenkcheques: solve: R7 faalt | zetten=0 tegels=0 score=0 ok=True (OK) 
#67 score3823 bouwcuratrixjes/geschenkcheques: solve: pre-run-verbinding faalt | zetten=7 tegels=23 score=545 ok=True (OK) 
#76 score3820 bouwcuratrixjes/geschenkcheques: solve: pre-run-verbinding faalt | zetten=7 tegels=22 score=530 ok=True (OK) 
#82 score3818 bouwcuratrixjes/geschenkcheques: solve: R7 faalt | zetten=0 tegels=0 score=0 ok=True (OK) 
#83 score3816 bouwcuratrixjes/geschenkcheques: solve: pre-run-verbinding faalt | zetten=8 tegels=22 score=537 ok=True (OK) 
#88 score3816 proxyservertjes/geschenkcheques: solve: pre-run-verbinding faalt | zetten=8 tegels=23 score=597 ok=True (OK) 
#89 score3816 proxyservertjes/geschenkcheques: solve: pre-run-verbinding faalt | zetten=5 tegels=20 score=576 ok=True (OK) 
#90 score3815 bouwcuratrixjes/geschenkcheques: solve: R7 faalt | zetten=0 tegels=0 score=0 ok=True (OK) 
#96 score3814 bouwcuratrixjes/geschenkcheques: solve: pre-run-verbinding faalt | zetten=4 tegels=21 score=601 ok=True (OK) 
#106 score3812 bouwcuratrixjes/chequeformulier: solve: pre-run-verbinding faalt | zetten=4 tegels=22 score=687 ok=True (OK) 
#109 score3811 bouwcuratrixjes/geschenkcheques: solve: R7 faalt | zetten=0 tegels=0 score=0 ok=True (OK) 
#115 score3811 bouwcuratrixjes/chequebedragjes: solve: pre-run-verbinding faalt | zetten=5 tegels=22 score=630 ok=True (OK) 
#116 score3811 bouwcuratrixjes/geschenkcheques: solve: pre-run-verbinding faalt | zetten=5 tegels=22 score=630 ok=True (OK) 
#117 score3811 babyzwemmertjes/geschenkcheques: solve: R7 faalt | zetten=0 tegels=0 score=0 ok=True (OK) 
#118 score3811 geschenkcheques/babyzwemmertjes: solve: R7 faalt | zetten=0 tegels=0 score=0 ok=True (OK) 
#123 score3809 bouwcuratrixjes/geschenkcheques: solve: pre-run-verbinding faalt | zetten=6 tegels=26 score=547 ok=True (OK) 
#130 score3809 bouwcuratrixjes/chequeformulier: solve: R7 faalt | zetten=0 tegels=0 score=0 ok=True (OK) 
#131 score3808 bouwcuratrixjes/geschenkcheques: solve: R7 faalt | zetten=0 tegels=0 score=0 ok=True (OK) 
#133 score3808 babyparfummetje/geschenkcheques: solve: R7 faalt | zetten=0 tegels=0 score=0 ok=True (OK) 
#134 score3808 geschenkcheques/babyparfummetje: solve: R7 faalt | zetten=0 tegels=0 score=0 ok=True (OK) 
#137 score3807 woestijnlynxjes/geschenkcheques: solve: pre-run-verbinding faalt | zetten=8 tegels=23 score=564 ok=True (OK) 
#138 score3807 geschenkcheques/woestijnlynxjes: solve: pre-run-verbinding faalt | zetten=8 tegels=23 score=564 ok=True (OK) 
#139 score3807 polymelkzuurtje/geschenkcheques: solve: completie faalt (R0=False R14=False) | zetten=20 tegels=73 score=976 ok=True (OK) 
#140 score3807 papyruszuiltjes/geschenkcheques: solve: pre-run-verbinding faalt | zetten=7 tegels=22 score=604 ok=True (OK) 
#141 score3807 geschenkcheques/polymelkzuurtje: solve: pre-run-verbinding faalt | zetten=7 tegels=22 score=594 ok=True (OK) 
#142 score3807 geschenkcheques/papyruszuiltjes: solve: pre-run-verbinding faalt | zetten=7 tegels=22 score=602 ok=True (OK) 
#147 score3806 bouwcuratrixjes/jacquardmachine: solve: pre-run-verbinding faalt | zetten=4 tegels=21 score=644 ok=True (OK) 
#148 score3805 bouwcuratrixjes/geschenkcheques: solve: pre-run-verbinding faalt | zetten=7 tegels=21 score=523 ok=True (OK) 
#149 score3805 polymelkzuurtje/geschenkcheques: solve: pre-run-verbinding faalt | zetten=5 tegels=19 score=582 ok=True (OK) 
#150 score3805 babyglimlachjes/chequeformulier: solve: pre-run-verbinding faalt | zetten=5 tegels=19 score=582 ok=True (OK) 
#151 score3805 chequeformulier/babyglimlachjes: solve: pre-run-verbinding faalt | zetten=5 tegels=19 score=580 ok=True (OK) 
#152 score3805 geschenkcheques/polymelkzuurtje: solve: pre-run-verbinding faalt | zetten=5 tegels=19 score=588 ok=True (OK) 
#154 score3804 woestijnlynxjes/geschenkcheques: solve: R7 faalt | zetten=0 tegels=0 score=0 ok=True (OK) 
#155 score3804 geschenkcheques/woestijnlynxjes: solve: R7 faalt | zetten=0 tegels=0 score=0 ok=True (OK) 
#158 score3804 bouwcuratrixjes/geschenkcheques: solve: pre-run-verbinding faalt | zetten=4 tegels=20 score=613 ok=True (OK) 
#160 score3804 geschenkcheques/babyzwemmertjes: solve: pre-run-verbinding faalt | zetten=4 tegels=21 score=575 ok=True (OK) 
#161 score3804 proxyservertjes/geschenkcheques: solve: R7 faalt | zetten=0 tegels=0 score=0 ok=True (OK) 
#163 score3804 geschenkcheques/babyzwemmertjes: solve: R7 faalt | zetten=0 tegels=0 score=0 ok=True (OK) 
#168 score3804 polymelkzuurtje/geschenkcheques: solve: pre-run-verbinding faalt | zetten=5 tegels=19 score=557 ok=True (OK) 
#169 score3804 papyruszuiltjes/geschenkcheques: solve: pre-run-verbinding faalt | zetten=5 tegels=19 score=557 ok=True (OK) 
#170 score3804 geschenkcheques/polymelkzuurtje: solve: pre-run-verbinding faalt | zetten=5 tegels=19 score=559 ok=True (OK) 
#171 score3804 geschenkcheques/papyruszuiltjes: solve: pre-run-verbinding faalt | zetten=5 tegels=19 score=557 ok=True (OK) 
#173 score3803 woestijnlynxjes/geschenkcheques: solve: pre-run-verbinding faalt | zetten=8 tegels=22 score=621 ok=True (OK) 
#174 score3803 geschenkcheques/woestijnlynxjes: solve: pre-run-verbinding faalt | zetten=8 tegels=22 score=616 ok=True (OK) 
#183 score3802 lewylichaampjes/chequeformulier: solve: R7 faalt | zetten=0 tegels=0 score=0 ok=True (OK) 
#184 score3802 chequeformulier/lewylichaampjes: solve: R7 faalt | zetten=0 tegels=0 score=0 ok=True (OK) 
#185 score3801 bouwcuratrixjes/geschenkcheques: solve: pre-run-verbinding faalt | zetten=5 tegels=22 score=614 ok=True (OK) 
#186 score3801 polymelkzuurtje/geschenkcheques: solve: R7 faalt | zetten=0 tegels=0 score=0 ok=True (OK) 
#187 score3801 geschenkcheques/polymelkzuurtje: solve: R7 faalt | zetten=0 tegels=0 score=0 ok=True (OK) 
#188 score3801 polymelkzuurtje/geschenkcheques: solve: R7 faalt | zetten=0 tegels=0 score=0 ok=True (OK) 
#189 score3801 geschenkcheques/polymelkzuurtje: solve: R7 faalt | zetten=0 tegels=0 score=0 ok=True (OK) 
#191 score3800 polymelkzuurtje/geschenkcheques: solve: pre-run-verbinding faalt | zetten=7 tegels=23 score=551 ok=True (OK) 
#192 score3800 papyruszuiltjes/geschenkcheques: solve: pre-run-verbinding faalt | zetten=7 tegels=23 score=539 ok=True (OK) 
#193 score3800 geschenkcheques/polymelkzuurtje: solve: pre-run-verbinding faalt | zetten=7 tegels=23 score=547 ok=True (OK) 
#194 score3800 geschenkcheques/papyruszuiltjes: solve: pre-run-verbinding faalt | zetten=7 tegels=23 score=545 ok=True (OK) 
#195 score3800 polymelkzuurtje/geschenkcheques: solve: pre-run-verbinding faalt | zetten=4 tegels=22 score=624 ok=True (OK) 
#196 score3800 papyruszuiltjes/geschenkcheques: solve: pre-run-verbinding faalt | zetten=4 tegels=22 score=624 ok=True (OK) 
#197 score3800 geschenkcheques/polymelkzuurtje: solve: pre-run-verbinding faalt | zetten=4 tegels=22 score=624 ok=True (OK) 
#198 score3800 geschenkcheques/papyruszuiltjes: solve: pre-run-verbinding faalt | zetten=4 tegels=22 score=624 ok=True (OK) 
#199 score3800 proxyservertjes/geschenkcheques: solve: pre-run-verbinding faalt | zetten=8 tegels=21 score=574 ok=True (OK) 
#200 score3800 proxyservertjes/geschenkcheques: solve: R7 faalt | zetten=0 tegels=0 score=0 ok=True (OK) 
#201 score3800 babyzwemmertjes/geschenkcheques: solve: R7 faalt | zetten=0 tegels=0 score=0 ok=True (OK) 
#202 score3800 geschenkcheques/babyzwemmertjes: solve: R7 faalt | zetten=0 tegels=0 score=0 ok=True (OK) 
#205 score3799 bouwcuratrixjes/geschenkcheques: solve: pre-run-verbinding faalt | zetten=7 tegels=23 score=558 ok=True (OK) 
#216 score3798 polymelkzuurtje/geschenkcheques: solve: R7 faalt | zetten=0 tegels=0 score=0 ok=True (OK) 
#217 score3798 geschenkcheques/polymelkzuurtje: solve: R7 faalt | zetten=0 tegels=0 score=0 ok=True (OK) 
#227 score3798 geschenkcheques/woestijnlynxjes: solve: pre-run-verbinding faalt | zetten=8 tegels=21 score=584 ok=True (OK) 
#228 score3798 bouwcuratrixjes/lewylichaampjes: solve: R7 faalt | zetten=0 tegels=0 score=0 ok=True (OK) 
#229 score3798 wetenschapsquiz/vluchtreflexjes: solve: pre-run-verbinding faalt | zetten=7 tegels=22 score=596 ok=True (OK) 
#230 score3798 bouwcuratrixjes/chequebedragjes: solve: pre-run-verbinding faalt | zetten=8 tegels=23 score=638 ok=True (OK) 
#231 score3798 bouwcuratrixjes/lewylichaampjes: solve: R7 faalt | zetten=0 tegels=0 score=0 ok=True (OK) 
#234 score3797 babyzwemmertjes/geschenkcheques: solve: pre-run-verbinding faalt | zetten=5 tegels=21 score=570 ok=True (OK) 
#240 score3797 bouwcuratrixjes/chequebedragjes: solve: pre-run-verbinding faalt | zetten=4 tegels=21 score=644 ok=True (OK) 
#241 score3797 bouwcuratrixjes/lewylichaampjes: solve: R7 faalt | zetten=0 tegels=0 score=0 ok=True (OK) 
#244 score3796 babyglimlachjes/chequeformulier: solve: pre-run-verbinding faalt | zetten=8 tegels=23 score=552 ok=True (OK) 
#245 score3796 chequeformulier/babyglimlachjes: solve: pre-run-verbinding faalt | zetten=8 tegels=23 score=518 ok=True (OK) 
#246 score3796 papyruszuiltjes/geschenkcheques: solve: R7 faalt | zetten=0 tegels=0 score=0 ok=True (OK) 
#247 score3796 geschenkcheques/papyruszuiltjes: solve: R7 faalt | zetten=0 tegels=0 score=0 ok=True (OK) 
#248 score3796 papyruszuiltjes/geschenkcheques: solve: R7 faalt | zetten=0 tegels=0 score=0 ok=True (OK) 
#249 score3796 geschenkcheques/papyruszuiltjes: solve: R7 faalt | zetten=0 tegels=0 score=0 ok=True (OK) 
#252 score3796 woestijnlynxjes/geschenkcheques: solve: R7 faalt | zetten=0 tegels=0 score=0 ok=True (OK) 
#253 score3796 geschenkcheques/woestijnlynxjes: solve: R7 faalt | zetten=0 tegels=0 score=0 ok=True (OK) 
#260 score3796 buffalowurmpjes/geschenkcheques: solve: pre-run-verbinding faalt | zetten=5 tegels=19 score=578 ok=True (OK) 
#261 score3796 bouwvakkersfuif/geschenkcheques: solve: pre-run-verbinding faalt | zetten=5 tegels=19 score=578 ok=True (OK) 
#262 score3796 geschenkcheques/buffalowurmpjes: solve: pre-run-verbinding faalt | zetten=5 tegels=19 score=578 ok=True (OK) 
#263 score3796 geschenkcheques/bouwvakkersfuif: solve: pre-run-verbinding faalt | zetten=5 tegels=19 score=578 ok=True (OK) 
#265 score3795 geschenkcheques/woestijnlynxjes: solve: pre-run-verbinding faalt | zetten=4 tegels=18 score=559 ok=True (OK) 
#274 score3795 bouwcuratrixjes/geschenkcheques: solve: pre-run-verbinding faalt | zetten=7 tegels=22 score=544 ok=True (OK) 
#280 score3795 woestijnlynxjes/geschenkcheques: solve: R7 faalt | zetten=0 tegels=0 score=0 ok=True (OK) 
#281 score3795 geschenkcheques/woestijnlynxjes: solve: R7 faalt | zetten=0 tegels=0 score=0 ok=True (OK) 
#282 score3795 woestijnlynxjes/geschenkcheques: solve: pre-run-verbinding faalt | zetten=4 tegels=21 score=575 ok=True (OK) 
#283 score3795 geschenkcheques/woestijnlynxjes: solve: pre-run-verbinding faalt | zetten=4 tegels=21 score=575 ok=True (OK) 
#284 score3795 woestijnlynxjes/geschenkcheques: solve: R7 faalt | zetten=0 tegels=0 score=0 ok=True (OK) 
#285 score3795 babyglimlachjes/chequeformulier: solve: R7 faalt | zetten=0 tegels=0 score=0 ok=True (OK) 
#286 score3795 chequeformulier/babyglimlachjes: solve: R7 faalt | zetten=0 tegels=0 score=0 ok=True (OK) 
#287 score3795 geschenkcheques/woestijnlynxjes: solve: R7 faalt | zetten=0 tegels=0 score=0 ok=True (OK) 
#290 score3795 bouwcuratrixjes/chequeformulier: solve: pre-run-verbinding faalt | zetten=4 tegels=22 score=683 ok=True (OK) 
#297 score3794 babyglimlachjes/chequeformulier: solve: pre-run-verbinding faalt | zetten=8 tegels=23 score=541 ok=True (OK) 
#298 score3794 chequeformulier/babyglimlachjes: solve: pre-run-verbinding faalt | zetten=8 tegels=23 score=538 ok=True (OK) 
#300 score3794 bouwcuratrixjes/geschenkcheques: solve: pre-run-verbinding faalt | zetten=4 tegels=22 score=687 ok=True (OK) 
#318 score3793 buxusbedrijfjes/geschenkcheques: solve: pre-run-verbinding faalt | zetten=5 tegels=22 score=632 ok=True (OK) 
#319 score3793 geschenkcheques/buxusbedrijfjes: solve: pre-run-verbinding faalt | zetten=5 tegels=22 score=630 ok=True (OK) 
#320 score3793 woestijnlynxjes/geschenkcheques: solve: pre-run-verbinding faalt | zetten=8 tegels=24 score=600 ok=True (OK) 
#324 score3793 bouwcuratrixjes/geschenkcheques: solve: pre-run-verbinding faalt | zetten=4 tegels=22 score=572 ok=True (OK) 
#326 score3792 chequeformulier/babyglimlachjes: solve: pre-run-verbinding faalt | zetten=7 tegels=22 score=533 ok=True (OK) 
#327 score3792 woestijnlynxjes/geschenkcheques: solve: R7 faalt | zetten=0 tegels=0 score=0 ok=True (OK) 
#328 score3792 geschenkcheques/woestijnlynxjes: solve: R7 faalt | zetten=0 tegels=0 score=0 ok=True (OK) 
#329 score3792 polymelkzuurtje/geschenkcheques: solve: R7 faalt | zetten=0 tegels=0 score=0 ok=True (OK) 
#330 score3792 geschenkcheques/polymelkzuurtje: solve: R7 faalt | zetten=0 tegels=0 score=0 ok=True (OK) 
#331 score3792 vluchtreflexjes/chequeformulier: solve: pre-run-verbinding faalt | zetten=8 tegels=21 score=585 ok=True (OK) 
#332 score3792 chequeformulier/vluchtreflexjes: solve: pre-run-verbinding faalt | zetten=8 tegels=22 score=599 ok=True (OK) 
#333 score3791 babyglimlachjes/chequeformulier: solve: pre-run-verbinding faalt | zetten=8 tegels=23 score=519 ok=True (OK) 
#334 score3791 chequeformulier/babyglimlachjes: solve: pre-run-verbinding faalt | zetten=8 tegels=23 score=518 ok=True (OK) 
#337 score3791 woestijnlynxjes/geschenkcheques: solve: R7 faalt | zetten=0 tegels=0 score=0 ok=True (OK) 
#338 score3791 geschenkcheques/woestijnlynxjes: solve: R7 faalt | zetten=0 tegels=0 score=0 ok=True (OK) 
#339 score3791 proxyservertjes/geschenkcheques: solve: pre-run-verbinding faalt | zetten=8 tegels=23 score=569 ok=True (OK) 
#340 score3791 babyzwemmertjes/geschenkcheques: solve: pre-run-verbinding faalt | zetten=8 tegels=23 score=567 ok=True (OK) 
#341 score3791 geschenkcheques/babyzwemmertjes: solve: pre-run-verbinding faalt | zetten=8 tegels=23 score=576 ok=True (OK) 
#345 score3791 woestijnlynxjes/geschenkcheques: solve: R7 faalt | zetten=0 tegels=0 score=0 ok=True (OK) 
#346 score3791 geschenkcheques/woestijnlynxjes: solve: R7 faalt | zetten=0 tegels=0 score=0 ok=True (OK) 
#347 score3791 babyglimlachjes/chequeformulier: solve: pre-run-verbinding faalt | zetten=8 tegels=21 score=574 ok=True (OK) 
#348 score3791 chequeformulier/babyglimlachjes: solve: pre-run-verbinding faalt | zetten=8 tegels=21 score=574 ok=True (OK) 
#349 score3791 woestijnlynxjes/geschenkcheques: solve: R7 faalt | zetten=0 tegels=0 score=0 ok=True (OK) 
#350 score3791 geschenkcheques/woestijnlynxjes: solve: R7 faalt | zetten=0 tegels=0 score=0 ok=True (OK) 
#351 score3791 bouwcuratrixjes/jacquardmachine: solve: pre-run-verbinding faalt | zetten=7 tegels=22 score=594 ok=True (OK) 
#360 score3789 papyruszuiltjes/geschenkcheques: solve: R7 faalt | zetten=0 tegels=0 score=0 ok=True (OK) 
#361 score3789 geschenkcheques/papyruszuiltjes: solve: R7 faalt | zetten=0 tegels=0 score=0 ok=True (OK) 
#364 score3789 polymelkzuurtje/geschenkcheques: solve: pre-run-verbinding faalt | zetten=7 tegels=23 score=525 ok=True (OK) 
#365 score3789 papyruszuiltjes/geschenkcheques: solve: pre-run-verbinding faalt | zetten=7 tegels=23 score=535 ok=True (OK) 
#366 score3789 geschenkcheques/polymelkzuurtje: solve: pre-run-verbinding faalt | zetten=7 tegels=23 score=529 ok=True (OK) 
#367 score3789 geschenkcheques/papyruszuiltjes: solve: pre-run-verbinding faalt | zetten=7 tegels=23 score=533 ok=True (OK) 
#368 score3789 woestijnlynxjes/geschenkcheques: solve: pre-run-verbinding faalt | zetten=6 tegels=25 score=562 ok=True (OK) 
#369 score3789 geschenkcheques/woestijnlynxjes: solve: pre-run-verbinding faalt | zetten=6 tegels=25 score=556 ok=True (OK) 
#381 score3789 proxyservertjes/geschenkcheques: solve: pre-run-verbinding faalt | zetten=8 tegels=23 score=564 ok=True (OK) 
#383 score3789 geschenkcheques/woestijnlynxjes: solve: pre-run-verbinding faalt | zetten=5 tegels=21 score=561 ok=True (OK) 
#384 score3789 bouwcuratrixjes/chequeformulier: solve: pre-run-verbinding faalt | zetten=8 tegels=21 score=599 ok=True (OK) 
#385 score3789 bouwcuratrixjes/chequeformulier: solve: pre-run-verbinding faalt | zetten=7 tegels=22 score=585 ok=True (OK) 
#386 score3789 benzoylperoxide/geschenkcheques: solve: pre-run-verbinding faalt | zetten=8 tegels=23 score=593 ok=True (OK) 
#387 score3789 babyzwemmertjes/geschenkcheques: solve: pre-run-verbinding faalt | zetten=8 tegels=23 score=599 ok=True (OK) 
#388 score3789 geschenkcheques/benzoylperoxide: solve: pre-run-verbinding faalt | zetten=8 tegels=23 score=596 ok=True (OK) 
#389 score3789 geschenkcheques/babyzwemmertjes: solve: pre-run-verbinding faalt | zetten=8 tegels=23 score=599 ok=True (OK) 
#390 score3789 benzoylperoxide/geschenkcheques: solve: pre-run-verbinding faalt | zetten=5 tegels=20 score=576 ok=True (OK) 
#391 score3789 babyzwemmertjes/geschenkcheques: solve: pre-run-verbinding faalt | zetten=5 tegels=20 score=579 ok=True (OK) 
#392 score3789 geschenkcheques/benzoylperoxide: solve: pre-run-verbinding faalt | zetten=5 tegels=20 score=579 ok=True (OK) 
#393 score3789 geschenkcheques/babyzwemmertjes: solve: pre-run-verbinding faalt | zetten=5 tegels=20 score=574 ok=True (OK) 
#396 score3789 bouwcuratrixjes/lewylichaampjes: solve: R7 faalt | zetten=0 tegels=0 score=0 ok=True (OK) 
#399 score3789 bouwcuratrixjes/craqueleachtigs: solve: pre-run-verbinding faalt | zetten=8 tegels=23 score=640 ok=True (OK) 
#400 score3788 polymelkzuurtje/geschenkcheques: solve: pre-run-verbinding faalt | zetten=5 tegels=21 score=528 ok=True (OK) 
#401 score3788 papyruszuiltjes/geschenkcheques: solve: completie faalt (R0=True R14=False) | zetten=20 tegels=80 score=2349 ok=True (OK) 
#402 score3788 babyglimlachjes/chequeformulier: solve: pre-run-verbinding faalt | zetten=5 tegels=21 score=530 ok=True (OK) 
#403 score3788 chequeformulier/babyglimlachjes: solve: pre-run-verbinding faalt | zetten=5 tegels=21 score=529 ok=True (OK) 
#404 score3788 geschenkcheques/polymelkzuurtje: solve: completie faalt (R0=False R14=True) | zetten=17 tegels=78 score=2191 ok=True (OK) 
#405 score3788 geschenkcheques/papyruszuiltjes: solve: pre-run-verbinding faalt | zetten=5 tegels=21 score=531 ok=True (OK) 
#414 score3787 woestijnlynxjes/geschenkcheques: solve: R7 faalt | zetten=0 tegels=0 score=0 ok=True (OK) 
#415 score3787 geschenkcheques/woestijnlynxjes: solve: R7 faalt | zetten=0 tegels=0 score=0 ok=True (OK) 
#419 score3787 babyglimlachjes/chequeformulier: solve: R7 faalt | zetten=0 tegels=0 score=0 ok=True (OK) 
#420 score3787 chequeformulier/babyglimlachjes: solve: R7 faalt | zetten=0 tegels=0 score=0 ok=True (OK) 
#439 score3786 bouwcuratrixjes/geschenkcheques: solve: pre-run-verbinding faalt | zetten=7 tegels=22 score=541 ok=True (OK) 
#448 score3786 vluchtreflexjes/chequeformulier: solve: pre-run-verbinding faalt | zetten=8 tegels=23 score=544 ok=True (OK) 
#449 score3786 chequeformulier/vluchtreflexjes: solve: pre-run-verbinding faalt | zetten=8 tegels=23 score=554 ok=True (OK) 
#454 score3786 polymelkzuurtje/geschenkcheques: solve: pre-run-verbinding faalt | zetten=6 tegels=26 score=656 ok=True (OK) 
#455 score3786 papyruszuiltjes/geschenkcheques: solve: pre-run-verbinding faalt | zetten=6 tegels=26 score=650 ok=True (OK) 
#457 score3786 geschenkcheques/papyruszuiltjes: solve: pre-run-verbinding faalt | zetten=6 tegels=26 score=650 ok=True (OK) 
#463 score3785 wetenschapsquiz/vluchtreflexjes: solve: pre-run-verbinding faalt | zetten=6 tegels=24 score=645 ok=True (OK) 
#464 score3785 babyzwemmertjes/geschenkcheques: solve: pre-run-verbinding faalt | zetten=7 tegels=23 score=640 ok=True (OK) 
#465 score3785 geschenkcheques/babyzwemmertjes: solve: pre-run-verbinding faalt | zetten=7 tegels=23 score=572 ok=True (OK) 
#476 score3784 vluchtreflexjes/chequeformulier: solve: pre-run-verbinding faalt | zetten=8 tegels=23 score=542 ok=True (OK) 
#477 score3784 chequeformulier/vluchtreflexjes: solve: pre-run-verbinding faalt | zetten=8 tegels=23 score=515 ok=True (OK) 
#480 score3784 woestijnlynxjes/geschenkcheques: solve: R7 faalt | zetten=0 tegels=0 score=0 ok=True (OK) 
#481 score3784 geschenkcheques/woestijnlynxjes: solve: R7 faalt | zetten=0 tegels=0 score=0 ok=True (OK) 
#482 score3784 woestijnlynxjes/geschenkcheques: solve: pre-run-verbinding faalt | zetten=7 tegels=22 score=544 ok=True (OK) 
#483 score3784 geschenkcheques/woestijnlynxjes: solve: pre-run-verbinding faalt | zetten=7 tegels=22 score=544 ok=True (OK) 
#486 score3784 bouwcuratrixjes/chequeformulier: solve: R7 faalt | zetten=0 tegels=0 score=0 ok=True (OK) 
#488 score3784 bouwcuratrixjes/wetenschapsquiz: solve: pre-run-verbinding faalt | zetten=5 tegels=22 score=630 ok=True (OK) 
#489 score3784 bouwcuratrixjes/jacquardweefsel: solve: pre-run-verbinding faalt | zetten=5 tegels=22 score=630 ok=True (OK) 
#492 score3784 bouwcuratrixjes/chequebedragjes: solve: pre-run-verbinding faalt | zetten=7 tegels=24 score=474 ok=True (OK) 
#493 score3784 wetenschapsquiz/babyglimlachjes: solve: R7 faalt | zetten=0 tegels=0 score=0 ok=True (OK) 
#494 score3783 babyzwemmertjes/geschenkcheques: solve: R7 faalt | zetten=0 tegels=0 score=0 ok=True (OK) 
#495 score3783 polymelkzuurtje/geschenkcheques: solve: R7 faalt | zetten=0 tegels=0 score=0 ok=True (OK) 
#496 score3783 babyglimlachjes/chequeformulier: solve: R7 faalt | zetten=0 tegels=0 score=0 ok=True (OK) 
#497 score3783 chequeformulier/babyglimlachjes: solve: R7 faalt | zetten=0 tegels=0 score=0 ok=True (OK) 
#498 score3783 geschenkcheques/babyzwemmertjes: solve: R7 faalt | zetten=0 tegels=0 score=0 ok=True (OK) 
#499 score3783 geschenkcheques/polymelkzuurtje: solve: R7 faalt | zetten=0 tegels=0 score=0 ok=True (OK) 
sweep klaar
