geschenkcheques: analytic UB = 2206 (mask (0, 3, 7, 9, 11, 13, 14)) vs LB 2100 -> OPEN (slack -106)
flauwekulexcuus: analytic UB = 2127 (mask (0, 3, 6, 7, 11, 13, 14)) vs LB 2100 -> OPEN (slack -27)
chequeformulier: analytic UB = 2113 (mask (0, 3, 5, 7, 9, 11, 14)) vs LB 2100 -> OPEN (slack -13)
cultuurchequeje: analytic UB = 2073 (mask (0, 2, 7, 9, 11, 12, 14)) vs LB 2100 -> CERTIFIED (slack 27)
jacquardmachine: analytic UB = 2122 (mask (0, 1, 3, 5, 7, 11, 14)) vs LB 2100 -> OPEN (slack -22)
bouwcuratrixjes: analytic UB = 2053 (mask (0, 1, 3, 5, 7, 11, 14)) vs LB 2100 -> CERTIFIED (slack 47)
chemsexpartytje: analytic UB = 2102 (mask (0, 3, 5, 7, 11, 12, 14)) vs LB 2100 -> OPEN (slack -2)
chequebedragjes: analytic UB = 2057 (mask (0, 3, 5, 7, 8, 11, 14)) vs LB 2100 -> CERTIFIED (slack 43)
craqueleachtigs: analytic UB = 2058 (mask (0, 3, 5, 7, 11, 13, 14)) vs LB 2100 -> CERTIFIED (slack 42)
quichebuffetjes: analytic UB = 2009 (mask (0, 3, 7, 8, 9, 11, 14)) vs LB 2100 -> CERTIFIED (slack 91)
babyglimlachjes: analytic UB = 2085 (mask (0, 3, 5, 7, 9, 11, 14)) vs LB 2100 -> CERTIFIED (slack 15)
cliquetsystemen: analytic UB = 2070 (mask (0, 3, 5, 7, 9, 11, 14)) vs LB 2100 -> CERTIFIED (slack 30)
wetenschapsquiz: analytic UB = 2058 (mask (0, 3, 5, 7, 9, 11, 14)) vs LB 2100 -> CERTIFIED (slack 42)
schuurschijfjes: analytic UB = 2017 (mask (0, 2, 3, 5, 7, 11, 14)) vs LB 2100 -> CERTIFIED (slack 83)
dyscalculischen: analytic UB = 2063 (mask (0, 1, 3, 5, 7, 11, 14)) vs LB 2100 -> CERTIFIED (slack 37)
craqueleachtige: analytic UB = 2034 (mask (0, 3, 5, 7, 11, 13, 14)) vs LB 2100 -> CERTIFIED (slack 66)
textielcyclusje: analytic UB = 2037 (mask (0, 3, 7, 9, 11, 12, 14)) vs LB 2100 -> CERTIFIED (slack 63)
aliquotvleugels: analytic UB = 2070 (mask (0, 3, 5, 6, 7, 11, 14)) vs LB 2100 -> CERTIFIED (slack 30)
jacquardweefsel: analytic UB = 2039 (mask (0, 1, 3, 5, 7, 12, 14)) vs LB 2100 -> CERTIFIED (slack 61)
yoghurtcultures: analytic UB = 2007 (mask (0, 1, 3, 7, 9, 11, 14)) vs LB 2100 -> CERTIFIED (slack 93)
upcyclestertjes: analytic UB = 1985 (mask (0, 1, 3, 5, 7, 11, 14)) vs LB 2100 -> CERTIFIED (slack 115)
vluchtreflexjes: analytic UB = 2014 (mask (0, 6, 7, 8, 9, 11, 14)) vs LB 2100 -> CERTIFIED (slack 86)
playboyachtigst: analytic UB = 2059 (mask (0, 3, 7, 9, 11, 12, 14)) vs LB 2100 -> CERTIFIED (slack 41)
perscommuniques: analytic UB = 2014 (mask (0, 3, 6, 7, 11, 13, 14)) vs LB 2100 -> CERTIFIED (slack 86)
chiquelingetjes: analytic UB = 1998 (mask (0, 3, 5, 7, 8, 11, 14)) vs LB 2100 -> CERTIFIED (slack 102)
quicheachtigers: analytic UB = 1957 (mask (0, 3, 6, 7, 9, 11, 14)) vs LB 2100 -> CERTIFIED (slack 143)
=== SUMMARY ===
CERTIFIED <= 2100: 21  ['cultuurchequeje', 'bouwcuratrixjes', 'chequebedragjes', 'craqueleachtigs', 'quichebuffetjes', 'babyglimlachjes', 'cliquetsystemen', 'wetenschapsquiz', 'schuurschijfjes', 'dyscalculischen', 'craqueleachtige', 'textielcyclusje', 'aliquotvleugels', 'jacquardweefsel', 'yoghurtcultures', 'upcyclestertjes', 'vluchtreflexjes', 'playboyachtigst', 'perscommuniques', 'chiquelingetjes', 'quicheachtigers']
OPEN (UB > 2100): 5  ['geschenkcheques', 'flauwekulexcuus', 'chequeformulier', 'jacquardmachine', 'chemsexpartytje']
