ref record 4777                  ok                                 tegels  101 bingo  11 woordbaar True  ankervast 4877
rail1 (bovenrail)                ok                                 tegels  101 bingo  10 woordbaar True  ankervast 5044
rail13 (onderrail)               ok                                 tegels  101 bingo   8 woordbaar True  ankervast 5065
rail1+13 (H-frame)               ok                                 tegels  101 bingo   9 woordbaar True  ankervast 5136
rail1+13 + kol14                 ok                                 tegels  101 bingo   8 woordbaar True  ankervast 5260
rail1 + kol14                    onleverbaar: [(8, 14), (9, 14), (10, 14), (11, 14), (12, 14), (13, 8)] tegels    - bingo   - woordbaar -     ankervast -
rail13 + kol14                   onleverbaar: [(2, 13), (3, 12), (3, 13), (4, 13), (4, 14), (5, 13)] tegels    - bingo   - woordbaar -     ankervast -
rail+kol14+kol5+kol2             ok                                 tegels  101 bingo   8 woordbaar True  ankervast 5278
rail+kol14 (99 tegels)           ok                                 tegels   99 bingo   7 woordbaar True  ankervast 5235
rail+kol14+kol2                  ok                                 tegels  101 bingo   7 woordbaar True  ankervast 5240
rail+kol14+laan4                 ok                                 tegels  101 bingo   7 woordbaar True  ankervast 5237
rail2+12 (lex-veilig)            onleverbaar: [(14, 8), (14, 9), (14, 10), (14, 11)] tegels    - bingo   - woordbaar -     ankervast -
kol14-ladder (3 klimmers)        onleverbaar: [(8, 0)]              tegels    - bingo   - woordbaar -     ankervast -
kol14-ladder-b (4 klimmers)      OVER CAP (108) en niet te trimmen  tegels  108 bingo  10 woordbaar -     ankervast -
kol14-boven (rijen 1..6)         ok                                 tegels  101 bingo  10 woordbaar True  ankervast 4870
kol14-onder (rijen 8..13)        OVER CAP (102) en niet te trimmen  tegels  102 bingo  10 woordbaar -     ankervast -
2 lanen (rij 4+10)               ok                                 tegels   98 bingo   6 woordbaar True  ankervast 4817
lanen rij 3+11                   onleverbaar: [(8, 14), (9, 14), (10, 14), (11, 14), (12, 14)] tegels    - bingo   - woordbaar -     ankervast -
lanen rij 2+12                   ok                                 tegels  101 bingo  10 woordbaar True  ankervast 4788
2 lanen + kol14                  onleverbaar: [(4, 14), (5, 14), (6, 14), (9, 0), (10, 0)] tegels    - bingo   - woordbaar -     ankervast -
kol7-boven (rijen 1..3)          ok                                 tegels   97 bingo  10 woordbaar True  ankervast 4887
laat-x4 (rij-4-brug laatst)      ok                                 tegels  101 bingo   9 woordbaar True  ankervast 4767
weefsel (lanen eerst)            onleverbaar: [(4, 14), (5, 14), (6, 14), (8, 14), (9, 14), (10, 14)] tegels    - bingo   - woordbaar -     ankervast -
x4-stapel (rij 1/4/10/13)        ok                                 tegels  101 bingo   7 woordbaar True  ankervast 5083
halfkol0 (rijen 8..13)           OVER CAP (103) en niet te trimmen  tegels  103 bingo  10 woordbaar -     ankervast -
kol5 vol (e..e..e)               ok                                 tegels  100 bingo  11 woordbaar True  ankervast 4845
kleine rij-0-final               onleverbaar: [(1, 14), (2, 14), (8, 0), (8, 14), (9, 14), (10, 14)] tegels    - bingo   - woordbaar -     ankervast -

referentie ankervast plafond (record) = 4877; gerealiseerd 4777 (realisatiegraad 0.979)
topologie                        ankervast   d_ref  schatting
rail+kol14+kol5+kol2                  5278    +401       5169
rail1+13 + kol14                      5260    +383       5152
rail+kol14+kol2                       5240    +363       5132
rail+kol14+laan4                      5237    +360       5129
rail+kol14 (99 tegels)                5235    +358       5127
rail1+13 (H-frame)                    5136    +259       5030
x4-stapel (rij 1/4/10/13)             5083    +206       4978
rail13 (onderrail)                    5065    +188       4961
rail1 (bovenrail)                     5044    +167       4940
kol7-boven (rijen 1..3)               4887     +10       4786
ref record 4777                       4877      +0       4777
kol14-boven (rijen 1..6)              4870      -7       4770
kol5 vol (e..e..e)                    4845     -32       4745
2 lanen (rij 4+10)                    4817     -60       4718
lanen rij 2+12                        4788     -89       4689
laat-x4 (rij-4-brug laatst)           4767    -110       4669
-> /home/bob/programming/scrabble4/experiments/results/newtopo.json
