=== mask (0,3,7,8,11,12,14) ===
  canary 2008.json floor=283: TO 283 witness=(TO -> CP-SAT fallback; sound) expect>=284 (5.13s) OK
  canary 2009.json floor=284: TO 284 witness=(TO -> CP-SAT fallback; sound) expect>=285 (5.00s) OK
  canary 2010.json floor=285: TO 285 witness=(TO -> CP-SAT fallback; sound) expect>=286 (5.00s) OK
  easy-SAT probe: TO -1 witness=(TO; sound) OK
  500/2000 median=0.0ms p90=5.4ms TO=3 mism=0
  1000/2000 median=0.0ms p90=4.7ms TO=7 mism=0
  1500/2000 median=0.0ms p90=5.2ms TO=13 mism=0
  2000/2000 median=0.0ms p90=4.8ms TO=17 mism=0
mask (0, 3, 7, 8, 11, 12, 14): 2000 UNSATs -> LE=1983 TO=17 mism=0; median=0.0ms p90=4.8ms max=5011ms
=== mask (0,3,7,9,11,12,14) ===
  easy-SAT probe: TO -1 witness=(TO; sound) OK
  500/2000 median=0.0ms p90=0.0ms TO=0 mism=0
  1000/2000 median=0.0ms p90=0.0ms TO=0 mism=0
  1500/2000 median=0.0ms p90=0.0ms TO=0 mism=0
  2000/2000 median=0.0ms p90=0.0ms TO=0 mism=0
mask (0, 3, 7, 9, 11, 12, 14): 2000 UNSATs -> LE=2000 TO=0 mism=0; median=0.0ms p90=0.0ms max=18ms

=== PIN GATE REPORT ===
speedup vs CP-SAT 0.57s median: 13981x / 13209x
*** GATE PASS ***
