BORD OK — de 7 herstelde premies staan er.  15-letterwoorden: 118709
rij-multipliers (nominaal): {0: 27, 7: 18, 14: 27}   (architectuur, midden al gelegd): {0: 27, 7: 9, 14: 27}
letterprofiel ankerrijen: DL op x=3 en x=11 (identiek voor rij 0, 7 en 14)

=== TOP-20 rij 0 (wm=27) ===
   1. croquemboucheje     1701
   2. geschenkcheques     1674
   3. jacquetkostuums     1674
   4. alfahydroxyzuur     1647
   5. vluchtreflexjes     1647
   6. croquetmatchjes     1647
   7. flauwekulexcuus     1647
   8. deuxchevauxtjes     1647
   9. cultuurchequeje     1620
  10. jacquardweefsel     1620
  11. verzamelcheques     1620
  12. mytylschooltjes     1593
  13. chequeformulier     1593
  14. jacquardmachine     1593
  15. circuscomedytje     1593
  16. dyscalculicusje     1593
  17. playbackshowtje     1593
  18. bouwcuratrixjes     1566
  19. luchtdrukmaxima     1566
  20. polysyllabische     1566
  huidige keuze: geschenkcheques = 1674  (rang 2, gat naar #1 = 27)

=== TOP-20 rij 7 (wm=18) ===
   1. croquemboucheje     1134
   2. geschenkcheques     1116
   3. jacquetkostuums     1116
   4. alfahydroxyzuur     1098
   5. vluchtreflexjes     1098
   6. croquetmatchjes     1098
   7. flauwekulexcuus     1098
   8. deuxchevauxtjes     1098
   9. cultuurchequeje     1080
  10. jacquardweefsel     1080
  11. verzamelcheques     1080
  12. mytylschooltjes     1062
  13. chequeformulier     1062
  14. jacquardmachine     1062
  15. circuscomedytje     1062
  16. dyscalculicusje     1062
  17. playbackshowtje     1062
  18. bouwcuratrixjes     1044
  19. luchtdrukmaxima     1044
  20. polysyllabische     1044
  huidige keuze: flexwerkstertje = 918  (rang 379, gat naar #1 = 216)

=== TOP-20 rij 14 (wm=27) ===
   1. croquemboucheje     1701
   2. geschenkcheques     1674
   3. jacquetkostuums     1674
   4. alfahydroxyzuur     1647
   5. vluchtreflexjes     1647
   6. croquetmatchjes     1647
   7. flauwekulexcuus     1647
   8. deuxchevauxtjes     1647
   9. cultuurchequeje     1620
  10. jacquardweefsel     1620
  11. verzamelcheques     1620
  12. mytylschooltjes     1593
  13. chequeformulier     1593
  14. jacquardmachine     1593
  15. circuscomedytje     1593
  16. dyscalculicusje     1593
  17. playbackshowtje     1593
  18. bouwcuratrixjes     1566
  19. luchtdrukmaxima     1566
  20. polysyllabische     1566
  huidige keuze: polymelkzuurtje = 1512  (rang 44, gat naar #1 = 189)

=== rij 14: defect bord vs correct bord ===
  polymelkzuurtje: defect 1242 (rang 148)  ->  correct 1512 (rang 44)
  defecte top-5: [('alfahydroxyzuur', 1512), ('cultuurchequeje', 1458), ('flauwekulexcuus', 1404), ('cryptocurrencys', 1377), ('hydroxylgroepje', 1377)]
  correcte top-5: [('croquemboucheje', 1701), ('geschenkcheques', 1674), ('jacquetkostuums', 1674), ('alfahydroxyzuur', 1647), ('vluchtreflexjes', 1647)]

drempels: MAXA=1701 MAXB=1098 -> vloer rij0/14 1305, vloer rij7 702
rij-0/14-kandidaten boven de vloer: 976
  waarvan bezorgbaar (harde fragment-check): 865
rij-7-kandidaten met venster boven de vloer: 6704 (van 31030 met venster)

tripletten met gedegradeerde waarde >= huidig (4104): 30
HUIDIG ('geschenkcheques', 'flexwerkstertje', 'polymelkzuurtje'): nominaal 4104, tekort 0, gedegradeerd 4104, rang 29
  bezorgbare (masker-bewuste) waarde huidig: 3573

=== TOP-12 bezorgbare, zak-haalbare tripletten ===
  1. vluchtreflexjes / babyzwemmertjes / verzamelcheques
     nominaal 4221  tekort 0  blancoverlies 0  gedegradeerd 4221  delta +117 | masker-bewust 3240 (-333)  frag [11, 10]
  2. vluchtreflexjes / babyzwemstertje / verzamelcheques
     nominaal 4203  tekort 0  blancoverlies 0  gedegradeerd 4203  delta +99 | masker-bewust 3231 (-342)  frag [11, 10]
  3. vluchtreflexjes / babyzwemmertjes / chequeformulier
     nominaal 4194  tekort 0  blancoverlies 0  gedegradeerd 4194  delta +90 | masker-bewust 3483 (-90)  frag [11, 7]
  4. vluchtreflexjes / babyzwemstertje / chequeformulier
     nominaal 4176  tekort 0  blancoverlies 0  gedegradeerd 4176  delta +72 | masker-bewust 3474 (-99)  frag [11, 7]
  5. verzamelcheques / bouwcuratrixjes / playbackshowtje
     nominaal 4257  tekort 1  blancoverlies 90  gedegradeerd 4167  delta +63 | masker-bewust 3213 (-360)  frag [10, 7]
  6. vluchtreflexjes / bodysurfstertje / verzamelcheques
     nominaal 4167  tekort 0  blancoverlies 0  gedegradeerd 4167  delta +63 | masker-bewust 3213 (-360)  frag [11, 10]
  7. vluchtreflexjes / babyzwemmertjes / jacquardweefsel
     nominaal 4221  tekort 1  blancoverlies 72  gedegradeerd 4149  delta +45 | masker-bewust 3366 (-207)  frag [11, 5]
  8. verzamelcheques / vrouwtjesbuffel / playbackshowtje
     nominaal 4149  tekort 0  blancoverlies 0  gedegradeerd 4149  delta +45 | masker-bewust 3240 (-333)  frag [10, 7]
  9. verzamelcheques / vluchtreflexjes / babyzwemmertjes
     nominaal 4149  tekort 0  blancoverlies 0  gedegradeerd 4149  delta +45 | masker-bewust 3258 (-315)  frag [10, 12]
 10. vluchtreflexjes / babyzwemmertjes / wetenschapsquiz
     nominaal 4140  tekort 0  blancoverlies 0  gedegradeerd 4140  delta +36 | masker-bewust 3429 (-144)  frag [11, 13]
 11. vluchtreflexjes / babyzwemmertjes / vormingscheques
     nominaal 4140  tekort 0  blancoverlies 0  gedegradeerd 4140  delta +36 | masker-bewust 3159 (-414)  frag [11, 6]
 12. vluchtreflexjes / babyzwemstertje / jacquardweefsel
     nominaal 4203  tekort 1  blancoverlies 72  gedegradeerd 4131  delta +27 | masker-bewust 3357 (-216)  frag [11, 5]

PASS 2 (masker-bewust): pool rij0/14 = 865, pool rij7 = 31029
tripletten met bezorgbare waarde >= huidig (3573): 2; rang huidig = 1
=== TOP-12 op BEZORGBARE (masker-bewuste) waarde ===
  1. geschenkcheques / flexwerkstertje / polymelkzuurtje   bezorgbaar 3573 (+0)  nominaal 4104  tekort 0  frag [10, 11]
  2. geschenkcheques / flexwerkstertje / papyruszuiltjes   bezorgbaar 3573 (+0)  nominaal 4050  tekort 0  frag [10, 8]

geschreven: experiments/results/triplet_rerank_relaxed.jsonl
