geschenkcheques: analytic UB = 2061 (mask (0, 3, 7, 9, 11, 12, 14)) vs LB 1952 -> OPEN (slack -109)
flauwekulexcuus: analytic UB = 2022 (mask (0, 3, 7, 8, 11, 13, 14)) vs LB 1952 -> OPEN (slack -70)
chequeformulier: analytic UB = 1964 (mask (0, 3, 5, 7, 9, 11, 14)) vs LB 1952 -> OPEN (slack -12)
cultuurchequeje: analytic UB = 1925 (mask (0, 2, 7, 10, 11, 13, 14)) vs LB 1952 -> CERTIFIED (slack 27)
jacquardmachine: analytic UB = 1961 (mask (0, 1, 3, 5, 7, 11, 14)) vs LB 1952 -> OPEN (slack -9)
bouwcuratrixjes: analytic UB = 1920 (mask (0, 2, 3, 5, 7, 11, 14)) vs LB 1952 -> CERTIFIED (slack 32)
chemsexpartytje: analytic UB = 1945 (mask (0, 3, 4, 7, 11, 13, 14)) vs LB 1952 -> CERTIFIED (slack 7)
chequebedragjes: analytic UB = 1912 (mask (0, 3, 4, 6, 7, 11, 14)) vs LB 1952 -> CERTIFIED (slack 40)
craqueleachtigs: analytic UB = 1908 (mask (0, 3, 4, 7, 11, 13, 14)) vs LB 1952 -> CERTIFIED (slack 44)
quichebuffetjes: analytic UB = 1919 (mask (0, 3, 7, 8, 9, 11, 14)) vs LB 1952 -> CERTIFIED (slack 33)
babyglimlachjes: analytic UB = 1934 (mask (0, 3, 5, 7, 9, 11, 14)) vs LB 1952 -> CERTIFIED (slack 18)
cliquetsystemen: analytic UB = 1906 (mask (0, 3, 4, 7, 9, 11, 14)) vs LB 1952 -> CERTIFIED (slack 46)
wetenschapsquiz: analytic UB = 1921 (mask (0, 3, 5, 7, 9, 11, 14)) vs LB 1952 -> CERTIFIED (slack 31)
schuurschijfjes: analytic UB = 1893 (mask (0, 2, 3, 5, 7, 11, 14)) vs LB 1952 -> CERTIFIED (slack 59)
dyscalculischen: analytic UB = 1894 (mask (0, 2, 3, 5, 7, 11, 14)) vs LB 1952 -> CERTIFIED (slack 58)
craqueleachtige: analytic UB = 1866 (mask (0, 3, 4, 7, 11, 13, 14)) vs LB 1952 -> CERTIFIED (slack 86)
textielcyclusje: analytic UB = 1863 (mask (0, 3, 7, 9, 11, 12, 14)) vs LB 1952 -> CERTIFIED (slack 89)
aliquotvleugels: analytic UB = 1910 (mask (0, 3, 5, 7, 11, 13, 14)) vs LB 1952 -> CERTIFIED (slack 42)
jacquardweefsel: analytic UB = 1893 (mask (0, 1, 3, 5, 7, 12, 14)) vs LB 1952 -> CERTIFIED (slack 59)
yoghurtcultures: analytic UB = 1857 (mask (0, 2, 3, 7, 9, 11, 14)) vs LB 1952 -> CERTIFIED (slack 95)
upcyclestertjes: analytic UB = 1866 (mask (0, 1, 3, 5, 7, 11, 14)) vs LB 1952 -> CERTIFIED (slack 86)
vluchtreflexjes: analytic UB = 1859 (mask (0, 6, 7, 8, 9, 11, 14)) vs LB 1952 -> CERTIFIED (slack 93)
playboyachtigst: analytic UB = 1893 (mask (0, 3, 7, 9, 11, 13, 14)) vs LB 1952 -> CERTIFIED (slack 59)
perscommuniques: analytic UB = 1892 (mask (0, 3, 6, 7, 11, 12, 14)) vs LB 1952 -> CERTIFIED (slack 60)
chiquelingetjes: analytic UB = 1854 (mask (0, 3, 4, 7, 9, 11, 14)) vs LB 1952 -> CERTIFIED (slack 98)
quicheachtigers: analytic UB = 1844 (mask (0, 3, 6, 7, 8, 11, 14)) vs LB 1952 -> CERTIFIED (slack 108)
=== SUMMARY ===
CERTIFIED <= 1952: 22  ['cultuurchequeje', 'bouwcuratrixjes', 'chemsexpartytje', 'chequebedragjes', 'craqueleachtigs', 'quichebuffetjes', 'babyglimlachjes', 'cliquetsystemen', 'wetenschapsquiz', 'schuurschijfjes', 'dyscalculischen', 'craqueleachtige', 'textielcyclusje', 'aliquotvleugels', 'jacquardweefsel', 'yoghurtcultures', 'upcyclestertjes', 'vluchtreflexjes', 'playboyachtigst', 'perscommuniques', 'chiquelingetjes', 'quicheachtigers']
OPEN (UB > 1952): 4  ['geschenkcheques', 'flauwekulexcuus', 'chequeformulier', 'jacquardmachine']
