=== flauwekulexcuus 0,3,6,7,11,13,14 (UB 2127) ===
# [v2] word=flauwekulexcuus mask=(0, 3, 6, 7, 11, 13, 14) LB=2100 reserve=1 cap=1200.0 workers=20
Traceback (most recent call last):
  File "/home/bob/programming/scrabble4/experiments/n15_oracle_parallel.py", line 341, in <module>
    main()
  File "/home/bob/programming/scrabble4/experiments/n15_oracle_parallel.py", line 335, in main
    out = run_mask(a.word, mask, a.lb, a.cap, a.workers, save=not a.nosave,
          ^^^^^^^^^^^^^^^^^^^^^^^^^^^^^^^^^^^^^^^^^^^^^^^^^^^^^^^^^^^^^^^^^
  File "/home/bob/programming/scrabble4/experiments/n15_oracle_parallel.py", line 168, in run_mask
    assert lb >= ubm - 26, \
           ^^^^^^^^^^^^^^
AssertionError: lb 2100 < UB_mask 2127 - 26: turn-blank exclusion fails -- use the TB-extended oracle
=== flauwekulexcuus 0,3,6,7,11,12,14 (UB 2127) ===
# [v2] word=flauwekulexcuus mask=(0, 3, 6, 7, 11, 12, 14) LB=2100 reserve=1 cap=1200.0 workers=20
Traceback (most recent call last):
  File "/home/bob/programming/scrabble4/experiments/n15_oracle_parallel.py", line 341, in <module>
    main()
  File "/home/bob/programming/scrabble4/experiments/n15_oracle_parallel.py", line 335, in main
    out = run_mask(a.word, mask, a.lb, a.cap, a.workers, save=not a.nosave,
          ^^^^^^^^^^^^^^^^^^^^^^^^^^^^^^^^^^^^^^^^^^^^^^^^^^^^^^^^^^^^^^^^^
  File "/home/bob/programming/scrabble4/experiments/n15_oracle_parallel.py", line 168, in run_mask
    assert lb >= ubm - 26, \
           ^^^^^^^^^^^^^^
AssertionError: lb 2100 < UB_mask 2127 - 26: turn-blank exclusion fails -- use the TB-extended oracle
=== flauwekulexcuus 0,2,3,7,11,13,14 (UB 2126) ===
# [v2] word=flauwekulexcuus mask=(0, 2, 3, 7, 11, 13, 14) LB=2100 reserve=1 cap=1200.0 workers=20
# [v2] mask (0, 2, 3, 7, 11, 13, 14) main_const=1697 vfloor=403 (LB=2100)
# enumerating BLANK-AWARE band (nominal - deficit > 403) ...
# 0 combos in band (capped=False), collected 0; enum 1s; 0 already in ledger
# ledger: 0 UNSAT, 0 SAT, 0 UNKNOWN, 0 ERROR already; 0 to test
# engine=pinbatch base=/home/bob/programming/scrabble4/experiments/results/oracle_parallel/bases_dutch2026/flauwekulexcuus/base_0_2_3_7_11_13_14.txt PINWALL=5s audit=1/1000
mask (0, 2, 3, 7, 11, 13, 14) at LB=2100: 0 band combos ALL SAFE (no grid beats 2100)
VERDICT: CERTIFIED <= 2100
{"mask": [0, 2, 3, 7, 11, 13, 14], "verdict": "CERTIFIED", "lb": 2100, "count": 0}
=== flauwekulexcuus 0,2,3,7,11,12,14 (UB 2126) ===
# [v2] word=flauwekulexcuus mask=(0, 2, 3, 7, 11, 12, 14) LB=2100 reserve=1 cap=1200.0 workers=20
# [v2] mask (0, 2, 3, 7, 11, 12, 14) main_const=1697 vfloor=403 (LB=2100)
# enumerating BLANK-AWARE band (nominal - deficit > 403) ...
# 0 combos in band (capped=False), collected 0; enum 1s; 0 already in ledger
# ledger: 0 UNSAT, 0 SAT, 0 UNKNOWN, 0 ERROR already; 0 to test
# engine=pinbatch base=/home/bob/programming/scrabble4/experiments/results/oracle_parallel/bases_dutch2026/flauwekulexcuus/base_0_2_3_7_11_12_14.txt PINWALL=5s audit=1/1000
mask (0, 2, 3, 7, 11, 12, 14) at LB=2100: 0 band combos ALL SAFE (no grid beats 2100)
VERDICT: CERTIFIED <= 2100
{"mask": [0, 2, 3, 7, 11, 12, 14], "verdict": "CERTIFIED", "lb": 2100, "count": 0}
=== flauwekulexcuus 0,3,7,8,11,13,14 (UB 2124) ===
# [v2] word=flauwekulexcuus mask=(0, 3, 7, 8, 11, 13, 14) LB=2100 reserve=1 cap=1200.0 workers=20
# [v2] mask (0, 3, 7, 8, 11, 13, 14) main_const=1697 vfloor=403 (LB=2100)
# enumerating BLANK-AWARE band (nominal - deficit > 403) ...
# 0 combos in band (capped=False), collected 0; enum 0s; 0 already in ledger
# ledger: 0 UNSAT, 0 SAT, 0 UNKNOWN, 0 ERROR already; 0 to test
# engine=pinbatch base=/home/bob/programming/scrabble4/experiments/results/oracle_parallel/bases_dutch2026/flauwekulexcuus/base_0_3_7_8_11_13_14.txt PINWALL=5s audit=1/1000
mask (0, 3, 7, 8, 11, 13, 14) at LB=2100: 0 band combos ALL SAFE (no grid beats 2100)
VERDICT: CERTIFIED <= 2100
{"mask": [0, 3, 7, 8, 11, 13, 14], "verdict": "CERTIFIED", "lb": 2100, "count": 0}
=== flauwekulexcuus 0,3,7,8,11,12,14 (UB 2124) ===
# [v2] word=flauwekulexcuus mask=(0, 3, 7, 8, 11, 12, 14) LB=2100 reserve=1 cap=1200.0 workers=20
# [v2] mask (0, 3, 7, 8, 11, 12, 14) main_const=1697 vfloor=403 (LB=2100)
# enumerating BLANK-AWARE band (nominal - deficit > 403) ...
# 0 combos in band (capped=False), collected 0; enum 0s; 0 already in ledger
# ledger: 0 UNSAT, 0 SAT, 0 UNKNOWN, 0 ERROR already; 0 to test
# engine=pinbatch base=/home/bob/programming/scrabble4/experiments/results/oracle_parallel/bases_dutch2026/flauwekulexcuus/base_0_3_7_8_11_12_14.txt PINWALL=5s audit=1/1000
mask (0, 3, 7, 8, 11, 12, 14) at LB=2100: 0 band combos ALL SAFE (no grid beats 2100)
VERDICT: CERTIFIED <= 2100
{"mask": [0, 3, 7, 8, 11, 12, 14], "verdict": "CERTIFIED", "lb": 2100, "count": 0}
=== flauwekulexcuus 0,1,3,7,11,13,14 (UB 2124) ===
# [v2] word=flauwekulexcuus mask=(0, 1, 3, 7, 11, 13, 14) LB=2100 reserve=1 cap=1200.0 workers=20
# [v2] mask (0, 1, 3, 7, 11, 13, 14) main_const=1697 vfloor=403 (LB=2100)
# enumerating BLANK-AWARE band (nominal - deficit > 403) ...
# 0 combos in band (capped=False), collected 0; enum 0s; 0 already in ledger
# ledger: 0 UNSAT, 0 SAT, 0 UNKNOWN, 0 ERROR already; 0 to test
# engine=pinbatch base=/home/bob/programming/scrabble4/experiments/results/oracle_parallel/bases_dutch2026/flauwekulexcuus/base_0_1_3_7_11_13_14.txt PINWALL=5s audit=1/1000
mask (0, 1, 3, 7, 11, 13, 14) at LB=2100: 0 band combos ALL SAFE (no grid beats 2100)
VERDICT: CERTIFIED <= 2100
{"mask": [0, 1, 3, 7, 11, 13, 14], "verdict": "CERTIFIED", "lb": 2100, "count": 0}
=== flauwekulexcuus 0,1,3,7,11,12,14 (UB 2124) ===
# [v2] word=flauwekulexcuus mask=(0, 1, 3, 7, 11, 12, 14) LB=2100 reserve=1 cap=1200.0 workers=20
# [v2] mask (0, 1, 3, 7, 11, 12, 14) main_const=1697 vfloor=403 (LB=2100)
# enumerating BLANK-AWARE band (nominal - deficit > 403) ...
# 0 combos in band (capped=False), collected 0; enum 0s; 0 already in ledger
# ledger: 0 UNSAT, 0 SAT, 0 UNKNOWN, 0 ERROR already; 0 to test
# engine=pinbatch base=/home/bob/programming/scrabble4/experiments/results/oracle_parallel/bases_dutch2026/flauwekulexcuus/base_0_1_3_7_11_12_14.txt PINWALL=5s audit=1/1000
mask (0, 1, 3, 7, 11, 12, 14) at LB=2100: 0 band combos ALL SAFE (no grid beats 2100)
VERDICT: CERTIFIED <= 2100
{"mask": [0, 1, 3, 7, 11, 12, 14], "verdict": "CERTIFIED", "lb": 2100, "count": 0}
=== flauwekulexcuus 0,3,7,9,11,13,14 (UB 2123) ===
# [v2] word=flauwekulexcuus mask=(0, 3, 7, 9, 11, 13, 14) LB=2100 reserve=1 cap=1200.0 workers=20
# [v2] mask (0, 3, 7, 9, 11, 13, 14) main_const=1697 vfloor=403 (LB=2100)
# enumerating BLANK-AWARE band (nominal - deficit > 403) ...
# 0 combos in band (capped=False), collected 0; enum 0s; 0 already in ledger
# ledger: 0 UNSAT, 0 SAT, 0 UNKNOWN, 0 ERROR already; 0 to test
# engine=pinbatch base=/home/bob/programming/scrabble4/experiments/results/oracle_parallel/bases_dutch2026/flauwekulexcuus/base_0_3_7_9_11_13_14.txt PINWALL=5s audit=1/1000
mask (0, 3, 7, 9, 11, 13, 14) at LB=2100: 0 band combos ALL SAFE (no grid beats 2100)
VERDICT: CERTIFIED <= 2100
{"mask": [0, 3, 7, 9, 11, 13, 14], "verdict": "CERTIFIED", "lb": 2100, "count": 0}
=== flauwekulexcuus 0,3,7,9,11,12,14 (UB 2123) ===
# [v2] word=flauwekulexcuus mask=(0, 3, 7, 9, 11, 12, 14) LB=2100 reserve=1 cap=1200.0 workers=20
# [v2] mask (0, 3, 7, 9, 11, 12, 14) main_const=1697 vfloor=403 (LB=2100)
# enumerating BLANK-AWARE band (nominal - deficit > 403) ...
# 0 combos in band (capped=False), collected 0; enum 0s; 0 already in ledger
# ledger: 0 UNSAT, 0 SAT, 0 UNKNOWN, 0 ERROR already; 0 to test
# engine=pinbatch base=/home/bob/programming/scrabble4/experiments/results/oracle_parallel/bases_dutch2026/flauwekulexcuus/base_0_3_7_9_11_12_14.txt PINWALL=5s audit=1/1000
mask (0, 3, 7, 9, 11, 12, 14) at LB=2100: 0 band combos ALL SAFE (no grid beats 2100)
VERDICT: CERTIFIED <= 2100
{"mask": [0, 3, 7, 9, 11, 12, 14], "verdict": "CERTIFIED", "lb": 2100, "count": 0}
=== flauwekulexcuus 0,3,5,7,11,13,14 (UB 2123) ===
# [v2] word=flauwekulexcuus mask=(0, 3, 5, 7, 11, 13, 14) LB=2100 reserve=1 cap=1200.0 workers=20
# [v2] mask (0, 3, 5, 7, 11, 13, 14) main_const=1697 vfloor=403 (LB=2100)
# enumerating BLANK-AWARE band (nominal - deficit > 403) ...
# 0 combos in band (capped=False), collected 0; enum 1s; 0 already in ledger
# ledger: 0 UNSAT, 0 SAT, 0 UNKNOWN, 0 ERROR already; 0 to test
# engine=pinbatch base=/home/bob/programming/scrabble4/experiments/results/oracle_parallel/bases_dutch2026/flauwekulexcuus/base_0_3_5_7_11_13_14.txt PINWALL=5s audit=1/1000
mask (0, 3, 5, 7, 11, 13, 14) at LB=2100: 0 band combos ALL SAFE (no grid beats 2100)
VERDICT: CERTIFIED <= 2100
{"mask": [0, 3, 5, 7, 11, 13, 14], "verdict": "CERTIFIED", "lb": 2100, "count": 0}
=== flauwekulexcuus 0,3,5,7,11,12,14 (UB 2123) ===
# [v2] word=flauwekulexcuus mask=(0, 3, 5, 7, 11, 12, 14) LB=2100 reserve=1 cap=1200.0 workers=20
# [v2] mask (0, 3, 5, 7, 11, 12, 14) main_const=1697 vfloor=403 (LB=2100)
# enumerating BLANK-AWARE band (nominal - deficit > 403) ...
# 0 combos in band (capped=False), collected 0; enum 0s; 0 already in ledger
# ledger: 0 UNSAT, 0 SAT, 0 UNKNOWN, 0 ERROR already; 0 to test
# engine=pinbatch base=/home/bob/programming/scrabble4/experiments/results/oracle_parallel/bases_dutch2026/flauwekulexcuus/base_0_3_5_7_11_12_14.txt PINWALL=5s audit=1/1000
mask (0, 3, 5, 7, 11, 12, 14) at LB=2100: 0 band combos ALL SAFE (no grid beats 2100)
VERDICT: CERTIFIED <= 2100
{"mask": [0, 3, 5, 7, 11, 12, 14], "verdict": "CERTIFIED", "lb": 2100, "count": 0}
=== flauwekulexcuus 0,3,7,11,12,13,14 (UB 2113) ===
# [v2] word=flauwekulexcuus mask=(0, 3, 7, 11, 12, 13, 14) LB=2100 reserve=1 cap=1200.0 workers=20
# [v2] mask (0, 3, 7, 11, 12, 13, 14) main_const=1697 vfloor=403 (LB=2100)
# enumerating BLANK-AWARE band (nominal - deficit > 403) ...
# 0 combos in band (capped=False), collected 0; enum 0s; 0 already in ledger
# ledger: 0 UNSAT, 0 SAT, 0 UNKNOWN, 0 ERROR already; 0 to test
# engine=pinbatch base=/home/bob/programming/scrabble4/experiments/results/oracle_parallel/bases_dutch2026/flauwekulexcuus/base_0_3_7_11_12_13_14.txt PINWALL=5s audit=1/1000
mask (0, 3, 7, 11, 12, 13, 14) at LB=2100: 0 band combos ALL SAFE (no grid beats 2100)
VERDICT: CERTIFIED <= 2100
{"mask": [0, 3, 7, 11, 12, 13, 14], "verdict": "CERTIFIED", "lb": 2100, "count": 0}
=== jacquardmachine 0,1,3,5,7,11,14 (UB 2122) ===
# [v2] word=jacquardmachine mask=(0, 1, 3, 5, 7, 11, 14) LB=2100 reserve=1 cap=1200.0 workers=20
# [v2] mask (0, 1, 3, 5, 7, 11, 14) main_const=1643 vfloor=457 (LB=2100)
# enumerating BLANK-AWARE band (nominal - deficit > 457) ...
# 0 combos in band (capped=False), collected 0; enum 0s; 0 already in ledger
# ledger: 0 UNSAT, 0 SAT, 0 UNKNOWN, 0 ERROR already; 0 to test
# engine=pinbatch base=/home/bob/programming/scrabble4/experiments/results/oracle_parallel/bases_dutch2026/jacquardmachine/base_0_1_3_5_7_11_14.txt PINWALL=5s audit=1/1000
mask (0, 1, 3, 5, 7, 11, 14) at LB=2100: 0 band combos ALL SAFE (no grid beats 2100)
VERDICT: CERTIFIED <= 2100
{"mask": [0, 1, 3, 5, 7, 11, 14], "verdict": "CERTIFIED", "lb": 2100, "count": 0}
=== jacquardmachine 0,2,3,5,7,11,14 (UB 2118) ===
# [v2] word=jacquardmachine mask=(0, 2, 3, 5, 7, 11, 14) LB=2100 reserve=1 cap=1200.0 workers=20
# [v2] mask (0, 2, 3, 5, 7, 11, 14) main_const=1643 vfloor=457 (LB=2100)
# enumerating BLANK-AWARE band (nominal - deficit > 457) ...
# 0 combos in band (capped=False), collected 0; enum 0s; 0 already in ledger
# ledger: 0 UNSAT, 0 SAT, 0 UNKNOWN, 0 ERROR already; 0 to test
# engine=pinbatch base=/home/bob/programming/scrabble4/experiments/results/oracle_parallel/bases_dutch2026/jacquardmachine/base_0_2_3_5_7_11_14.txt PINWALL=5s audit=1/1000
mask (0, 2, 3, 5, 7, 11, 14) at LB=2100: 0 band combos ALL SAFE (no grid beats 2100)
VERDICT: CERTIFIED <= 2100
{"mask": [0, 2, 3, 5, 7, 11, 14], "verdict": "CERTIFIED", "lb": 2100, "count": 0}
=== jacquardmachine 0,1,3,4,7,11,14 (UB 2109) ===
# [v2] word=jacquardmachine mask=(0, 1, 3, 4, 7, 11, 14) LB=2100 reserve=1 cap=1200.0 workers=20
# [v2] mask (0, 1, 3, 4, 7, 11, 14) main_const=1643 vfloor=457 (LB=2100)
# enumerating BLANK-AWARE band (nominal - deficit > 457) ...
# 0 combos in band (capped=False), collected 0; enum 0s; 0 already in ledger
# ledger: 0 UNSAT, 0 SAT, 0 UNKNOWN, 0 ERROR already; 0 to test
# engine=pinbatch base=/home/bob/programming/scrabble4/experiments/results/oracle_parallel/bases_dutch2026/jacquardmachine/base_0_1_3_4_7_11_14.txt PINWALL=5s audit=1/1000
mask (0, 1, 3, 4, 7, 11, 14) at LB=2100: 0 band combos ALL SAFE (no grid beats 2100)
VERDICT: CERTIFIED <= 2100
{"mask": [0, 1, 3, 4, 7, 11, 14], "verdict": "CERTIFIED", "lb": 2100, "count": 0}
=== jacquardmachine 0,2,3,4,7,11,14 (UB 2105) ===
# [v2] word=jacquardmachine mask=(0, 2, 3, 4, 7, 11, 14) LB=2100 reserve=1 cap=1200.0 workers=20
# [v2] mask (0, 2, 3, 4, 7, 11, 14) main_const=1643 vfloor=457 (LB=2100)
# enumerating BLANK-AWARE band (nominal - deficit > 457) ...
# 0 combos in band (capped=False), collected 0; enum 0s; 0 already in ledger
# ledger: 0 UNSAT, 0 SAT, 0 UNKNOWN, 0 ERROR already; 0 to test
# engine=pinbatch base=/home/bob/programming/scrabble4/experiments/results/oracle_parallel/bases_dutch2026/jacquardmachine/base_0_2_3_4_7_11_14.txt PINWALL=5s audit=1/1000
mask (0, 2, 3, 4, 7, 11, 14) at LB=2100: 0 band combos ALL SAFE (no grid beats 2100)
VERDICT: CERTIFIED <= 2100
{"mask": [0, 2, 3, 4, 7, 11, 14], "verdict": "CERTIFIED", "lb": 2100, "count": 0}
=== chequeformulier 0,3,5,7,9,11,14 (UB 2113) ===
# [v2] word=chequeformulier mask=(0, 3, 5, 7, 9, 11, 14) LB=2100 reserve=1 cap=1200.0 workers=20
# [v2] mask (0, 3, 5, 7, 9, 11, 14) main_const=1643 vfloor=457 (LB=2100)
# enumerating BLANK-AWARE band (nominal - deficit > 457) ...
# 0 combos in band (capped=False), collected 0; enum 0s; 0 already in ledger
# ledger: 0 UNSAT, 0 SAT, 0 UNKNOWN, 0 ERROR already; 0 to test
# engine=pinbatch base=/home/bob/programming/scrabble4/experiments/results/oracle_parallel/bases_dutch2026/chequeformulier/base_0_3_5_7_9_11_14.txt PINWALL=5s audit=1/1000
mask (0, 3, 5, 7, 9, 11, 14) at LB=2100: 0 band combos ALL SAFE (no grid beats 2100)
VERDICT: CERTIFIED <= 2100
{"mask": [0, 3, 5, 7, 9, 11, 14], "verdict": "CERTIFIED", "lb": 2100, "count": 0}
=== chequeformulier 0,3,5,7,8,11,14 (UB 2107) ===
# [v2] word=chequeformulier mask=(0, 3, 5, 7, 8, 11, 14) LB=2100 reserve=1 cap=1200.0 workers=20
# [v2] mask (0, 3, 5, 7, 8, 11, 14) main_const=1643 vfloor=457 (LB=2100)
# enumerating BLANK-AWARE band (nominal - deficit > 457) ...
# 0 combos in band (capped=False), collected 0; enum 0s; 0 already in ledger
# ledger: 0 UNSAT, 0 SAT, 0 UNKNOWN, 0 ERROR already; 0 to test
# engine=pinbatch base=/home/bob/programming/scrabble4/experiments/results/oracle_parallel/bases_dutch2026/chequeformulier/base_0_3_5_7_8_11_14.txt PINWALL=5s audit=1/1000
mask (0, 3, 5, 7, 8, 11, 14) at LB=2100: 0 band combos ALL SAFE (no grid beats 2100)
VERDICT: CERTIFIED <= 2100
{"mask": [0, 3, 5, 7, 8, 11, 14], "verdict": "CERTIFIED", "lb": 2100, "count": 0}
THIN SWEEP DONE
=== flauwekulexcuus 0,3,6,7,11,13,14 (retry, UB 2127) ===
# [v2] word=flauwekulexcuus mask=(0, 3, 6, 7, 11, 13, 14) LB=2100 reserve=1 cap=1200.0 workers=20
# [v2] mask (0, 3, 6, 7, 11, 13, 14) main_const=1697 vfloor=403 (LB=2100)
# enumerating BLANK-AWARE band (nominal - deficit > 403) ...
# 0 combos in band (capped=False), collected 0; enum 0s; 0 already in ledger
# ledger: 0 UNSAT, 0 SAT, 0 UNKNOWN, 0 ERROR already; 0 to test
# engine=pinbatch base=/home/bob/programming/scrabble4/experiments/results/oracle_parallel/bases_dutch2026/flauwekulexcuus/base_0_3_6_7_11_13_14.txt PINWALL=5s audit=1/1000
mask (0, 3, 6, 7, 11, 13, 14) at LB=2100: 0 band combos ALL SAFE (no grid beats 2100)
VERDICT: CERTIFIED <= 2100
{"mask": [0, 3, 6, 7, 11, 13, 14], "verdict": "CERTIFIED", "lb": 2100, "count": 0}
=== flauwekulexcuus 0,3,6,7,11,12,14 (retry, UB 2127) ===
# [v2] word=flauwekulexcuus mask=(0, 3, 6, 7, 11, 12, 14) LB=2100 reserve=1 cap=1200.0 workers=20
# [v2] mask (0, 3, 6, 7, 11, 12, 14) main_const=1697 vfloor=403 (LB=2100)
# enumerating BLANK-AWARE band (nominal - deficit > 403) ...
# 0 combos in band (capped=False), collected 0; enum 0s; 0 already in ledger
# ledger: 0 UNSAT, 0 SAT, 0 UNKNOWN, 0 ERROR already; 0 to test
# engine=pinbatch base=/home/bob/programming/scrabble4/experiments/results/oracle_parallel/bases_dutch2026/flauwekulexcuus/base_0_3_6_7_11_12_14.txt PINWALL=5s audit=1/1000
mask (0, 3, 6, 7, 11, 12, 14) at LB=2100: 0 band combos ALL SAFE (no grid beats 2100)
VERDICT: CERTIFIED <= 2100
{"mask": [0, 3, 6, 7, 11, 12, 14], "verdict": "CERTIFIED", "lb": 2100, "count": 0}
