wrote dict experiments/xtests/dict_11.txt
band=1365848 (UB>253)  cached=0  todo=1365848  geom-already-passed=0
  [geom] cut=3374 survivors=1626 (31s)
  [geom] cut=6393 survivors=3607 (31s)
  [geom] cut=9455 survivors=5545 (31s)
  [geom] cut=13241 survivors=6759 (31s)
  [geom] cut=16022 survivors=8978 (31s)
  [geom] cut=19119 survivors=10881 (32s)
  [geom] cut=22327 survivors=12673 (32s)
  [geom] cut=25793 survivors=14207 (32s)
  [geom] cut=29122 survivors=15878 (32s)
  [geom] cut=30967 survivors=19033 (33s)
  [geom] cut=32938 survivors=22062 (33s)
  [geom] cut=35219 survivors=24781 (33s)
  [geom] cut=37721 survivors=27279 (58s)
  [geom] cut=40124 survivors=29876 (60s)
  [geom] cut=42578 survivors=32422 (60s)
  [geom] cut=45742 survivors=34258 (60s)
  [geom] cut=48349 survivors=36651 (60s)
  [geom] cut=51687 survivors=38313 (60s)
  [geom] cut=55122 survivors=39878 (60s)
  [geom] cut=57268 survivors=42732 (60s)
  [geom] cut=58781 survivors=46219 (61s)
  [geom] cut=60601 survivors=49399 (61s)
  [geom] cut=62674 survivors=52326 (62s)
  [geom] cut=64497 survivors=55503 (62s)
  [geom] cut=66889 survivors=58111 (85s)
  [geom] cut=69631 survivors=60369 (86s)
  [geom] cut=71506 survivors=63494 (86s)
  [geom] cut=74504 survivors=65496 (86s)
  [geom] cut=76474 survivors=68526 (86s)
  [geom] cut=79343 survivors=70657 (87s)
  [geom] cut=82068 survivors=72932 (88s)
  [geom] cut=84919 survivors=75081 (88s)
  [geom] cut=88278 survivors=76722 (88s)
  [geom] cut=91447 survivors=78553 (89s)
  [geom] cut=94989 survivors=80011 (89s)
  [geom] cut=96329 survivors=83671 (90s)
  [geom] cut=97627 survivors=87373 (112s)
  [geom] cut=99125 survivors=90875 (113s)
  [geom] cut=101083 survivors=93917 (114s)
  [geom] cut=102880 survivors=97120 (114s)
  [geom] cut=104774 survivors=100226 (115s)
  [geom] cut=106484 survivors=103516 (115s)
  [geom] cut=109073 survivors=105927 (115s)
  [geom] cut=111243 survivors=108757 (115s)
  [geom] cut=113989 survivors=111011 (115s)
  [geom] cut=115699 survivors=114301 (115s)
  [geom] cut=118142 survivors=116858 (117s)
  [geom] cut=120926 survivors=119074 (117s)
  [geom] cut=122955 survivors=122045 (139s)
  [geom] cut=125646 survivors=124354 (140s)
  [geom] cut=128686 survivors=126314 (140s)
  [geom] cut=131029 survivors=128971 (141s)
  [geom] cut=134005 survivors=130995 (141s)
  [geom] cut=137382 survivors=132618 (141s)
  [geom] cut=140195 survivors=134805 (141s)
  [geom] cut=143816 survivors=136184 (141s)
  [geom] cut=146250 survivors=138750 (141s)
  [geom] cut=147136 survivors=142864 (141s)
  [geom] cut=148689 survivors=146311 (144s)
  [geom] cut=149420 survivors=150580 (145s)
  [geom] cut=150978 survivors=154022 (158s)
  [geom] cut=152097 survivors=157903 (165s)
  [geom] cut=153443 survivors=161557 (167s)
  [geom] cut=155549 survivors=164451 (167s)
  [geom] cut=156585 survivors=168415 (168s)
  [geom] cut=158390 survivors=171610 (168s)
  [geom] cut=160536 survivors=174464 (168s)
  [geom] cut=161540 survivors=178460 (168s)
  [geom] cut=163203 survivors=181797 (168s)
  [geom] cut=165459 survivors=184541 (168s)
  [geom] cut=167496 survivors=187504 (171s)
  [geom] cut=169309 survivors=190691 (172s)
  [geom] cut=171883 survivors=193117 (186s)
  [geom] cut=174171 survivors=195829 (192s)
  [geom] cut=175674 survivors=199326 (193s)
  [geom] cut=177653 survivors=202347 (193s)
  [geom] cut=180309 survivors=204691 (193s)
  [geom] cut=183096 survivors=206904 (193s)
  [geom] cut=184729 survivors=210271 (193s)
  [geom] cut=186881 survivors=213119 (193s)
  [geom] cut=189684 survivors=215316 (194s)
  [geom] cut=192985 survivors=217015 (195s)
  [geom] cut=194920 survivors=220080 (197s)
  [geom] cut=197285 survivors=222715 (198s)
  [geom] cut=200163 survivors=224837 (214s)
  [geom] cut=203770 survivors=226230 (218s)
  [geom] cut=206209 survivors=228791 (219s)
  [geom] cut=208940 survivors=231060 (219s)
  [geom] cut=212263 survivors=232737 (219s)
  [geom] cut=215339 survivors=234661 (219s)
  [geom] cut=217473 survivors=237527 (219s)
  [geom] cut=218215 survivors=241785 (220s)
  [geom] cut=219442 survivors=245558 (220s)
  [geom] cut=220917 survivors=249083 (222s)
  [geom] cut=221645 survivors=253355 (225s)
  [geom] cut=223106 survivors=256894 (226s)
  [geom] cut=224933 survivors=260067 (232s)
  [geom] cut=225705 survivors=264295 (242s)
  [geom] cut=227149 survivors=267851 (243s)
  [geom] cut=229137 survivors=270863 (245s)
  [geom] cut=230606 survivors=274394 (246s)
  [geom] cut=231838 survivors=278162 (246s)
  [geom] cut=233776 survivors=281224 (247s)
  [geom] cut=236359 survivors=283641 (247s)
  [geom] cut=237356 survivors=287644 (248s)
  [geom] cut=238703 survivors=291297 (251s)
  [geom] cut=240606 survivors=294394 (254s)
  [geom] cut=243001 survivors=296999 (254s)
  [geom] cut=245241 survivors=299759 (260s)
  [geom] cut=246824 survivors=303176 (271s)
  [geom] cut=249148 survivors=305852 (271s)
  [geom] cut=252049 survivors=307951 (272s)
  [geom] cut=254066 survivors=310934 (273s)
  [geom] cut=255561 survivors=314439 (274s)
  [geom] cut=257537 survivors=317463 (274s)
  [geom] cut=260116 survivors=319884 (274s)
  [geom] cut=263200 survivors=321800 (275s)
  [geom] cut=265484 survivors=324516 (278s)
  [geom] cut=267240 survivors=327760 (281s)
  [geom] cut=269555 survivors=330445 (281s)
  [geom] cut=272361 survivors=332639 (287s)
  [geom] cut=275691 survivors=334309 (297s)
  [geom] cut=278164 survivors=336836 (298s)
  [geom] cut=280243 survivors=339757 (300s)
  [geom] cut=282867 survivors=342133 (302s)
  [geom] cut=286048 survivors=343952 (302s)
  [geom] cut=289784 survivors=345216 (302s)
  [geom] cut=292377 survivors=347623 (302s)
  [geom] cut=294985 survivors=350015 (302s)
  [geom] cut=298188 survivors=351812 (306s)
  [geom] cut=302026 survivors=352974 (307s)
  [geom] cut=303369 survivors=356631 (307s)
  [geom] cut=304073 survivors=360927 (307s)
  [geom] cut=305413 survivors=364587 (310s)
  [geom] cut=307373 survivors=367627 (310s)
  [geom] cut=307982 survivors=372018 (325s)
  [geom] cut=308303 survivors=376697 (328s)
  [geom] cut=308833 survivors=381167 (328s)
  [geom] cut=309731 survivors=385269 (328s)
  [geom] cut=310867 survivors=389133 (328s)
  [geom] cut=312421 survivors=392579 (329s)
  [geom] cut=312681 survivors=397319 (330s)
  [geom] cut=313164 survivors=401836 (330s)
  [geom] cut=313784 survivors=406216 (333s)
  [geom] cut=314940 survivors=410060 (335s)
  [geom] cut=316121 survivors=413879 (336s)
  [geom] cut=317843 survivors=417157 (337s)
  [geom] cut=318635 survivors=421365 (351s)
  [geom] cut=319122 survivors=425878 (355s)
  [geom] cut=319805 survivors=430195 (355s)
  [geom] cut=320862 survivors=434138 (355s)
  [geom] cut=322105 survivors=437895 (355s)
  [geom] cut=323646 survivors=441354 (356s)
  [geom] cut=325914 survivors=444086 (356s)
  [geom] cut=326383 survivors=448617 (356s)
  [geom] cut=327077 survivors=452923 (360s)
  [geom] cut=327988 survivors=457012 (361s)
  [geom] cut=329314 survivors=460686 (363s)
  [geom] cut=330852 survivors=464148 (364s)
  [geom] cut=332638 survivors=467362 (379s)
  [geom] cut=335176 survivors=469824 (381s)
  [geom] cut=335787 survivors=474213 (382s)
  [geom] cut=336472 survivors=478528 (383s)
  [geom] cut=337426 survivors=482574 (383s)
  [geom] cut=338659 survivors=486341 (385s)
  [geom] cut=340063 survivors=489937 (385s)
  [geom] cut=341823 survivors=493177 (385s)
  [geom] cut=343851 survivors=496149 (388s)
  [geom] cut=346409 survivors=498591 (388s)
  [geom] cut=347352 survivors=502648 (389s)
  [geom] cut=348438 survivors=506562 (391s)
  [geom] cut=349798 survivors=510202 (408s)
  [geom] cut=351444 survivors=513556 (408s)
  [geom] cut=353652 survivors=516348 (409s)
  [geom] cut=355887 survivors=519113 (411s)
  [geom] cut=358776 survivors=521224 (411s)
  [geom] cut=360029 survivors=524971 (411s)
  [geom] cut=361183 survivors=528817 (412s)
  [geom] cut=362332 survivors=532668 (413s)
  [geom] cut=363777 survivors=536223 (414s)
  [geom] cut=365500 survivors=539500 (416s)
  [geom] cut=367600 survivors=542400 (416s)
  [geom] cut=369925 survivors=545075 (417s)
  [geom] cut=372535 survivors=547465 (435s)
  [geom] cut=374813 survivors=550187 (435s)
  [geom] cut=376005 survivors=553995 (435s)
  [geom] cut=377411 survivors=557589 (435s)
  [geom] cut=379067 survivors=560933 (436s)
  [geom] cut=381072 survivors=563928 (438s)
  [geom] cut=383130 survivors=566870 (438s)
  [geom] cut=385533 survivors=569467 (439s)
  [geom] cut=388277 survivors=571723 (439s)
  [geom] cut=391128 survivors=573872 (441s)
  [geom] cut=392826 survivors=577174 (441s)
  [geom] cut=394364 survivors=580636 (444s)
  [geom] cut=396155 survivors=583845 (459s)
  [geom] cut=398256 survivors=586744 (461s)
  [geom] cut=400611 survivors=589389 (462s)
  [geom] cut=403351 survivors=591649 (463s)
  [geom] cut=406207 survivors=593793 (463s)
  [geom] cut=409314 survivors=595686 (463s)
  [geom] cut=411395 survivors=598605 (464s)
  [geom] cut=413296 survivors=601704 (465s)
  [geom] cut=415535 survivors=604465 (465s)
  [geom] cut=418186 survivors=606814 (466s)
  [geom] cut=420903 survivors=609097 (466s)
  [geom] cut=424176 survivors=610824 (468s)
  [geom] cut=427837 survivors=612163 (484s)
  [geom] cut=428727 survivors=616273 (484s)
  [geom] cut=430372 survivors=619628 (484s)
  [geom] cut=432602 survivors=622398 (484s)
  [geom] cut=433846 survivors=626154 (485s)
  [geom] cut=434390 survivors=630610 (489s)
  [geom] cut=435381 survivors=634619 (489s)
  [geom] cut=436756 survivors=638244 (489s)
  [geom] cut=438612 survivors=641388 (490s)
  [geom] cut=439636 survivors=645364 (491s)
  [geom] cut=440330 survivors=649670 (493s)
  [geom] cut=441288 survivors=653712 (494s)
  [geom] cut=442819 survivors=657181 (499s)
  [geom] cut=444540 survivors=660460 (499s)
  [geom] cut=446696 survivors=663304 (500s)
  [geom] cut=447348 survivors=667652 (509s)
  [geom] cut=448326 survivors=671674 (511s)
  [geom] cut=449588 survivors=675412 (514s)
  [geom] cut=451371 survivors=678629 (514s)
  [geom] cut=453435 survivors=681565 (515s)
  [geom] cut=455760 survivors=684240 (516s)
  [geom] cut=456615 survivors=688385 (517s)
  [geom] cut=457854 survivors=692146 (519s)
  [geom] cut=459376 survivors=695624 (520s)
  [geom] cut=461435 survivors=698565 (525s)
  [geom] cut=463748 survivors=701252 (525s)
  [geom] cut=466265 survivors=703735 (526s)
  [geom] cut=467280 survivors=707720 (534s)
  [geom] cut=468441 survivors=711559 (538s)
  [geom] cut=469959 survivors=715041 (540s)
  [geom] cut=471832 survivors=718168 (541s)
  [geom] cut=474014 survivors=720986 (542s)
  [geom] cut=476620 survivors=723380 (542s)
  [geom] cut=479266 survivors=725734 (542s)
  [geom] cut=480665 survivors=729335 (545s)
  [geom] cut=482349 survivors=732651 (546s)
  [geom] cut=484390 survivors=735610 (550s)
  [geom] cut=487143 survivors=737857 (551s)
  [geom] cut=489934 survivors=740066 (551s)
  [geom] cut=492798 survivors=742202 (559s)
  [geom] cut=494235 survivors=745765 (564s)
  [geom] cut=496013 survivors=748987 (566s)
  [geom] cut=497795 survivors=752205 (567s)
  [geom] cut=500023 survivors=754977 (567s)
  [geom] cut=502755 survivors=757245 (569s)
  [geom] cut=505523 survivors=759477 (569s)
  [geom] cut=508726 survivors=761274 (570s)
  [geom] cut=510535 survivors=764465 (572s)
  [geom] cut=512350 survivors=767650 (576s)
  [geom] cut=514574 survivors=770426 (576s)
  [geom] cut=516954 survivors=773046 (577s)
  [geom] cut=519909 survivors=775091 (584s)
  [geom] cut=523019 survivors=776981 (590s)
  [geom] cut=526335 survivors=778665 (590s)
  [geom] cut=528427 survivors=781573 (593s)
  [geom] cut=530584 survivors=784416 (593s)
  [geom] cut=533105 survivors=786895 (593s)
  [geom] cut=535811 survivors=789189 (594s)
  [geom] cut=539119 survivors=790881 (595s)
  [geom] cut=542635 survivors=792365 (596s)
  [geom] cut=545755 survivors=794245 (600s)
  [geom] cut=548275 survivors=796725 (601s)
  [geom] cut=550919 survivors=799081 (601s)
  [geom] cut=554041 survivors=800959 (606s)
  [geom] cut=557605 survivors=802395 (611s)
  [geom] cut=561525 survivors=803475 (611s)
  [geom] cut=562327 survivors=803521 (611s)
  [passA] 500/803521 tos=0 (613s)
  [passA] 1000/803521 tos=0 (613s)
  [passA] 1500/803521 tos=0 (613s)
  [passA] 2000/803521 tos=0 (613s)
  [passA] 2500/803521 tos=0 (613s)
  [passA] 3000/803521 tos=0 (613s)
  [passA] 3500/803521 tos=0 (613s)
  [passA] 4000/803521 tos=0 (613s)
  [passA] 4500/803521 tos=0 (613s)
  [passA] 5000/803521 tos=0 (613s)
  [passA] 5500/803521 tos=0 (613s)
  [passA] 6000/803521 tos=0 (613s)
  [passA] 6500/803521 tos=0 (613s)
  [passA] 7000/803521 tos=0 (613s)
  [passA] 7500/803521 tos=0 (613s)
  [passA] 8000/803521 tos=0 (613s)
  [passA] 8500/803521 tos=0 (613s)
  [passA] 9000/803521 tos=0 (613s)
  [passA] 9500/803521 tos=0 (613s)
  [passA] 10000/803521 tos=0 (613s)
  [passA] 10500/803521 tos=0 (613s)
  [passA] 11000/803521 tos=0 (613s)
  [passA] 11500/803521 tos=0 (613s)
  [passA] 12000/803521 tos=0 (613s)
  [passA] 12500/803521 tos=0 (613s)
  [passA] 13000/803521 tos=0 (613s)
  [passA] 13500/803521 tos=0 (613s)
  [passA] 14000/803521 tos=0 (613s)
  [passA] 14500/803521 tos=0 (613s)
  [passA] 15000/803521 tos=0 (613s)
  [passA] 15500/803521 tos=0 (614s)
  [passA] 16000/803521 tos=0 (614s)
  [passA] 16500/803521 tos=0 (614s)
  [passA] 17000/803521 tos=0 (614s)
  [passA] 17500/803521 tos=0 (614s)
  [passA] 18000/803521 tos=0 (614s)
  [passA] 18500/803521 tos=0 (614s)
  [passA] 19000/803521 tos=0 (614s)
  [passA] 19500/803521 tos=0 (614s)
  [passA] 20000/803521 tos=0 (614s)
  [passA] 20500/803521 tos=0 (614s)
  [passA] 21000/803521 tos=0 (614s)
  [passA] 21500/803521 tos=0 (614s)
  [passA] 22000/803521 tos=0 (614s)
  [passA] 22500/803521 tos=0 (614s)
  [passA] 23000/803521 tos=0 (614s)
  [passA] 23500/803521 tos=0 (614s)
  [passA] 24000/803521 tos=0 (614s)
  [passA] 24500/803521 tos=0 (614s)
  [passA] 25000/803521 tos=0 (614s)
  [passA] 25500/803521 tos=0 (614s)
  [passA] 26000/803521 tos=0 (614s)
  [passA] 26500/803521 tos=0 (614s)
  [passA] 27000/803521 tos=0 (614s)
  [passA] 27500/803521 tos=0 (614s)
  [passA] 28000/803521 tos=0 (614s)
  [passA] 28500/803521 tos=0 (614s)
  [passA] 29000/803521 tos=0 (614s)
  [passA] 29500/803521 tos=0 (614s)
  [passA] 30000/803521 tos=0 (614s)
  [passA] 30500/803521 tos=0 (614s)
  [passA] 31000/803521 tos=0 (614s)
  [passA] 31500/803521 tos=0 (614s)
  [passA] 32000/803521 tos=0 (614s)
  [passA] 32500/803521 tos=0 (614s)
  [passA] 33000/803521 tos=0 (614s)
  [passA] 33500/803521 tos=0 (614s)
  [passA] 34000/803521 tos=0 (614s)
  [passA] 34500/803521 tos=0 (614s)
  [passA] 35000/803521 tos=0 (614s)
  [passA] 35500/803521 tos=0 (614s)
  [passA] 36000/803521 tos=0 (614s)
  [passA] 36500/803521 tos=0 (614s)
  [passA] 37000/803521 tos=0 (614s)
  [passA] 37500/803521 tos=0 (614s)
  [passA] 38000/803521 tos=0 (614s)
  [passA] 38500/803521 tos=0 (614s)
  [passA] 39000/803521 tos=0 (614s)
  [passA] 39500/803521 tos=0 (615s)
  [passA] 40000/803521 tos=0 (615s)
  [passA] 40500/803521 tos=0 (615s)
  [passA] 41000/803521 tos=0 (615s)
  [passA] 41500/803521 tos=0 (615s)
  [passA] 42000/803521 tos=0 (615s)
  [passA] 42500/803521 tos=0 (615s)
  [passA] 43000/803521 tos=0 (615s)
  [passA] 43500/803521 tos=0 (615s)
  [passA] 44000/803521 tos=0 (615s)
  [passA] 44500/803521 tos=0 (615s)
  [passA] 45000/803521 tos=0 (615s)
  [passA] 45500/803521 tos=0 (615s)
  [passA] 46000/803521 tos=0 (615s)
  [passA] 46500/803521 tos=0 (615s)
  [passA] 47000/803521 tos=0 (615s)
  [passA] 47500/803521 tos=0 (615s)
  [passA] 48000/803521 tos=0 (615s)
  [passA] 48500/803521 tos=0 (615s)
  [passA] 49000/803521 tos=0 (615s)
  [passA] 49500/803521 tos=0 (615s)
  [passA] 50000/803521 tos=0 (615s)
  [passA] 50500/803521 tos=0 (615s)
  [passA] 51000/803521 tos=0 (615s)
  [passA] 51500/803521 tos=0 (615s)
  [passA] 52000/803521 tos=0 (615s)
  [passA] 52500/803521 tos=0 (615s)
  [passA] 53000/803521 tos=0 (615s)
  [passA] 53500/803521 tos=0 (615s)
  [passA] 54000/803521 tos=0 (615s)
  [passA] 54500/803521 tos=0 (615s)
  [passA] 55000/803521 tos=0 (615s)
  [passA] 55500/803521 tos=0 (615s)
  [passA] 56000/803521 tos=0 (615s)
  [passA] 56500/803521 tos=0 (615s)
  [passA] 57000/803521 tos=0 (615s)
  [passA] 57500/803521 tos=0 (615s)
  [passA] 58000/803521 tos=0 (615s)
  [passA] 58500/803521 tos=0 (615s)
  [passA] 59000/803521 tos=0 (615s)
  [passA] 59500/803521 tos=0 (615s)
  [passA] 60000/803521 tos=0 (615s)
  [passA] 60500/803521 tos=0 (615s)
  [passA] 61000/803521 tos=0 (615s)
  [passA] 61500/803521 tos=0 (615s)
  [passA] 62000/803521 tos=0 (615s)
  [passA] 62500/803521 tos=0 (615s)
  [passA] 63000/803521 tos=0 (616s)
  [passA] 63500/803521 tos=0 (616s)
  [passA] 64000/803521 tos=0 (616s)
  [passA] 64500/803521 tos=0 (616s)
  [passA] 65000/803521 tos=0 (616s)
  [passA] 65500/803521 tos=0 (616s)
  [passA] 66000/803521 tos=0 (616s)
  [passA] 66500/803521 tos=0 (616s)
  [passA] 67000/803521 tos=0 (616s)
  [passA] 67500/803521 tos=0 (616s)
  [passA] 68000/803521 tos=0 (616s)
  [passA] 68500/803521 tos=0 (616s)
  [passA] 69000/803521 tos=0 (616s)
  [passA] 69500/803521 tos=0 (616s)
  [passA] 70000/803521 tos=0 (616s)
  [passA] 70500/803521 tos=0 (616s)
  [passA] 71000/803521 tos=0 (616s)
  [passA] 71500/803521 tos=0 (616s)
  [passA] 72000/803521 tos=0 (616s)
  [passA] 72500/803521 tos=0 (616s)
  [passA] 73000/803521 tos=0 (616s)
  [passA] 73500/803521 tos=0 (616s)
  [passA] 74000/803521 tos=0 (616s)
  [passA] 74500/803521 tos=0 (616s)
  [passA] 75000/803521 tos=0 (616s)
  [passA] 75500/803521 tos=0 (616s)
  [passA] 76000/803521 tos=0 (616s)
  [passA] 76500/803521 tos=0 (616s)
  [passA] 77000/803521 tos=0 (616s)
  [passA] 77500/803521 tos=0 (616s)
  [passA] 78000/803521 tos=0 (616s)
  [passA] 78500/803521 tos=0 (616s)
  [passA] 79000/803521 tos=0 (616s)
  [passA] 79500/803521 tos=0 (616s)
  [passA] 80000/803521 tos=0 (616s)
  [passA] 80500/803521 tos=0 (616s)
  [passA] 81000/803521 tos=0 (616s)
  [passA] 81500/803521 tos=0 (616s)
  [passA] 82000/803521 tos=0 (616s)
  [passA] 82500/803521 tos=0 (616s)
  [passA] 83000/803521 tos=0 (616s)
  [passA] 83500/803521 tos=0 (616s)
  [passA] 84000/803521 tos=0 (616s)
  [passA] 84500/803521 tos=0 (616s)
  [passA] 85000/803521 tos=0 (616s)
  [passA] 85500/803521 tos=0 (616s)
  [passA] 86000/803521 tos=0 (616s)
  [passA] 86500/803521 tos=0 (616s)
  [passA] 87000/803521 tos=0 (616s)
  [passA] 87500/803521 tos=0 (616s)
  [passA] 88000/803521 tos=0 (616s)
  [passA] 88500/803521 tos=0 (616s)
  [passA] 89000/803521 tos=0 (616s)
  [passA] 89500/803521 tos=0 (616s)
  [passA] 90000/803521 tos=0 (617s)
  [passA] 90500/803521 tos=0 (617s)
  [passA] 91000/803521 tos=0 (617s)
  [passA] 91500/803521 tos=0 (617s)
  [passA] 92000/803521 tos=0 (617s)
  [passA] 92500/803521 tos=0 (617s)
  [passA] 93000/803521 tos=0 (617s)
  [passA] 93500/803521 tos=0 (617s)
  [passA] 94000/803521 tos=0 (617s)
  [passA] 94500/803521 tos=0 (617s)
  [passA] 95000/803521 tos=0 (617s)
  [passA] 95500/803521 tos=0 (617s)
  [passA] 96000/803521 tos=0 (617s)
  [passA] 96500/803521 tos=0 (617s)
  [passA] 97000/803521 tos=0 (617s)
  [passA] 97500/803521 tos=0 (617s)
  [passA] 98000/803521 tos=0 (617s)
  [passA] 98500/803521 tos=0 (617s)
  [passA] 99000/803521 tos=0 (617s)
  [passA] 99500/803521 tos=0 (617s)
  [passA] 100000/803521 tos=0 (617s)
  [passA] 100500/803521 tos=0 (617s)
  [passA] 101000/803521 tos=0 (617s)
  [passA] 101500/803521 tos=0 (617s)
  [passA] 102000/803521 tos=0 (617s)
  [passA] 102500/803521 tos=0 (617s)
  [passA] 103000/803521 tos=0 (617s)
  [passA] 103500/803521 tos=0 (617s)
  [passA] 104000/803521 tos=0 (617s)
  [passA] 104500/803521 tos=0 (617s)
  [passA] 105000/803521 tos=0 (617s)
  [passA] 105500/803521 tos=0 (617s)
  [passA] 106000/803521 tos=0 (617s)
  [passA] 106500/803521 tos=0 (617s)
  [passA] 107000/803521 tos=0 (617s)
  [passA] 107500/803521 tos=0 (617s)
  [passA] 108000/803521 tos=0 (617s)
  [passA] 108500/803521 tos=0 (617s)
  [passA] 109000/803521 tos=0 (617s)
  [passA] 109500/803521 tos=0 (617s)
  [passA] 110000/803521 tos=0 (617s)
  [passA] 110500/803521 tos=0 (617s)
  [passA] 111000/803521 tos=0 (617s)
  [passA] 111500/803521 tos=0 (617s)
  [passA] 112000/803521 tos=0 (617s)
  [passA] 112500/803521 tos=0 (617s)
  [passA] 113000/803521 tos=0 (617s)
  [passA] 113500/803521 tos=0 (617s)
  [passA] 114000/803521 tos=0 (617s)
  [passA] 114500/803521 tos=0 (617s)
  [passA] 115000/803521 tos=0 (617s)
  [passA] 115500/803521 tos=0 (617s)
  [passA] 116000/803521 tos=0 (617s)
  [passA] 116500/803521 tos=0 (618s)
  [passA] 117000/803521 tos=0 (618s)
  [passA] 117500/803521 tos=0 (618s)
  [passA] 118000/803521 tos=0 (618s)
  [passA] 118500/803521 tos=0 (618s)
  [passA] 119000/803521 tos=0 (618s)
  [passA] 119500/803521 tos=0 (618s)
  [passA] 120000/803521 tos=0 (618s)
  [passA] 120500/803521 tos=0 (618s)
  [passA] 121000/803521 tos=0 (618s)
  [passA] 121500/803521 tos=0 (618s)
  [passA] 122000/803521 tos=0 (618s)
  [passA] 122500/803521 tos=0 (618s)
  [passA] 123000/803521 tos=0 (618s)
  [passA] 123500/803521 tos=0 (618s)
  [passA] 124000/803521 tos=0 (618s)
  [passA] 124500/803521 tos=0 (618s)
  [passA] 125000/803521 tos=0 (618s)
  [passA] 125500/803521 tos=0 (618s)
  [passA] 126000/803521 tos=0 (618s)
  [passA] 126500/803521 tos=0 (618s)
  [passA] 127000/803521 tos=0 (618s)
  [passA] 127500/803521 tos=0 (618s)
  [passA] 128000/803521 tos=0 (618s)
  [passA] 128500/803521 tos=0 (618s)
  [passA] 129000/803521 tos=0 (618s)
  [passA] 129500/803521 tos=0 (618s)
  [passA] 130000/803521 tos=0 (618s)
  [passA] 130500/803521 tos=0 (618s)
  [passA] 131000/803521 tos=0 (618s)
  [passA] 131500/803521 tos=0 (618s)
  [passA] 132000/803521 tos=0 (618s)
  [passA] 132500/803521 tos=0 (618s)
  [passA] 133000/803521 tos=0 (618s)
  [passA] 133500/803521 tos=0 (618s)
  [passA] 134000/803521 tos=0 (618s)
  [passA] 134500/803521 tos=0 (618s)
  [passA] 135000/803521 tos=0 (618s)
  [passA] 135500/803521 tos=0 (618s)
  [passA] 136000/803521 tos=0 (618s)
  [passA] 136500/803521 tos=0 (618s)
  [passA] 137000/803521 tos=0 (618s)
  [passA] 137500/803521 tos=0 (618s)
  [passA] 138000/803521 tos=0 (618s)
  [passA] 138500/803521 tos=0 (618s)
  [passA] 139000/803521 tos=0 (618s)
  [passA] 139500/803521 tos=0 (618s)
  [passA] 140000/803521 tos=0 (618s)
  [passA] 140500/803521 tos=0 (618s)
  [passA] 141000/803521 tos=0 (618s)
  [passA] 141500/803521 tos=0 (618s)
  [passA] 142000/803521 tos=0 (618s)
  [passA] 142500/803521 tos=0 (618s)
  [passA] 143000/803521 tos=0 (618s)
  [passA] 143500/803521 tos=0 (618s)
  [passA] 144000/803521 tos=0 (618s)
  [passA] 144500/803521 tos=0 (619s)
  [passA] 145000/803521 tos=0 (619s)
  [passA] 145500/803521 tos=0 (619s)
  [passA] 146000/803521 tos=0 (619s)
  [passA] 146500/803521 tos=0 (619s)
  [passA] 147000/803521 tos=0 (619s)
  [passA] 147500/803521 tos=0 (619s)
  [passA] 148000/803521 tos=0 (619s)
  [passA] 148500/803521 tos=0 (619s)
  [passA] 149000/803521 tos=0 (619s)
  [passA] 149500/803521 tos=0 (619s)
  [passA] 150000/803521 tos=0 (619s)
  [passA] 150500/803521 tos=0 (619s)
  [passA] 151000/803521 tos=0 (619s)
  [passA] 151500/803521 tos=0 (619s)
  [passA] 152000/803521 tos=0 (619s)
  [passA] 152500/803521 tos=0 (619s)
  [passA] 153000/803521 tos=0 (619s)
  [passA] 153500/803521 tos=0 (619s)
  [passA] 154000/803521 tos=0 (619s)
  [passA] 154500/803521 tos=0 (619s)
  [passA] 155000/803521 tos=0 (619s)
  [passA] 155500/803521 tos=0 (619s)
  [passA] 156000/803521 tos=0 (619s)
  [passA] 156500/803521 tos=0 (619s)
  [passA] 157000/803521 tos=0 (619s)
  [passA] 157500/803521 tos=0 (619s)
  [passA] 158000/803521 tos=0 (619s)
  [passA] 158500/803521 tos=0 (619s)
  [passA] 159000/803521 tos=0 (619s)
  [passA] 159500/803521 tos=0 (619s)
  [passA] 160000/803521 tos=0 (619s)
  [passA] 160500/803521 tos=0 (619s)
  [passA] 161000/803521 tos=0 (619s)
  [passA] 161500/803521 tos=0 (619s)
  [passA] 162000/803521 tos=0 (619s)
  [passA] 162500/803521 tos=0 (619s)
  [passA] 163000/803521 tos=0 (619s)
  [passA] 163500/803521 tos=0 (619s)
  [passA] 164000/803521 tos=0 (619s)
  [passA] 164500/803521 tos=0 (619s)
  [passA] 165000/803521 tos=0 (619s)
  [passA] 165500/803521 tos=0 (619s)
  [passA] 166000/803521 tos=0 (619s)
  [passA] 166500/803521 tos=0 (619s)
  [passA] 167000/803521 tos=0 (619s)
  [passA] 167500/803521 tos=0 (619s)
  [passA] 168000/803521 tos=0 (619s)
  [passA] 168500/803521 tos=0 (619s)
  [passA] 169000/803521 tos=0 (619s)
  [passA] 169500/803521 tos=0 (619s)
  [passA] 170000/803521 tos=0 (619s)
  [passA] 170500/803521 tos=0 (619s)
  [passA] 171000/803521 tos=0 (619s)
  [passA] 171500/803521 tos=0 (619s)
  [passA] 172000/803521 tos=0 (619s)
  [passA] 172500/803521 tos=0 (619s)
  [passA] 173000/803521 tos=0 (620s)
  [passA] 173500/803521 tos=0 (620s)
  [passA] 174000/803521 tos=0 (620s)
  [passA] 174500/803521 tos=0 (620s)
  [passA] 175000/803521 tos=0 (620s)
  [passA] 175500/803521 tos=0 (620s)
  [passA] 176000/803521 tos=0 (620s)
  [passA] 176500/803521 tos=0 (620s)
  [passA] 177000/803521 tos=0 (620s)
  [passA] 177500/803521 tos=0 (620s)
  [passA] 178000/803521 tos=0 (620s)
  [passA] 178500/803521 tos=0 (620s)
  [passA] 179000/803521 tos=0 (620s)
  [passA] 179500/803521 tos=0 (620s)
  [passA] 180000/803521 tos=0 (620s)
  [passA] 180500/803521 tos=0 (620s)
  [passA] 181000/803521 tos=0 (620s)
  [passA] 181500/803521 tos=0 (620s)
  [passA] 182000/803521 tos=0 (620s)
  [passA] 182500/803521 tos=0 (620s)
  [passA] 183000/803521 tos=0 (620s)
  [passA] 183500/803521 tos=0 (620s)
  [passA] 184000/803521 tos=0 (620s)
  [passA] 184500/803521 tos=0 (620s)
  [passA] 185000/803521 tos=0 (620s)
  [passA] 185500/803521 tos=0 (620s)
  [passA] 186000/803521 tos=0 (620s)
  [passA] 186500/803521 tos=0 (620s)
  [passA] 187000/803521 tos=0 (620s)
  [passA] 187500/803521 tos=0 (620s)
  [passA] 188000/803521 tos=0 (620s)
  [passA] 188500/803521 tos=0 (620s)
  [passA] 189000/803521 tos=0 (620s)
  [passA] 189500/803521 tos=0 (620s)
  [passA] 190000/803521 tos=0 (620s)
  [passA] 190500/803521 tos=0 (620s)
  [passA] 191000/803521 tos=0 (620s)
  [passA] 191500/803521 tos=0 (620s)
  [passA] 192000/803521 tos=0 (620s)
  [passA] 192500/803521 tos=0 (620s)
  [passA] 193000/803521 tos=0 (620s)
  [passA] 193500/803521 tos=0 (620s)
  [passA] 194000/803521 tos=0 (620s)
  [passA] 194500/803521 tos=0 (620s)
  [passA] 195000/803521 tos=0 (620s)
  [passA] 195500/803521 tos=0 (620s)
  [passA] 196000/803521 tos=0 (620s)
  [passA] 196500/803521 tos=0 (620s)
  [passA] 197000/803521 tos=0 (620s)
  [passA] 197500/803521 tos=0 (620s)
  [passA] 198000/803521 tos=0 (620s)
  [passA] 198500/803521 tos=0 (620s)
  [passA] 199000/803521 tos=0 (620s)
  [passA] 199500/803521 tos=0 (620s)
  [passA] 200000/803521 tos=0 (620s)
  [passA] 200500/803521 tos=0 (620s)
  [passA] 201000/803521 tos=0 (620s)
  [passA] 201500/803521 tos=0 (621s)
  [passA] 202000/803521 tos=0 (621s)
  [passA] 202500/803521 tos=0 (621s)
  [passA] 203000/803521 tos=0 (621s)
  [passA] 203500/803521 tos=0 (621s)
  [passA] 204000/803521 tos=0 (621s)
  [passA] 204500/803521 tos=0 (621s)
  [passA] 205000/803521 tos=0 (621s)
  [passA] 205500/803521 tos=0 (621s)
  [passA] 206000/803521 tos=0 (621s)
  [passA] 206500/803521 tos=0 (621s)
  [passA] 207000/803521 tos=0 (621s)
  [passA] 207500/803521 tos=0 (621s)
  [passA] 208000/803521 tos=0 (621s)
  [passA] 208500/803521 tos=0 (621s)
  [passA] 209000/803521 tos=0 (621s)
  [passA] 209500/803521 tos=0 (621s)
  [passA] 210000/803521 tos=0 (621s)
  [passA] 210500/803521 tos=0 (621s)
  [passA] 211000/803521 tos=0 (621s)
  [passA] 211500/803521 tos=0 (621s)
  [passA] 212000/803521 tos=0 (621s)
  [passA] 212500/803521 tos=0 (621s)
  [passA] 213000/803521 tos=0 (621s)
  [passA] 213500/803521 tos=0 (621s)
  [passA] 214000/803521 tos=0 (621s)
  [passA] 214500/803521 tos=0 (621s)
  [passA] 215000/803521 tos=0 (621s)
  [passA] 215500/803521 tos=0 (621s)
  [passA] 216000/803521 tos=0 (621s)
  [passA] 216500/803521 tos=0 (621s)
  [passA] 217000/803521 tos=0 (621s)
  [passA] 217500/803521 tos=0 (621s)
  [passA] 218000/803521 tos=0 (621s)
  [passA] 218500/803521 tos=0 (621s)
  [passA] 219000/803521 tos=0 (621s)
  [passA] 219500/803521 tos=0 (621s)
  [passA] 220000/803521 tos=0 (621s)
  [passA] 220500/803521 tos=0 (621s)
  [passA] 221000/803521 tos=0 (621s)
  [passA] 221500/803521 tos=0 (621s)
  [passA] 222000/803521 tos=0 (621s)
  [passA] 222500/803521 tos=0 (621s)
  [passA] 223000/803521 tos=0 (621s)
  [passA] 223500/803521 tos=0 (621s)
  [passA] 224000/803521 tos=0 (621s)
  [passA] 224500/803521 tos=0 (621s)
  [passA] 225000/803521 tos=0 (621s)
  [passA] 225500/803521 tos=0 (621s)
  [passA] 226000/803521 tos=0 (621s)
  [passA] 226500/803521 tos=0 (621s)
  [passA] 227000/803521 tos=0 (621s)
  [passA] 227500/803521 tos=0 (621s)
  [passA] 228000/803521 tos=0 (621s)
  [passA] 228500/803521 tos=0 (621s)
  [passA] 229000/803521 tos=0 (621s)
  [passA] 229500/803521 tos=0 (621s)
  [passA] 230000/803521 tos=0 (622s)
  [passA] 230500/803521 tos=0 (622s)
  [passA] 231000/803521 tos=0 (622s)
  [passA] 231500/803521 tos=0 (622s)
  [passA] 232000/803521 tos=0 (622s)
  [passA] 232500/803521 tos=0 (622s)
  [passA] 233000/803521 tos=0 (622s)
  [passA] 233500/803521 tos=0 (622s)
  [passA] 234000/803521 tos=0 (622s)
  [passA] 234500/803521 tos=0 (622s)
  [passA] 235000/803521 tos=0 (622s)
  [passA] 235500/803521 tos=0 (622s)
  [passA] 236000/803521 tos=0 (622s)
  [passA] 236500/803521 tos=0 (622s)
  [passA] 237000/803521 tos=0 (622s)
  [passA] 237500/803521 tos=0 (622s)
  [passA] 238000/803521 tos=0 (622s)
  [passA] 238500/803521 tos=0 (622s)
  [passA] 239000/803521 tos=0 (622s)
  [passA] 239500/803521 tos=0 (622s)
  [passA] 240000/803521 tos=0 (622s)
  [passA] 240500/803521 tos=0 (622s)
  [passA] 241000/803521 tos=0 (622s)
  [passA] 241500/803521 tos=0 (622s)
  [passA] 242000/803521 tos=0 (622s)
  [passA] 242500/803521 tos=0 (622s)
  [passA] 243000/803521 tos=0 (622s)
  [passA] 243500/803521 tos=0 (622s)
  [passA] 244000/803521 tos=0 (622s)
  [passA] 244500/803521 tos=0 (622s)
  [passA] 245000/803521 tos=0 (622s)
  [passA] 245500/803521 tos=0 (622s)
  [passA] 246000/803521 tos=0 (622s)
  [passA] 246500/803521 tos=0 (622s)
  [passA] 247000/803521 tos=0 (622s)
  [passA] 247500/803521 tos=0 (622s)
  [passA] 248000/803521 tos=0 (622s)
  [passA] 248500/803521 tos=0 (622s)
  [passA] 249000/803521 tos=0 (622s)
  [passA] 249500/803521 tos=0 (622s)
  [passA] 250000/803521 tos=0 (622s)
  [passA] 250500/803521 tos=0 (622s)
  [passA] 251000/803521 tos=0 (622s)
  [passA] 251500/803521 tos=0 (622s)
  [passA] 252000/803521 tos=0 (622s)
  [passA] 252500/803521 tos=0 (622s)
  [passA] 253000/803521 tos=0 (622s)
  [passA] 253500/803521 tos=0 (622s)
  [passA] 254000/803521 tos=0 (622s)
  [passA] 254500/803521 tos=0 (622s)
  [passA] 255000/803521 tos=0 (622s)
  [passA] 255500/803521 tos=0 (622s)
  [passA] 256000/803521 tos=0 (622s)
  [passA] 256500/803521 tos=0 (622s)
  [passA] 257000/803521 tos=0 (622s)
  [passA] 257500/803521 tos=0 (622s)
  [passA] 258000/803521 tos=0 (623s)
  [passA] 258500/803521 tos=0 (623s)
  [passA] 259000/803521 tos=0 (623s)
  [passA] 259500/803521 tos=0 (623s)
  [passA] 260000/803521 tos=0 (623s)
  [passA] 260500/803521 tos=0 (623s)
  [passA] 261000/803521 tos=0 (623s)
  [passA] 261500/803521 tos=0 (623s)
  [passA] 262000/803521 tos=0 (623s)
  [passA] 262500/803521 tos=0 (623s)
  [passA] 263000/803521 tos=0 (623s)
  [passA] 263500/803521 tos=0 (623s)
  [passA] 264000/803521 tos=0 (623s)
  [passA] 264500/803521 tos=0 (623s)
  [passA] 265000/803521 tos=0 (623s)
  [passA] 265500/803521 tos=0 (623s)
  [passA] 266000/803521 tos=0 (623s)
  [passA] 266500/803521 tos=0 (623s)
  [passA] 267000/803521 tos=0 (623s)
  [passA] 267500/803521 tos=0 (623s)
  [passA] 268000/803521 tos=0 (623s)
  [passA] 268500/803521 tos=0 (623s)
  [passA] 269000/803521 tos=0 (623s)
  [passA] 269500/803521 tos=0 (623s)
  [passA] 270000/803521 tos=0 (623s)
  [passA] 270500/803521 tos=0 (623s)
  [passA] 271000/803521 tos=0 (623s)
  [passA] 271500/803521 tos=0 (623s)
  [passA] 272000/803521 tos=0 (623s)
  [passA] 272500/803521 tos=0 (623s)
  [passA] 273000/803521 tos=0 (623s)
  [passA] 273500/803521 tos=0 (623s)
  [passA] 274000/803521 tos=0 (623s)
  [passA] 274500/803521 tos=0 (623s)
  [passA] 275000/803521 tos=0 (623s)
  [passA] 275500/803521 tos=0 (623s)
  [passA] 276000/803521 tos=0 (623s)
  [passA] 276500/803521 tos=0 (623s)
  [passA] 277000/803521 tos=0 (623s)
  [passA] 277500/803521 tos=0 (623s)
  [passA] 278000/803521 tos=0 (623s)
  [passA] 278500/803521 tos=0 (623s)
  [passA] 279000/803521 tos=0 (623s)
  [passA] 279500/803521 tos=0 (623s)
  [passA] 280000/803521 tos=0 (623s)
  [passA] 280500/803521 tos=0 (623s)
  [passA] 281000/803521 tos=0 (623s)
  [passA] 281500/803521 tos=0 (623s)
  [passA] 282000/803521 tos=0 (623s)
  [passA] 282500/803521 tos=0 (623s)
  [passA] 283000/803521 tos=0 (623s)
  [passA] 283500/803521 tos=0 (623s)
  [passA] 284000/803521 tos=0 (623s)
  [passA] 284500/803521 tos=0 (623s)
  [passA] 285000/803521 tos=0 (623s)
  [passA] 285500/803521 tos=0 (623s)
  [passA] 286000/803521 tos=0 (623s)
  [passA] 286500/803521 tos=0 (623s)
  [passA] 287000/803521 tos=0 (623s)
  [passA] 287500/803521 tos=0 (624s)
  [passA] 288000/803521 tos=0 (624s)
  [passA] 288500/803521 tos=0 (624s)
  [passA] 289000/803521 tos=0 (624s)
  [passA] 289500/803521 tos=0 (624s)
  [passA] 290000/803521 tos=0 (624s)
  [passA] 290500/803521 tos=0 (624s)
  [passA] 291000/803521 tos=0 (624s)
  [passA] 291500/803521 tos=0 (624s)
  [passA] 292000/803521 tos=0 (624s)
  [passA] 292500/803521 tos=0 (624s)
  [passA] 293000/803521 tos=0 (624s)
  [passA] 293500/803521 tos=0 (624s)
  [passA] 294000/803521 tos=0 (624s)
  [passA] 294500/803521 tos=0 (624s)
  [passA] 295000/803521 tos=0 (624s)
  [passA] 295500/803521 tos=0 (624s)
  [passA] 296000/803521 tos=0 (624s)
  [passA] 296500/803521 tos=0 (624s)
  [passA] 297000/803521 tos=0 (624s)
  [passA] 297500/803521 tos=0 (624s)
  [passA] 298000/803521 tos=0 (624s)
  [passA] 298500/803521 tos=0 (624s)
  [passA] 299000/803521 tos=0 (624s)
  [passA] 299500/803521 tos=0 (624s)
  [passA] 300000/803521 tos=0 (624s)
  [passA] 300500/803521 tos=0 (624s)
  [passA] 301000/803521 tos=0 (624s)
  [passA] 301500/803521 tos=0 (624s)
  [passA] 302000/803521 tos=0 (624s)
  [passA] 302500/803521 tos=0 (624s)
  [passA] 303000/803521 tos=0 (624s)
  [passA] 303500/803521 tos=0 (624s)
  [passA] 304000/803521 tos=0 (624s)
  [passA] 304500/803521 tos=0 (624s)
  [passA] 305000/803521 tos=0 (624s)
  [passA] 305500/803521 tos=0 (624s)
  [passA] 306000/803521 tos=0 (624s)
  [passA] 306500/803521 tos=0 (624s)
  [passA] 307000/803521 tos=0 (624s)
  [passA] 307500/803521 tos=0 (624s)
  [passA] 308000/803521 tos=0 (624s)
  [passA] 308500/803521 tos=0 (624s)
  [passA] 309000/803521 tos=0 (624s)
  [passA] 309500/803521 tos=0 (624s)
  [passA] 310000/803521 tos=0 (624s)
  [passA] 310500/803521 tos=0 (624s)
  [passA] 311000/803521 tos=0 (624s)
  [passA] 311500/803521 tos=0 (624s)
  [passA] 312000/803521 tos=0 (624s)
  [passA] 312500/803521 tos=0 (624s)
  [passA] 313000/803521 tos=0 (624s)
  [passA] 313500/803521 tos=0 (624s)
  [passA] 314000/803521 tos=0 (624s)
  [passA] 314500/803521 tos=0 (624s)
  [passA] 315000/803521 tos=0 (624s)
  [passA] 315500/803521 tos=0 (624s)
  [passA] 316000/803521 tos=0 (625s)
  [passA] 316500/803521 tos=0 (625s)
  [passA] 317000/803521 tos=0 (625s)
  [passA] 317500/803521 tos=0 (625s)
  [passA] 318000/803521 tos=0 (625s)
  [passA] 318500/803521 tos=0 (625s)
  [passA] 319000/803521 tos=0 (625s)
  [passA] 319500/803521 tos=0 (625s)
  [passA] 320000/803521 tos=0 (625s)
  [passA] 320500/803521 tos=0 (625s)
  [passA] 321000/803521 tos=0 (625s)
  [passA] 321500/803521 tos=0 (625s)
  [passA] 322000/803521 tos=0 (625s)
  [passA] 322500/803521 tos=0 (625s)
  [passA] 323000/803521 tos=0 (625s)
  [passA] 323500/803521 tos=0 (625s)
  [passA] 324000/803521 tos=0 (625s)
  [passA] 324500/803521 tos=0 (625s)
  [passA] 325000/803521 tos=0 (625s)
  [passA] 325500/803521 tos=0 (625s)
  [passA] 326000/803521 tos=0 (625s)
  [passA] 326500/803521 tos=0 (625s)
  [passA] 327000/803521 tos=0 (625s)
  [passA] 327500/803521 tos=0 (625s)
  [passA] 328000/803521 tos=0 (625s)
  [passA] 328500/803521 tos=0 (625s)
  [passA] 329000/803521 tos=0 (625s)
  [passA] 329500/803521 tos=0 (625s)
  [passA] 330000/803521 tos=0 (625s)
  [passA] 330500/803521 tos=0 (625s)
  [passA] 331000/803521 tos=0 (625s)
  [passA] 331500/803521 tos=0 (625s)
  [passA] 332000/803521 tos=0 (625s)
  [passA] 332500/803521 tos=0 (625s)
  [passA] 333000/803521 tos=0 (625s)
  [passA] 333500/803521 tos=0 (625s)
  [passA] 334000/803521 tos=0 (625s)
  [passA] 334500/803521 tos=0 (625s)
  [passA] 335000/803521 tos=0 (625s)
  [passA] 335500/803521 tos=0 (625s)
  [passA] 336000/803521 tos=0 (625s)
  [passA] 336500/803521 tos=0 (625s)
  [passA] 337000/803521 tos=0 (625s)
  [passA] 337500/803521 tos=0 (625s)
  [passA] 338000/803521 tos=0 (625s)
  [passA] 338500/803521 tos=0 (625s)
  [passA] 339000/803521 tos=0 (625s)
  [passA] 339500/803521 tos=0 (625s)
  [passA] 340000/803521 tos=0 (625s)
  [passA] 340500/803521 tos=0 (625s)
  [passA] 341000/803521 tos=0 (625s)
  [passA] 341500/803521 tos=0 (625s)
  [passA] 342000/803521 tos=0 (625s)
  [passA] 342500/803521 tos=0 (625s)
  [passA] 343000/803521 tos=0 (625s)
  [passA] 343500/803521 tos=0 (626s)
  [passA] 344000/803521 tos=0 (626s)
  [passA] 344500/803521 tos=0 (626s)
  [passA] 345000/803521 tos=0 (626s)
  [passA] 345500/803521 tos=0 (626s)
  [passA] 346000/803521 tos=0 (626s)
  [passA] 346500/803521 tos=0 (626s)
  [passA] 347000/803521 tos=0 (626s)
  [passA] 347500/803521 tos=0 (626s)
  [passA] 348000/803521 tos=0 (626s)
  [passA] 348500/803521 tos=0 (626s)
  [passA] 349000/803521 tos=0 (626s)
  [passA] 349500/803521 tos=0 (626s)
  [passA] 350000/803521 tos=0 (626s)
  [passA] 350500/803521 tos=0 (626s)
  [passA] 351000/803521 tos=0 (626s)
  [passA] 351500/803521 tos=0 (626s)
  [passA] 352000/803521 tos=0 (626s)
  [passA] 352500/803521 tos=0 (626s)
  [passA] 353000/803521 tos=0 (626s)
  [passA] 353500/803521 tos=0 (626s)
  [passA] 354000/803521 tos=0 (626s)
  [passA] 354500/803521 tos=0 (626s)
  [passA] 355000/803521 tos=0 (626s)
  [passA] 355500/803521 tos=0 (626s)
  [passA] 356000/803521 tos=0 (626s)
  [passA] 356500/803521 tos=0 (626s)
  [passA] 357000/803521 tos=0 (626s)
  [passA] 357500/803521 tos=0 (626s)
  [passA] 358000/803521 tos=0 (626s)
  [passA] 358500/803521 tos=0 (626s)
  [passA] 359000/803521 tos=0 (626s)
  [passA] 359500/803521 tos=0 (626s)
  [passA] 360000/803521 tos=0 (626s)
  [passA] 360500/803521 tos=0 (626s)
  [passA] 361000/803521 tos=0 (626s)
  [passA] 361500/803521 tos=0 (626s)
  [passA] 362000/803521 tos=0 (626s)
  [passA] 362500/803521 tos=0 (626s)
  [passA] 363000/803521 tos=0 (626s)
  [passA] 363500/803521 tos=0 (626s)
  [passA] 364000/803521 tos=0 (626s)
  [passA] 364500/803521 tos=0 (626s)
  [passA] 365000/803521 tos=0 (626s)
  [passA] 365500/803521 tos=0 (626s)
  [passA] 366000/803521 tos=0 (626s)
  [passA] 366500/803521 tos=0 (626s)
  [passA] 367000/803521 tos=0 (626s)
  [passA] 367500/803521 tos=0 (626s)
  [passA] 368000/803521 tos=0 (626s)
  [passA] 368500/803521 tos=0 (626s)
  [passA] 369000/803521 tos=0 (626s)
  [passA] 369500/803521 tos=0 (626s)
  [passA] 370000/803521 tos=0 (626s)
  [passA] 370500/803521 tos=0 (626s)
  [passA] 371000/803521 tos=0 (626s)
  [passA] 371500/803521 tos=0 (626s)
  [passA] 372000/803521 tos=0 (626s)
  [passA] 372500/803521 tos=0 (626s)
  [passA] 373000/803521 tos=0 (627s)
  [passA] 373500/803521 tos=0 (627s)
  [passA] 374000/803521 tos=0 (627s)
  [passA] 374500/803521 tos=0 (627s)
  [passA] 375000/803521 tos=0 (627s)
  [passA] 375500/803521 tos=0 (627s)
  [passA] 376000/803521 tos=0 (627s)
  [passA] 376500/803521 tos=0 (627s)
  [passA] 377000/803521 tos=0 (627s)
  [passA] 377500/803521 tos=0 (627s)
  [passA] 378000/803521 tos=0 (627s)
  [passA] 378500/803521 tos=0 (627s)
  [passA] 379000/803521 tos=0 (627s)
  [passA] 379500/803521 tos=0 (627s)
  [passA] 380000/803521 tos=0 (627s)
  [passA] 380500/803521 tos=0 (627s)
  [passA] 381000/803521 tos=0 (627s)
  [passA] 381500/803521 tos=0 (627s)
  [passA] 382000/803521 tos=0 (627s)
  [passA] 382500/803521 tos=0 (627s)
  [passA] 383000/803521 tos=0 (627s)
  [passA] 383500/803521 tos=0 (627s)
  [passA] 384000/803521 tos=0 (627s)
  [passA] 384500/803521 tos=0 (627s)
  [passA] 385000/803521 tos=0 (627s)
  [passA] 385500/803521 tos=0 (627s)
  [passA] 386000/803521 tos=0 (627s)
  [passA] 386500/803521 tos=0 (627s)
  [passA] 387000/803521 tos=0 (627s)
  [passA] 387500/803521 tos=0 (627s)
  [passA] 388000/803521 tos=0 (627s)
  [passA] 388500/803521 tos=0 (627s)
  [passA] 389000/803521 tos=0 (627s)
  [passA] 389500/803521 tos=0 (627s)
  [passA] 390000/803521 tos=0 (627s)
  [passA] 390500/803521 tos=0 (627s)
  [passA] 391000/803521 tos=0 (627s)
  [passA] 391500/803521 tos=0 (627s)
  [passA] 392000/803521 tos=0 (627s)
  [passA] 392500/803521 tos=0 (627s)
  [passA] 393000/803521 tos=0 (627s)
  [passA] 393500/803521 tos=0 (627s)
  [passA] 394000/803521 tos=0 (627s)
  [passA] 394500/803521 tos=0 (627s)
  [passA] 395000/803521 tos=0 (627s)
  [passA] 395500/803521 tos=0 (627s)
  [passA] 396000/803521 tos=0 (627s)
  [passA] 396500/803521 tos=0 (627s)
  [passA] 397000/803521 tos=0 (627s)
  [passA] 397500/803521 tos=0 (627s)
  [passA] 398000/803521 tos=0 (627s)
  [passA] 398500/803521 tos=0 (627s)
  [passA] 399000/803521 tos=0 (627s)
  [passA] 399500/803521 tos=0 (627s)
  [passA] 400000/803521 tos=0 (627s)
  [passA] 400500/803521 tos=0 (627s)
  [passA] 401000/803521 tos=0 (627s)
  [passA] 401500/803521 tos=0 (627s)
  [passA] 402000/803521 tos=0 (628s)
  [passA] 402500/803521 tos=0 (628s)
  [passA] 403000/803521 tos=0 (628s)
  [passA] 403500/803521 tos=0 (628s)
  [passA] 404000/803521 tos=0 (628s)
  [passA] 404500/803521 tos=0 (628s)
  [passA] 405000/803521 tos=0 (628s)
  [passA] 405500/803521 tos=0 (628s)
  [passA] 406000/803521 tos=0 (628s)
  [passA] 406500/803521 tos=0 (628s)
  [passA] 407000/803521 tos=0 (628s)
  [passA] 407500/803521 tos=0 (628s)
  [passA] 408000/803521 tos=0 (628s)
  [passA] 408500/803521 tos=0 (628s)
  [passA] 409000/803521 tos=0 (628s)
  [passA] 409500/803521 tos=0 (628s)
  [passA] 410000/803521 tos=0 (628s)
  [passA] 410500/803521 tos=0 (628s)
  [passA] 411000/803521 tos=0 (628s)
  [passA] 411500/803521 tos=0 (628s)
  [passA] 412000/803521 tos=0 (628s)
  [passA] 412500/803521 tos=0 (628s)
  [passA] 413000/803521 tos=0 (628s)
  [passA] 413500/803521 tos=0 (628s)
  [passA] 414000/803521 tos=0 (628s)
  [passA] 414500/803521 tos=0 (628s)
  [passA] 415000/803521 tos=0 (628s)
  [passA] 415500/803521 tos=0 (628s)
  [passA] 416000/803521 tos=0 (628s)
  [passA] 416500/803521 tos=0 (628s)
  [passA] 417000/803521 tos=0 (628s)
  [passA] 417500/803521 tos=0 (628s)
  [passA] 418000/803521 tos=0 (628s)
  [passA] 418500/803521 tos=0 (628s)
  [passA] 419000/803521 tos=0 (628s)
  [passA] 419500/803521 tos=0 (628s)
  [passA] 420000/803521 tos=0 (628s)
  [passA] 420500/803521 tos=0 (628s)
  [passA] 421000/803521 tos=0 (628s)
  [passA] 421500/803521 tos=0 (628s)
  [passA] 422000/803521 tos=0 (628s)
  [passA] 422500/803521 tos=0 (628s)
  [passA] 423000/803521 tos=0 (628s)
  [passA] 423500/803521 tos=0 (628s)
  [passA] 424000/803521 tos=0 (628s)
  [passA] 424500/803521 tos=0 (628s)
  [passA] 425000/803521 tos=0 (628s)
  [passA] 425500/803521 tos=0 (628s)
  [passA] 426000/803521 tos=0 (628s)
  [passA] 426500/803521 tos=0 (628s)
  [passA] 427000/803521 tos=0 (628s)
  [passA] 427500/803521 tos=0 (628s)
  [passA] 428000/803521 tos=0 (628s)
  [passA] 428500/803521 tos=0 (628s)
  [passA] 429000/803521 tos=0 (628s)
  [passA] 429500/803521 tos=0 (629s)
  [passA] 430000/803521 tos=0 (629s)
  [passA] 430500/803521 tos=0 (629s)
  [passA] 431000/803521 tos=0 (629s)
  [passA] 431500/803521 tos=0 (629s)
  [passA] 432000/803521 tos=0 (629s)
  [passA] 432500/803521 tos=0 (629s)
  [passA] 433000/803521 tos=0 (629s)
  [passA] 433500/803521 tos=0 (629s)
  [passA] 434000/803521 tos=0 (629s)
  [passA] 434500/803521 tos=0 (629s)
  [passA] 435000/803521 tos=0 (629s)
  [passA] 435500/803521 tos=0 (629s)
  [passA] 436000/803521 tos=0 (629s)
  [passA] 436500/803521 tos=0 (629s)
  [passA] 437000/803521 tos=0 (629s)
  [passA] 437500/803521 tos=0 (629s)
  [passA] 438000/803521 tos=0 (629s)
  [passA] 438500/803521 tos=0 (629s)
  [passA] 439000/803521 tos=0 (629s)
  [passA] 439500/803521 tos=0 (629s)
  [passA] 440000/803521 tos=0 (629s)
  [passA] 440500/803521 tos=0 (629s)
  [passA] 441000/803521 tos=0 (629s)
  [passA] 441500/803521 tos=0 (629s)
  [passA] 442000/803521 tos=0 (629s)
  [passA] 442500/803521 tos=0 (629s)
  [passA] 443000/803521 tos=0 (629s)
  [passA] 443500/803521 tos=0 (629s)
  [passA] 444000/803521 tos=0 (629s)
  [passA] 444500/803521 tos=0 (629s)
  [passA] 445000/803521 tos=0 (629s)
  [passA] 445500/803521 tos=0 (629s)
  [passA] 446000/803521 tos=0 (629s)
  [passA] 446500/803521 tos=0 (629s)
  [passA] 447000/803521 tos=0 (629s)
  [passA] 447500/803521 tos=0 (629s)
  [passA] 448000/803521 tos=0 (629s)
  [passA] 448500/803521 tos=0 (629s)
  [passA] 449000/803521 tos=0 (629s)
  [passA] 449500/803521 tos=0 (629s)
  [passA] 450000/803521 tos=0 (629s)
  [passA] 450500/803521 tos=0 (629s)
  [passA] 451000/803521 tos=0 (629s)
  [passA] 451500/803521 tos=0 (629s)
  [passA] 452000/803521 tos=0 (629s)
  [passA] 452500/803521 tos=0 (629s)
  [passA] 453000/803521 tos=0 (629s)
  [passA] 453500/803521 tos=0 (629s)
  [passA] 454000/803521 tos=0 (629s)
  [passA] 454500/803521 tos=0 (629s)
  [passA] 455000/803521 tos=0 (629s)
  [passA] 455500/803521 tos=0 (629s)
  [passA] 456000/803521 tos=0 (629s)
  [passA] 456500/803521 tos=0 (629s)
  [passA] 457000/803521 tos=0 (629s)
  [passA] 457500/803521 tos=0 (629s)
  [passA] 458000/803521 tos=0 (629s)
  [passA] 458500/803521 tos=0 (629s)
  [passA] 459000/803521 tos=0 (630s)
  [passA] 459500/803521 tos=0 (630s)
  [passA] 460000/803521 tos=0 (630s)
  [passA] 460500/803521 tos=0 (630s)
  [passA] 461000/803521 tos=0 (630s)
  [passA] 461500/803521 tos=0 (630s)
  [passA] 462000/803521 tos=0 (630s)
  [passA] 462500/803521 tos=0 (630s)
  [passA] 463000/803521 tos=0 (630s)
  [passA] 463500/803521 tos=0 (630s)
  [passA] 464000/803521 tos=0 (630s)
  [passA] 464500/803521 tos=0 (630s)
  [passA] 465000/803521 tos=0 (630s)
  [passA] 465500/803521 tos=0 (630s)
  [passA] 466000/803521 tos=0 (630s)
  [passA] 466500/803521 tos=0 (630s)
  [passA] 467000/803521 tos=0 (630s)
  [passA] 467500/803521 tos=0 (630s)
  [passA] 468000/803521 tos=0 (630s)
  [passA] 468500/803521 tos=0 (630s)
  [passA] 469000/803521 tos=0 (630s)
  [passA] 469500/803521 tos=0 (630s)
  [passA] 470000/803521 tos=0 (630s)
  [passA] 470500/803521 tos=0 (630s)
  [passA] 471000/803521 tos=0 (630s)
  [passA] 471500/803521 tos=0 (630s)
  [passA] 472000/803521 tos=0 (630s)
  [passA] 472500/803521 tos=0 (630s)
  [passA] 473000/803521 tos=0 (630s)
  [passA] 473500/803521 tos=0 (630s)
  [passA] 474000/803521 tos=0 (630s)
  [passA] 474500/803521 tos=0 (630s)
  [passA] 475000/803521 tos=0 (630s)
  [passA] 475500/803521 tos=0 (630s)
  [passA] 476000/803521 tos=0 (630s)
  [passA] 476500/803521 tos=0 (630s)
  [passA] 477000/803521 tos=0 (630s)
  [passA] 477500/803521 tos=0 (630s)
  [passA] 478000/803521 tos=0 (630s)
  [passA] 478500/803521 tos=0 (630s)
  [passA] 479000/803521 tos=0 (630s)
  [passA] 479500/803521 tos=0 (630s)
  [passA] 480000/803521 tos=0 (630s)
  [passA] 480500/803521 tos=0 (630s)
  [passA] 481000/803521 tos=0 (630s)
  [passA] 481500/803521 tos=0 (630s)
  [passA] 482000/803521 tos=0 (630s)
  [passA] 482500/803521 tos=0 (630s)
  [passA] 483000/803521 tos=0 (630s)
  [passA] 483500/803521 tos=0 (630s)
  [passA] 484000/803521 tos=0 (630s)
  [passA] 484500/803521 tos=0 (630s)
  [passA] 485000/803521 tos=0 (630s)
  [passA] 485500/803521 tos=0 (630s)
  [passA] 486000/803521 tos=0 (630s)
  [passA] 486500/803521 tos=0 (630s)
  [passA] 487000/803521 tos=0 (630s)
  [passA] 487500/803521 tos=0 (630s)
  [passA] 488000/803521 tos=0 (631s)
  [passA] 488500/803521 tos=0 (631s)
  [passA] 489000/803521 tos=0 (631s)
  [passA] 489500/803521 tos=0 (631s)
  [passA] 490000/803521 tos=0 (631s)
  [passA] 490500/803521 tos=0 (631s)
  [passA] 491000/803521 tos=0 (631s)
  [passA] 491500/803521 tos=0 (631s)
  [passA] 492000/803521 tos=0 (631s)
  [passA] 492500/803521 tos=0 (631s)
  [passA] 493000/803521 tos=0 (631s)
  [passA] 493500/803521 tos=0 (631s)
  [passA] 494000/803521 tos=0 (631s)
  [passA] 494500/803521 tos=0 (631s)
  [passA] 495000/803521 tos=0 (631s)
  [passA] 495500/803521 tos=0 (631s)
  [passA] 496000/803521 tos=0 (631s)
  [passA] 496500/803521 tos=0 (631s)
  [passA] 497000/803521 tos=0 (631s)
  [passA] 497500/803521 tos=0 (631s)
  [passA] 498000/803521 tos=0 (631s)
  [passA] 498500/803521 tos=0 (631s)
  [passA] 499000/803521 tos=0 (631s)
  [passA] 499500/803521 tos=0 (631s)
  [passA] 500000/803521 tos=0 (631s)
  [passA] 500500/803521 tos=0 (631s)
  [passA] 501000/803521 tos=0 (631s)
  [passA] 501500/803521 tos=0 (631s)
  [passA] 502000/803521 tos=0 (631s)
  [passA] 502500/803521 tos=0 (631s)
  [passA] 503000/803521 tos=0 (631s)
  [passA] 503500/803521 tos=0 (631s)
  [passA] 504000/803521 tos=0 (631s)
  [passA] 504500/803521 tos=0 (631s)
  [passA] 505000/803521 tos=0 (631s)
  [passA] 505500/803521 tos=0 (631s)
  [passA] 506000/803521 tos=0 (631s)
  [passA] 506500/803521 tos=0 (631s)
  [passA] 507000/803521 tos=0 (631s)
  [passA] 507500/803521 tos=0 (631s)
  [passA] 508000/803521 tos=0 (631s)
  [passA] 508500/803521 tos=0 (631s)
  [passA] 509000/803521 tos=0 (631s)
  [passA] 509500/803521 tos=0 (631s)
  [passA] 510000/803521 tos=0 (631s)
  [passA] 510500/803521 tos=0 (631s)
  [passA] 511000/803521 tos=0 (631s)
  [passA] 511500/803521 tos=0 (631s)
  [passA] 512000/803521 tos=0 (631s)
  [passA] 512500/803521 tos=0 (631s)
  [passA] 513000/803521 tos=0 (631s)
  [passA] 513500/803521 tos=0 (631s)
  [passA] 514000/803521 tos=0 (631s)
  [passA] 514500/803521 tos=0 (631s)
  [passA] 515000/803521 tos=0 (631s)
  [passA] 515500/803521 tos=0 (631s)
  [passA] 516000/803521 tos=0 (631s)
  [passA] 516500/803521 tos=0 (632s)
  [passA] 517000/803521 tos=0 (632s)
  [passA] 517500/803521 tos=0 (632s)
  [passA] 518000/803521 tos=0 (632s)
  [passA] 518500/803521 tos=0 (632s)
  [passA] 519000/803521 tos=0 (632s)
  [passA] 519500/803521 tos=0 (632s)
  [passA] 520000/803521 tos=0 (632s)
  [passA] 520500/803521 tos=0 (632s)
  [passA] 521000/803521 tos=0 (632s)
  [passA] 521500/803521 tos=0 (632s)
  [passA] 522000/803521 tos=0 (632s)
  [passA] 522500/803521 tos=0 (632s)
  [passA] 523000/803521 tos=0 (632s)
  [passA] 523500/803521 tos=0 (632s)
  [passA] 524000/803521 tos=0 (632s)
  [passA] 524500/803521 tos=0 (632s)
  [passA] 525000/803521 tos=0 (632s)
  [passA] 525500/803521 tos=0 (632s)
  [passA] 526000/803521 tos=0 (632s)
  [passA] 526500/803521 tos=0 (632s)
  [passA] 527000/803521 tos=0 (632s)
  [passA] 527500/803521 tos=0 (632s)
  [passA] 528000/803521 tos=0 (632s)
  [passA] 528500/803521 tos=0 (632s)
  [passA] 529000/803521 tos=0 (632s)
  [passA] 529500/803521 tos=0 (632s)
  [passA] 530000/803521 tos=0 (632s)
  [passA] 530500/803521 tos=0 (632s)
  [passA] 531000/803521 tos=0 (632s)
  [passA] 531500/803521 tos=0 (632s)
  [passA] 532000/803521 tos=0 (632s)
  [passA] 532500/803521 tos=0 (632s)
  [passA] 533000/803521 tos=0 (632s)
  [passA] 533500/803521 tos=0 (632s)
  [passA] 534000/803521 tos=0 (632s)
  [passA] 534500/803521 tos=0 (632s)
  [passA] 535000/803521 tos=0 (632s)
  [passA] 535500/803521 tos=0 (632s)
  [passA] 536000/803521 tos=0 (632s)
  [passA] 536500/803521 tos=0 (632s)
  [passA] 537000/803521 tos=0 (632s)
  [passA] 537500/803521 tos=0 (632s)
  [passA] 538000/803521 tos=0 (632s)
  [passA] 538500/803521 tos=0 (632s)
  [passA] 539000/803521 tos=0 (632s)
  [passA] 539500/803521 tos=0 (632s)
  [passA] 540000/803521 tos=0 (632s)
  [passA] 540500/803521 tos=0 (632s)
  [passA] 541000/803521 tos=0 (632s)
  [passA] 541500/803521 tos=0 (632s)
  [passA] 542000/803521 tos=0 (632s)
  [passA] 542500/803521 tos=0 (632s)
  [passA] 543000/803521 tos=0 (632s)
  [passA] 543500/803521 tos=0 (632s)
  [passA] 544000/803521 tos=0 (632s)
  [passA] 544500/803521 tos=0 (632s)
  [passA] 545000/803521 tos=0 (633s)
  [passA] 545500/803521 tos=0 (633s)
  [passA] 546000/803521 tos=0 (633s)
  [passA] 546500/803521 tos=0 (633s)
  [passA] 547000/803521 tos=0 (633s)
  [passA] 547500/803521 tos=0 (633s)
  [passA] 548000/803521 tos=0 (633s)
  [passA] 548500/803521 tos=0 (633s)
  [passA] 549000/803521 tos=0 (633s)
  [passA] 549500/803521 tos=0 (633s)
  [passA] 550000/803521 tos=0 (633s)
  [passA] 550500/803521 tos=0 (633s)
  [passA] 551000/803521 tos=0 (633s)
  [passA] 551500/803521 tos=0 (633s)
  [passA] 552000/803521 tos=0 (633s)
  [passA] 552500/803521 tos=0 (633s)
  [passA] 553000/803521 tos=0 (633s)
  [passA] 553500/803521 tos=0 (633s)
  [passA] 554000/803521 tos=0 (633s)
  [passA] 554500/803521 tos=0 (633s)
  [passA] 555000/803521 tos=0 (633s)
  [passA] 555500/803521 tos=0 (633s)
  [passA] 556000/803521 tos=0 (633s)
  [passA] 556500/803521 tos=0 (633s)
  [passA] 557000/803521 tos=0 (633s)
  [passA] 557500/803521 tos=0 (633s)
  [passA] 558000/803521 tos=0 (633s)
  [passA] 558500/803521 tos=0 (633s)
  [passA] 559000/803521 tos=0 (633s)
  [passA] 559500/803521 tos=0 (633s)
  [passA] 560000/803521 tos=0 (633s)
  [passA] 560500/803521 tos=0 (633s)
  [passA] 561000/803521 tos=0 (633s)
  [passA] 561500/803521 tos=0 (633s)
  [passA] 562000/803521 tos=0 (633s)
  [passA] 562500/803521 tos=0 (633s)
  [passA] 563000/803521 tos=0 (633s)
  [passA] 563500/803521 tos=0 (633s)
  [passA] 564000/803521 tos=0 (633s)
  [passA] 564500/803521 tos=0 (633s)
  [passA] 565000/803521 tos=0 (633s)
  [passA] 565500/803521 tos=0 (633s)
  [passA] 566000/803521 tos=0 (633s)
  [passA] 566500/803521 tos=0 (633s)
  [passA] 567000/803521 tos=0 (633s)
  [passA] 567500/803521 tos=0 (633s)
  [passA] 568000/803521 tos=0 (633s)
  [passA] 568500/803521 tos=0 (633s)
  [passA] 569000/803521 tos=0 (633s)
  [passA] 569500/803521 tos=0 (633s)
  [passA] 570000/803521 tos=0 (633s)
  [passA] 570500/803521 tos=0 (633s)
  [passA] 571000/803521 tos=0 (633s)
  [passA] 571500/803521 tos=0 (633s)
  [passA] 572000/803521 tos=0 (633s)
  [passA] 572500/803521 tos=0 (633s)
  [passA] 573000/803521 tos=0 (634s)
  [passA] 573500/803521 tos=0 (634s)
  [passA] 574000/803521 tos=0 (634s)
  [passA] 574500/803521 tos=0 (634s)
  [passA] 575000/803521 tos=0 (634s)
  [passA] 575500/803521 tos=0 (634s)
  [passA] 576000/803521 tos=0 (634s)
  [passA] 576500/803521 tos=0 (634s)
  [passA] 577000/803521 tos=0 (634s)
  [passA] 577500/803521 tos=0 (634s)
  [passA] 578000/803521 tos=0 (634s)
  [passA] 578500/803521 tos=0 (634s)
  [passA] 579000/803521 tos=0 (634s)
  [passA] 579500/803521 tos=0 (634s)
  [passA] 580000/803521 tos=0 (634s)
  [passA] 580500/803521 tos=0 (634s)
  [passA] 581000/803521 tos=0 (634s)
  [passA] 581500/803521 tos=0 (634s)
  [passA] 582000/803521 tos=0 (634s)
  [passA] 582500/803521 tos=0 (634s)
  [passA] 583000/803521 tos=0 (634s)
  [passA] 583500/803521 tos=0 (634s)
  [passA] 584000/803521 tos=0 (634s)
  [passA] 584500/803521 tos=0 (634s)
  [passA] 585000/803521 tos=0 (634s)
  [passA] 585500/803521 tos=0 (634s)
  [passA] 586000/803521 tos=0 (634s)
  [passA] 586500/803521 tos=0 (634s)
  [passA] 587000/803521 tos=0 (634s)
  [passA] 587500/803521 tos=0 (634s)
  [passA] 588000/803521 tos=0 (634s)
  [passA] 588500/803521 tos=0 (634s)
  [passA] 589000/803521 tos=0 (634s)
  [passA] 589500/803521 tos=0 (634s)
  [passA] 590000/803521 tos=0 (634s)
  [passA] 590500/803521 tos=0 (634s)
  [passA] 591000/803521 tos=0 (634s)
  [passA] 591500/803521 tos=0 (634s)
  [passA] 592000/803521 tos=0 (634s)
  [passA] 592500/803521 tos=0 (634s)
  [passA] 593000/803521 tos=0 (634s)
  [passA] 593500/803521 tos=0 (634s)
  [passA] 594000/803521 tos=0 (634s)
  [passA] 594500/803521 tos=0 (634s)
  [passA] 595000/803521 tos=0 (634s)
  [passA] 595500/803521 tos=0 (634s)
  [passA] 596000/803521 tos=0 (634s)
  [passA] 596500/803521 tos=0 (634s)
  [passA] 597000/803521 tos=0 (634s)
  [passA] 597500/803521 tos=0 (634s)
  [passA] 598000/803521 tos=0 (634s)
  [passA] 598500/803521 tos=0 (634s)
  [passA] 599000/803521 tos=0 (634s)
  [passA] 599500/803521 tos=0 (634s)
  [passA] 600000/803521 tos=0 (634s)
  [passA] 600500/803521 tos=0 (634s)
  [passA] 601000/803521 tos=0 (634s)
  [passA] 601500/803521 tos=0 (634s)
  [passA] 602000/803521 tos=0 (635s)
  [passA] 602500/803521 tos=0 (635s)
  [passA] 603000/803521 tos=0 (635s)
  [passA] 603500/803521 tos=0 (635s)
  [passA] 604000/803521 tos=0 (635s)
  [passA] 604500/803521 tos=0 (635s)
  [passA] 605000/803521 tos=0 (635s)
  [passA] 605500/803521 tos=0 (635s)
  [passA] 606000/803521 tos=0 (635s)
  [passA] 606500/803521 tos=0 (635s)
  [passA] 607000/803521 tos=0 (635s)
  [passA] 607500/803521 tos=0 (635s)
  [passA] 608000/803521 tos=0 (635s)
  [passA] 608500/803521 tos=0 (635s)
  [passA] 609000/803521 tos=0 (635s)
  [passA] 609500/803521 tos=0 (635s)
  [passA] 610000/803521 tos=0 (635s)
  [passA] 610500/803521 tos=0 (635s)
  [passA] 611000/803521 tos=0 (635s)
  [passA] 611500/803521 tos=0 (635s)
  [passA] 612000/803521 tos=0 (635s)
  [passA] 612500/803521 tos=0 (635s)
  [passA] 613000/803521 tos=0 (635s)
  [passA] 613500/803521 tos=0 (635s)
  [passA] 614000/803521 tos=0 (635s)
  [passA] 614500/803521 tos=0 (635s)
  [passA] 615000/803521 tos=0 (635s)
  [passA] 615500/803521 tos=0 (635s)
  [passA] 616000/803521 tos=0 (635s)
  [passA] 616500/803521 tos=0 (635s)
  [passA] 617000/803521 tos=0 (635s)
  [passA] 617500/803521 tos=0 (635s)
  [passA] 618000/803521 tos=0 (635s)
  [passA] 618500/803521 tos=0 (635s)
  [passA] 619000/803521 tos=0 (635s)
  [passA] 619500/803521 tos=0 (635s)
  [passA] 620000/803521 tos=0 (635s)
  [passA] 620500/803521 tos=0 (635s)
  [passA] 621000/803521 tos=0 (635s)
  [passA] 621500/803521 tos=0 (635s)
  [passA] 622000/803521 tos=0 (635s)
  [passA] 622500/803521 tos=0 (635s)
  [passA] 623000/803521 tos=0 (635s)
  [passA] 623500/803521 tos=0 (635s)
  [passA] 624000/803521 tos=0 (635s)
  [passA] 624500/803521 tos=0 (635s)
  [passA] 625000/803521 tos=0 (635s)
  [passA] 625500/803521 tos=0 (635s)
  [passA] 626000/803521 tos=0 (635s)
  [passA] 626500/803521 tos=0 (635s)
  [passA] 627000/803521 tos=0 (635s)
  [passA] 627500/803521 tos=0 (635s)
  [passA] 628000/803521 tos=0 (635s)
  [passA] 628500/803521 tos=0 (635s)
  [passA] 629000/803521 tos=0 (635s)
  [passA] 629500/803521 tos=0 (636s)
  [passA] 630000/803521 tos=0 (636s)
  [passA] 630500/803521 tos=0 (636s)
  [passA] 631000/803521 tos=0 (636s)
  [passA] 631500/803521 tos=0 (636s)
  [passA] 632000/803521 tos=0 (636s)
  [passA] 632500/803521 tos=0 (636s)
  [passA] 633000/803521 tos=0 (636s)
  [passA] 633500/803521 tos=0 (636s)
  [passA] 634000/803521 tos=0 (636s)
  [passA] 634500/803521 tos=0 (636s)
  [passA] 635000/803521 tos=0 (636s)
  [passA] 635500/803521 tos=0 (636s)
  [passA] 636000/803521 tos=0 (636s)
  [passA] 636500/803521 tos=0 (636s)
  [passA] 637000/803521 tos=0 (636s)
  [passA] 637500/803521 tos=0 (636s)
  [passA] 638000/803521 tos=0 (636s)
  [passA] 638500/803521 tos=0 (636s)
  [passA] 639000/803521 tos=0 (636s)
  [passA] 639500/803521 tos=0 (636s)
  [passA] 640000/803521 tos=0 (636s)
  [passA] 640500/803521 tos=0 (636s)
  [passA] 641000/803521 tos=0 (636s)
  [passA] 641500/803521 tos=0 (636s)
  [passA] 642000/803521 tos=0 (636s)
  [passA] 642500/803521 tos=0 (636s)
  [passA] 643000/803521 tos=0 (636s)
  [passA] 643500/803521 tos=0 (636s)
  [passA] 644000/803521 tos=0 (636s)
  [passA] 644500/803521 tos=0 (636s)
  [passA] 645000/803521 tos=0 (636s)
  [passA] 645500/803521 tos=0 (636s)
  [passA] 646000/803521 tos=0 (636s)
  [passA] 646500/803521 tos=0 (636s)
  [passA] 647000/803521 tos=0 (636s)
  [passA] 647500/803521 tos=0 (636s)
  [passA] 648000/803521 tos=0 (636s)
  [passA] 648500/803521 tos=0 (636s)
  [passA] 649000/803521 tos=0 (636s)
  [passA] 649500/803521 tos=0 (636s)
  [passA] 650000/803521 tos=0 (636s)
  [passA] 650500/803521 tos=0 (636s)
  [passA] 651000/803521 tos=0 (636s)
  [passA] 651500/803521 tos=0 (636s)
  [passA] 652000/803521 tos=0 (636s)
  [passA] 652500/803521 tos=0 (636s)
  [passA] 653000/803521 tos=0 (636s)
  [passA] 653500/803521 tos=0 (636s)
  [passA] 654000/803521 tos=0 (636s)
  [passA] 654500/803521 tos=0 (636s)
  [passA] 655000/803521 tos=0 (636s)
  [passA] 655500/803521 tos=0 (636s)
  [passA] 656000/803521 tos=0 (636s)
  [passA] 656500/803521 tos=0 (636s)
  [passA] 657000/803521 tos=0 (636s)
  [passA] 657500/803521 tos=0 (636s)
  [passA] 658000/803521 tos=0 (637s)
  [passA] 658500/803521 tos=0 (637s)
  [passA] 659000/803521 tos=0 (637s)
  [passA] 659500/803521 tos=0 (637s)
  [passA] 660000/803521 tos=0 (637s)
  [passA] 660500/803521 tos=0 (637s)
  [passA] 661000/803521 tos=0 (637s)
  [passA] 661500/803521 tos=0 (637s)
  [passA] 662000/803521 tos=0 (637s)
  [passA] 662500/803521 tos=0 (637s)
  [passA] 663000/803521 tos=0 (637s)
  [passA] 663500/803521 tos=0 (637s)
  [passA] 664000/803521 tos=0 (637s)
  [passA] 664500/803521 tos=0 (637s)
  [passA] 665000/803521 tos=0 (637s)
  [passA] 665500/803521 tos=0 (637s)
  [passA] 666000/803521 tos=0 (637s)
  [passA] 666500/803521 tos=0 (637s)
  [passA] 667000/803521 tos=0 (637s)
  [passA] 667500/803521 tos=0 (637s)
  [passA] 668000/803521 tos=0 (637s)
  [passA] 668500/803521 tos=0 (637s)
  [passA] 669000/803521 tos=0 (637s)
  [passA] 669500/803521 tos=0 (637s)
  [passA] 670000/803521 tos=0 (637s)
  [passA] 670500/803521 tos=0 (637s)
  [passA] 671000/803521 tos=0 (637s)
  [passA] 671500/803521 tos=0 (637s)
  [passA] 672000/803521 tos=0 (637s)
  [passA] 672500/803521 tos=0 (637s)
  [passA] 673000/803521 tos=0 (637s)
  [passA] 673500/803521 tos=0 (637s)
  [passA] 674000/803521 tos=0 (637s)
  [passA] 674500/803521 tos=0 (637s)
  [passA] 675000/803521 tos=0 (637s)
  [passA] 675500/803521 tos=0 (637s)
  [passA] 676000/803521 tos=0 (637s)
  [passA] 676500/803521 tos=0 (637s)
  [passA] 677000/803521 tos=0 (637s)
  [passA] 677500/803521 tos=0 (637s)
  [passA] 678000/803521 tos=0 (637s)
  [passA] 678500/803521 tos=0 (637s)
  [passA] 679000/803521 tos=0 (637s)
  [passA] 679500/803521 tos=0 (637s)
  [passA] 680000/803521 tos=0 (637s)
  [passA] 680500/803521 tos=0 (637s)
  [passA] 681000/803521 tos=0 (637s)
  [passA] 681500/803521 tos=0 (637s)
  [passA] 682000/803521 tos=0 (637s)
  [passA] 682500/803521 tos=0 (637s)
  [passA] 683000/803521 tos=0 (637s)
  [passA] 683500/803521 tos=0 (637s)
  [passA] 684000/803521 tos=0 (637s)
  [passA] 684500/803521 tos=0 (637s)
  [passA] 685000/803521 tos=0 (637s)
  [passA] 685500/803521 tos=0 (637s)
  [passA] 686000/803521 tos=0 (638s)
  [passA] 686500/803521 tos=0 (638s)
  [passA] 687000/803521 tos=0 (638s)
  [passA] 687500/803521 tos=0 (638s)
  [passA] 688000/803521 tos=0 (638s)
  [passA] 688500/803521 tos=0 (638s)
  [passA] 689000/803521 tos=0 (638s)
  [passA] 689500/803521 tos=0 (638s)
  [passA] 690000/803521 tos=0 (638s)
  [passA] 690500/803521 tos=0 (638s)
  [passA] 691000/803521 tos=0 (638s)
  [passA] 691500/803521 tos=0 (638s)
  [passA] 692000/803521 tos=0 (638s)
  [passA] 692500/803521 tos=0 (638s)
  [passA] 693000/803521 tos=0 (638s)
  [passA] 693500/803521 tos=0 (638s)
  [passA] 694000/803521 tos=0 (638s)
  [passA] 694500/803521 tos=0 (638s)
  [passA] 695000/803521 tos=0 (638s)
  [passA] 695500/803521 tos=0 (638s)
  [passA] 696000/803521 tos=0 (638s)
  [passA] 696500/803521 tos=0 (638s)
  [passA] 697000/803521 tos=0 (638s)
  [passA] 697500/803521 tos=0 (638s)
  [passA] 698000/803521 tos=0 (638s)
  [passA] 698500/803521 tos=0 (638s)
  [passA] 699000/803521 tos=0 (638s)
  [passA] 699500/803521 tos=0 (638s)
  [passA] 700000/803521 tos=0 (638s)
  [passA] 700500/803521 tos=0 (638s)
  [passA] 701000/803521 tos=0 (638s)
  [passA] 701500/803521 tos=0 (638s)
  [passA] 702000/803521 tos=0 (638s)
  [passA] 702500/803521 tos=0 (638s)
  [passA] 703000/803521 tos=0 (638s)
  [passA] 703500/803521 tos=0 (638s)
  [passA] 704000/803521 tos=0 (638s)
  [passA] 704500/803521 tos=0 (638s)
  [passA] 705000/803521 tos=0 (638s)
  [passA] 705500/803521 tos=0 (638s)
  [passA] 706000/803521 tos=0 (638s)
  [passA] 706500/803521 tos=0 (638s)
  [passA] 707000/803521 tos=0 (638s)
  [passA] 707500/803521 tos=0 (638s)
  [passA] 708000/803521 tos=0 (638s)
  [passA] 708500/803521 tos=0 (638s)
  [passA] 709000/803521 tos=0 (638s)
  [passA] 709500/803521 tos=0 (638s)
  [passA] 710000/803521 tos=0 (638s)
  [passA] 710500/803521 tos=0 (638s)
  [passA] 711000/803521 tos=0 (638s)
  [passA] 711500/803521 tos=0 (638s)
  [passA] 712000/803521 tos=0 (638s)
  [passA] 712500/803521 tos=0 (638s)
  [passA] 713000/803521 tos=0 (638s)
  [passA] 713500/803521 tos=0 (638s)
  [passA] 714000/803521 tos=0 (638s)
  [passA] 714500/803521 tos=0 (638s)
  [passA] 715000/803521 tos=0 (639s)
  [passA] 715500/803521 tos=0 (639s)
  [passA] 716000/803521 tos=0 (639s)
  [passA] 716500/803521 tos=0 (639s)
  [passA] 717000/803521 tos=0 (639s)
  [passA] 717500/803521 tos=0 (639s)
  [passA] 718000/803521 tos=0 (639s)
  [passA] 718500/803521 tos=0 (639s)
  [passA] 719000/803521 tos=0 (639s)
  [passA] 719500/803521 tos=0 (639s)
  [passA] 720000/803521 tos=0 (639s)
  [passA] 720500/803521 tos=0 (639s)
  [passA] 721000/803521 tos=0 (639s)
  [passA] 721500/803521 tos=0 (639s)
  [passA] 722000/803521 tos=0 (639s)
  [passA] 722500/803521 tos=0 (639s)
  [passA] 723000/803521 tos=0 (639s)
  [passA] 723500/803521 tos=0 (639s)
  [passA] 724000/803521 tos=0 (639s)
  [passA] 724500/803521 tos=0 (639s)
  [passA] 725000/803521 tos=0 (639s)
  [passA] 725500/803521 tos=0 (639s)
  [passA] 726000/803521 tos=0 (639s)
  [passA] 726500/803521 tos=0 (639s)
  [passA] 727000/803521 tos=0 (639s)
  [passA] 727500/803521 tos=0 (639s)
  [passA] 728000/803521 tos=0 (639s)
  [passA] 728500/803521 tos=0 (639s)
  [passA] 729000/803521 tos=0 (639s)
  [passA] 729500/803521 tos=0 (639s)
  [passA] 730000/803521 tos=0 (639s)
  [passA] 730500/803521 tos=0 (639s)
  [passA] 731000/803521 tos=0 (639s)
  [passA] 731500/803521 tos=0 (639s)
  [passA] 732000/803521 tos=0 (639s)
  [passA] 732500/803521 tos=0 (639s)
  [passA] 733000/803521 tos=0 (639s)
  [passA] 733500/803521 tos=0 (639s)
  [passA] 734000/803521 tos=0 (639s)
  [passA] 734500/803521 tos=0 (639s)
  [passA] 735000/803521 tos=0 (639s)
  [passA] 735500/803521 tos=0 (639s)
  [passA] 736000/803521 tos=0 (639s)
  [passA] 736500/803521 tos=0 (639s)
  [passA] 737000/803521 tos=0 (639s)
  [passA] 737500/803521 tos=0 (639s)
  [passA] 738000/803521 tos=0 (639s)
  [passA] 738500/803521 tos=0 (639s)
  [passA] 739000/803521 tos=0 (639s)
  [passA] 739500/803521 tos=0 (639s)
  [passA] 740000/803521 tos=0 (639s)
  [passA] 740500/803521 tos=0 (639s)
  [passA] 741000/803521 tos=0 (639s)
  [passA] 741500/803521 tos=0 (639s)
  [passA] 742000/803521 tos=0 (639s)
  [passA] 742500/803521 tos=0 (639s)
  [passA] 743000/803521 tos=0 (639s)
  [passA] 743500/803521 tos=0 (639s)
  [passA] 744000/803521 tos=0 (639s)
  [passA] 744500/803521 tos=0 (640s)
  [passA] 745000/803521 tos=0 (640s)
  [passA] 745500/803521 tos=0 (640s)
  [passA] 746000/803521 tos=0 (640s)
  [passA] 746500/803521 tos=0 (640s)
  [passA] 747000/803521 tos=0 (640s)
  [passA] 747500/803521 tos=0 (640s)
  [passA] 748000/803521 tos=0 (640s)
  [passA] 748500/803521 tos=0 (640s)
  [passA] 749000/803521 tos=0 (640s)
  [passA] 749500/803521 tos=0 (640s)
  [passA] 750000/803521 tos=0 (640s)
  [passA] 750500/803521 tos=0 (640s)
  [passA] 751000/803521 tos=0 (640s)
  [passA] 751500/803521 tos=0 (640s)
  [passA] 752000/803521 tos=0 (640s)
  [passA] 752500/803521 tos=0 (640s)
  [passA] 753000/803521 tos=0 (640s)
  [passA] 753500/803521 tos=0 (640s)
  [passA] 754000/803521 tos=0 (640s)
  [passA] 754500/803521 tos=0 (640s)
  [passA] 755000/803521 tos=0 (640s)
  [passA] 755500/803521 tos=0 (640s)
  [passA] 756000/803521 tos=0 (640s)
  [passA] 756500/803521 tos=0 (640s)
  [passA] 757000/803521 tos=0 (640s)
  [passA] 757500/803521 tos=0 (640s)
  [passA] 758000/803521 tos=0 (640s)
  [passA] 758500/803521 tos=0 (640s)
  [passA] 759000/803521 tos=0 (640s)
  [passA] 759500/803521 tos=0 (640s)
  [passA] 760000/803521 tos=0 (640s)
  [passA] 760500/803521 tos=0 (640s)
  [passA] 761000/803521 tos=0 (640s)
  [passA] 761500/803521 tos=0 (640s)
  [passA] 762000/803521 tos=0 (640s)
  [passA] 762500/803521 tos=0 (640s)
  [passA] 763000/803521 tos=0 (640s)
  [passA] 763500/803521 tos=0 (640s)
  [passA] 764000/803521 tos=0 (640s)
  [passA] 764500/803521 tos=0 (640s)
  [passA] 765000/803521 tos=0 (640s)
  [passA] 765500/803521 tos=0 (640s)
  [passA] 766000/803521 tos=0 (640s)
  [passA] 766500/803521 tos=0 (640s)
  [passA] 767000/803521 tos=0 (640s)
  [passA] 767500/803521 tos=0 (640s)
  [passA] 768000/803521 tos=0 (640s)
  [passA] 768500/803521 tos=0 (640s)
  [passA] 769000/803521 tos=0 (640s)
  [passA] 769500/803521 tos=0 (640s)
  [passA] 770000/803521 tos=0 (640s)
  [passA] 770500/803521 tos=0 (640s)
  [passA] 771000/803521 tos=0 (640s)
  [passA] 771500/803521 tos=0 (640s)
  [passA] 772000/803521 tos=0 (640s)
  [passA] 772500/803521 tos=0 (641s)
  [passA] 773000/803521 tos=0 (641s)
  [passA] 773500/803521 tos=0 (641s)
  [passA] 774000/803521 tos=0 (641s)
  [passA] 774500/803521 tos=0 (641s)
  [passA] 775000/803521 tos=0 (641s)
  [passA] 775500/803521 tos=0 (641s)
  [passA] 776000/803521 tos=0 (641s)
  [passA] 776500/803521 tos=0 (641s)
  [passA] 777000/803521 tos=0 (641s)
  [passA] 777500/803521 tos=0 (641s)
  [passA] 778000/803521 tos=0 (641s)
  [passA] 778500/803521 tos=0 (641s)
  [passA] 779000/803521 tos=0 (641s)
  [passA] 779500/803521 tos=0 (641s)
  [passA] 780000/803521 tos=0 (641s)
  [passA] 780500/803521 tos=0 (641s)
  [passA] 781000/803521 tos=0 (641s)
  [passA] 781500/803521 tos=0 (641s)
  [passA] 782000/803521 tos=0 (641s)
  [passA] 782500/803521 tos=0 (641s)
  [passA] 783000/803521 tos=0 (641s)
  [passA] 783500/803521 tos=0 (641s)
  [passA] 784000/803521 tos=0 (641s)
  [passA] 784500/803521 tos=0 (641s)
  [passA] 785000/803521 tos=0 (641s)
  [passA] 785500/803521 tos=0 (641s)
  [passA] 786000/803521 tos=0 (641s)
  [passA] 786500/803521 tos=0 (641s)
  [passA] 787000/803521 tos=0 (641s)
  [passA] 787500/803521 tos=0 (641s)
  [passA] 788000/803521 tos=0 (641s)
  [passA] 788500/803521 tos=0 (641s)
  [passA] 789000/803521 tos=0 (641s)
  [passA] 789500/803521 tos=0 (641s)
  [passA] 790000/803521 tos=0 (641s)
  [passA] 790500/803521 tos=0 (641s)
  [passA] 791000/803521 tos=0 (641s)
  [passA] 791500/803521 tos=0 (641s)
  [passA] 792000/803521 tos=0 (641s)
  [passA] 792500/803521 tos=0 (641s)
  [passA] 793000/803521 tos=0 (641s)
  [passA] 793500/803521 tos=0 (641s)
  [passA] 794000/803521 tos=0 (641s)
  [passA] 794500/803521 tos=0 (641s)
  [passA] 795000/803521 tos=0 (641s)
  [passA] 795500/803521 tos=0 (641s)
  [passA] 796000/803521 tos=0 (641s)
  [passA] 796500/803521 tos=0 (641s)
  [passA] 797000/803521 tos=0 (641s)
  [passA] 797500/803521 tos=0 (641s)
  [passA] 798000/803521 tos=0 (641s)
  [passA] 798500/803521 tos=0 (641s)
  [passA] 799000/803521 tos=0 (641s)
  [passA] 799500/803521 tos=0 (641s)
  [passA] 800000/803521 tos=0 (641s)
  [passA] 800021/803521 tos=0 (641s)
  [passA] 800521/803521 tos=0 (641s)
  [passA] 801021/803521 tos=0 (642s)
  [passA] 801521/803521 tos=0 (642s)
  [passA] 802021/803521 tos=0 (642s)
  [passA] 802521/803521 tos=0 (642s)
  [passA] 803021/803521 tos=0 (642s)
  [passA] 803521/803521 tos=0 (642s)
  [passB] knapsack bound on 0 survivors
  [passB] knap-cut=0, residue=0 (642s)
DONE in 642s.  refuted=0
ledger: /home/bob/programming/scrabble4/experiments/results/certs/global_typosquatte/ledger.json
verdicts: /home/bob/programming/scrabble4/experiments/results/certs/global_typosquatte/verdicts.jsonl
Now run:  check /home/bob/programming/scrabble4/experiments/results/certs/global_typosquatte/ledger.json
